-- Logs begin at Fri 2018-03-23 17:40:23 UTC, end at Fri 2018-03-23 17:52:53 UTC. --
Mar 23 17:40:23 localhost systemd-journal[72]: Runtime journal is using 8.0M (max allowed 150.3M, trying to leave 225.5M free of 1.4G available â†’ current limit 150.3M).
Mar 23 17:40:23 localhost kernel: Initializing cgroup subsys cpuset
Mar 23 17:40:23 localhost kernel: Initializing cgroup subsys cpu
Mar 23 17:40:23 localhost kernel: Initializing cgroup subsys cpuacct
Mar 23 17:40:23 localhost kernel: Linux version 3.10.0-862.el7.x86_64 (mockbuild@x86-034.build.eng.bos.redhat.com) (gcc version 4.8.5 20150623 (Red Hat 4.8.5-28) (GCC) ) #1 SMP Wed Mar 21 18:14:51 EDT 2018
Mar 23 17:40:23 localhost kernel: Command line: method=http://download-node-02.eng.bos.redhat.com/rel-eng/RHEL-7.5-RC-1.3/compose/Server/x86_64/os/ ks=file:/ks.cfg
Mar 23 17:40:23 localhost kernel: e820: BIOS-provided physical RAM map:
Mar 23 17:40:23 localhost kernel: BIOS-e820: [mem 0x0000000000000000-0x000000000009fbff] usable
Mar 23 17:40:23 localhost kernel: BIOS-e820: [mem 0x000000000009fc00-0x000000000009ffff] reserved
Mar 23 17:40:23 localhost kernel: BIOS-e820: [mem 0x00000000000f0000-0x00000000000fffff] reserved
Mar 23 17:40:23 localhost kernel: BIOS-e820: [mem 0x0000000000100000-0x00000000bffdbfff] usable
Mar 23 17:40:23 localhost kernel: BIOS-e820: [mem 0x00000000bffdc000-0x00000000bfffffff] reserved
Mar 23 17:40:23 localhost kernel: BIOS-e820: [mem 0x00000000feffc000-0x00000000feffffff] reserved
Mar 23 17:40:23 localhost kernel: BIOS-e820: [mem 0x00000000fffc0000-0x00000000ffffffff] reserved
Mar 23 17:40:23 localhost kernel: NX (Execute Disable) protection: active
Mar 23 17:40:23 localhost kernel: SMBIOS 2.8 present.
Mar 23 17:40:23 localhost kernel: DMI: Red Hat KVM, BIOS 1.10.2-3.el7_4.1 04/01/2014
Mar 23 17:40:23 localhost kernel: Hypervisor detected: KVM
Mar 23 17:40:23 localhost kernel: e820: update [mem 0x00000000-0x00000fff] usable ==> reserved
Mar 23 17:40:23 localhost kernel: e820: remove [mem 0x000a0000-0x000fffff] usable
Mar 23 17:40:23 localhost kernel: e820: last_pfn = 0xbffdc max_arch_pfn = 0x400000000
Mar 23 17:40:23 localhost kernel: MTRR default type: write-back
Mar 23 17:40:23 localhost kernel: MTRR fixed ranges enabled:
Mar 23 17:40:23 localhost kernel:   00000-9FFFF write-back
Mar 23 17:40:23 localhost kernel:   A0000-BFFFF uncachable
Mar 23 17:40:23 localhost kernel:   C0000-FFFFF write-protect
Mar 23 17:40:23 localhost kernel: MTRR variable ranges enabled:
Mar 23 17:40:23 localhost kernel:   0 base 0000C0000000 mask 3FFFC0000000 uncachable
Mar 23 17:40:23 localhost kernel:   1 disabled
Mar 23 17:40:23 localhost kernel:   2 disabled
Mar 23 17:40:23 localhost kernel:   3 disabled
Mar 23 17:40:23 localhost kernel:   4 disabled
Mar 23 17:40:23 localhost kernel:   5 disabled
Mar 23 17:40:23 localhost kernel:   6 disabled
Mar 23 17:40:23 localhost kernel:   7 disabled
Mar 23 17:40:23 localhost kernel: PAT not supported by CPU.
Mar 23 17:40:23 localhost kernel: found SMP MP-table at [mem 0x000f72f0-0x000f72ff] mapped at [ffffffffff2002f0]
Mar 23 17:40:23 localhost kernel: Base memory trampoline at [ffff9abbc0099000] 99000 size 24576
Mar 23 17:40:23 localhost kernel: BRK [0x6ac2e000, 0x6ac2efff] PGTABLE
Mar 23 17:40:23 localhost kernel: BRK [0x6ac2f000, 0x6ac2ffff] PGTABLE
Mar 23 17:40:23 localhost kernel: BRK [0x6ac30000, 0x6ac30fff] PGTABLE
Mar 23 17:40:23 localhost kernel: BRK [0x6ac31000, 0x6ac31fff] PGTABLE
Mar 23 17:40:23 localhost kernel: BRK [0x6ac32000, 0x6ac32fff] PGTABLE
Mar 23 17:40:23 localhost kernel: BRK [0x6ac33000, 0x6ac33fff] PGTABLE
Mar 23 17:40:23 localhost kernel: RAMDISK: [mem 0x7cbff000-0x7fffffff]
Mar 23 17:40:23 localhost kernel: Early table checksum verification disabled
Mar 23 17:40:23 localhost kernel: ACPI: RSDP 00000000000f70d0 00014 (v00 BOCHS )
Mar 23 17:40:23 localhost kernel: ACPI: RSDT 00000000bffe169c 00030 (v01 BOCHS  BXPCRSDT 00000001 BXPC 00000001)
Mar 23 17:40:23 localhost kernel: ACPI: FACP 00000000bffe0c14 00074 (v01 BOCHS  BXPCFACP 00000001 BXPC 00000001)
Mar 23 17:40:23 localhost kernel: ACPI: DSDT 00000000bffe0040 00BD4 (v01 BOCHS  BXPCDSDT 00000001 BXPC 00000001)
Mar 23 17:40:23 localhost kernel: ACPI: FACS 00000000bffe0000 00040
Mar 23 17:40:23 localhost kernel: ACPI: SSDT 00000000bffe0c88 0099C (v01 BOCHS  BXPCSSDT 00000001 BXPC 00000001)
Mar 23 17:40:23 localhost kernel: ACPI: APIC 00000000bffe1624 00078 (v01 BOCHS  BXPCAPIC 00000001 BXPC 00000001)
Mar 23 17:40:23 localhost kernel: ACPI: Local APIC address 0xfee00000
Mar 23 17:40:23 localhost kernel: No NUMA configuration found
Mar 23 17:40:23 localhost kernel: Faking a node at [mem 0x0000000000000000-0x00000000bffdbfff]
Mar 23 17:40:23 localhost kernel: NODE_DATA(0) allocated [mem 0xbffb5000-0xbffdbfff]
Mar 23 17:40:23 localhost kernel: kvm-clock: Using msrs 4b564d01 and 4b564d00
Mar 23 17:40:23 localhost kernel: kvm-clock: cpu 0, msr 0:bff65001, primary cpu clock
Mar 23 17:40:23 localhost kernel: kvm-clock: using sched offset of 6263200521 cycles
Mar 23 17:40:23 localhost kernel: Zone ranges:
Mar 23 17:40:23 localhost kernel:   DMA      [mem 0x00001000-0x00ffffff]
Mar 23 17:40:23 localhost kernel:   DMA32    [mem 0x01000000-0xffffffff]
Mar 23 17:40:23 localhost kernel:   Normal   empty
Mar 23 17:40:23 localhost kernel: Movable zone start for each node
Mar 23 17:40:23 localhost kernel: Early memory node ranges
Mar 23 17:40:23 localhost kernel:   node   0: [mem 0x00001000-0x0009efff]
Mar 23 17:40:23 localhost kernel:   node   0: [mem 0x00100000-0xbffdbfff]
Mar 23 17:40:23 localhost kernel: Initmem setup node 0 [mem 0x00001000-0xbffdbfff]
Mar 23 17:40:23 localhost kernel: On node 0 totalpages: 786298
Mar 23 17:40:23 localhost kernel:   DMA zone: 64 pages used for memmap
Mar 23 17:40:23 localhost kernel:   DMA zone: 21 pages reserved
Mar 23 17:40:23 localhost kernel:   DMA zone: 3998 pages, LIFO batch:0
Mar 23 17:40:23 localhost kernel:   DMA32 zone: 12224 pages used for memmap
Mar 23 17:40:23 localhost kernel:   DMA32 zone: 782300 pages, LIFO batch:31
Mar 23 17:40:23 localhost kernel: ACPI: PM-Timer IO Port: 0x608
Mar 23 17:40:23 localhost kernel: ACPI: Local APIC address 0xfee00000
Mar 23 17:40:23 localhost kernel: ACPI: LAPIC (acpi_id[0x00] lapic_id[0x00] enabled)
Mar 23 17:40:23 localhost kernel: ACPI: LAPIC_NMI (acpi_id[0xff] dfl dfl lint[0x1])
Mar 23 17:40:23 localhost kernel: ACPI: IOAPIC (id[0x00] address[0xfec00000] gsi_base[0])
Mar 23 17:40:23 localhost kernel: IOAPIC[0]: apic_id 0, version 17, address 0xfec00000, GSI 0-23
Mar 23 17:40:23 localhost kernel: ACPI: INT_SRC_OVR (bus 0 bus_irq 0 global_irq 2 dfl dfl)
Mar 23 17:40:23 localhost kernel: ACPI: INT_SRC_OVR (bus 0 bus_irq 5 global_irq 5 high level)
Mar 23 17:40:23 localhost kernel: ACPI: INT_SRC_OVR (bus 0 bus_irq 9 global_irq 9 high level)
Mar 23 17:40:23 localhost kernel: ACPI: INT_SRC_OVR (bus 0 bus_irq 10 global_irq 10 high level)
Mar 23 17:40:23 localhost kernel: ACPI: INT_SRC_OVR (bus 0 bus_irq 11 global_irq 11 high level)
Mar 23 17:40:23 localhost kernel: ACPI: IRQ0 used by override.
Mar 23 17:40:23 localhost kernel: ACPI: IRQ5 used by override.
Mar 23 17:40:23 localhost kernel: ACPI: IRQ9 used by override.
Mar 23 17:40:23 localhost kernel: ACPI: IRQ10 used by override.
Mar 23 17:40:23 localhost kernel: ACPI: IRQ11 used by override.
Mar 23 17:40:23 localhost kernel: Using ACPI (MADT) for SMP configuration information
Mar 23 17:40:23 localhost kernel: smpboot: Allowing 1 CPUs, 0 hotplug CPUs
Mar 23 17:40:23 localhost kernel: PM: Registered nosave memory: [mem 0x0009f000-0x0009ffff]
Mar 23 17:40:23 localhost kernel: PM: Registered nosave memory: [mem 0x000a0000-0x000effff]
Mar 23 17:40:23 localhost kernel: PM: Registered nosave memory: [mem 0x000f0000-0x000fffff]
Mar 23 17:40:23 localhost kernel: e820: [mem 0xc0000000-0xfeffbfff] available for PCI devices
Mar 23 17:40:23 localhost kernel: Booting paravirtualized kernel on KVM
Mar 23 17:40:23 localhost kernel: setup_percpu: NR_CPUS:5120 nr_cpumask_bits:1 nr_cpu_ids:1 nr_node_ids:1
Mar 23 17:40:23 localhost kernel: PERCPU: Embedded 35 pages/cpu @ffff9abc7fa00000 s104856 r8192 d30312 u2097152
Mar 23 17:40:23 localhost kernel: pcpu-alloc: s104856 r8192 d30312 u2097152 alloc=1*2097152
Mar 23 17:40:23 localhost kernel: pcpu-alloc: [0] 0 
Mar 23 17:40:23 localhost kernel: KVM setup async PF for cpu 0
Mar 23 17:40:23 localhost kernel: kvm-stealtime: cpu 0, msr bfa134c0
Mar 23 17:40:23 localhost kernel: PV qspinlock hash table entries: 256 (order: 0, 4096 bytes)
Mar 23 17:40:23 localhost kernel: Built 1 zonelists in Node order, mobility grouping on.  Total pages: 773989
Mar 23 17:40:23 localhost kernel: Policy zone: DMA32
Mar 23 17:40:23 localhost kernel: Kernel command line: method=http://download-node-02.eng.bos.redhat.com/rel-eng/RHEL-7.5-RC-1.3/compose/Server/x86_64/os/ ks=file:/ks.cfg
Mar 23 17:40:23 localhost kernel: PID hash table entries: 4096 (order: 3, 32768 bytes)
Mar 23 17:40:23 localhost kernel: Memory: 2155832k/3145584k available (7324k kernel code, 392k absent, 122028k reserved, 6305k data, 1832k init)
Mar 23 17:40:23 localhost kernel: SLUB: HWalign=64, Order=0-3, MinObjects=0, CPUs=1, Nodes=1
Mar 23 17:40:23 localhost kernel: x86/pti: Unmapping kernel while in userspace
Mar 23 17:40:23 localhost kernel: Hierarchical RCU implementation.
Mar 23 17:40:23 localhost kernel:         RCU restricting CPUs from NR_CPUS=5120 to nr_cpu_ids=1.
Mar 23 17:40:23 localhost kernel: NR_IRQS:327936 nr_irqs:256 0
Mar 23 17:40:23 localhost kernel: Console: colour VGA+ 80x25
Mar 23 17:40:23 localhost kernel: console [tty0] enabled
Mar 23 17:40:23 localhost kernel: allocated 12582912 bytes of page_cgroup
Mar 23 17:40:23 localhost kernel: please try 'cgroup_disable=memory' option if you don't want memory cgroups
Mar 23 17:40:23 localhost kernel: tsc: Detected 2399.998 MHz processor
Mar 23 17:40:23 localhost kernel: Calibrating delay loop (skipped) preset value.. 4799.99 BogoMIPS (lpj=2399998)
Mar 23 17:40:23 localhost kernel: pid_max: default: 32768 minimum: 301
Mar 23 17:40:23 localhost kernel: Security Framework initialized
Mar 23 17:40:23 localhost kernel: SELinux:  Initializing.
Mar 23 17:40:23 localhost kernel: SELinux:  Starting in permissive mode
Mar 23 17:40:23 localhost kernel: Yama: becoming mindful.
Mar 23 17:40:23 localhost kernel: Dentry cache hash table entries: 524288 (order: 10, 4194304 bytes)
Mar 23 17:40:23 localhost kernel: Inode-cache hash table entries: 262144 (order: 9, 2097152 bytes)
Mar 23 17:40:23 localhost kernel: Mount-cache hash table entries: 8192 (order: 4, 65536 bytes)
Mar 23 17:40:23 localhost kernel: Mountpoint-cache hash table entries: 8192 (order: 4, 65536 bytes)
Mar 23 17:40:23 localhost kernel: Initializing cgroup subsys memory
Mar 23 17:40:23 localhost kernel: Initializing cgroup subsys devices
Mar 23 17:40:23 localhost kernel: Initializing cgroup subsys freezer
Mar 23 17:40:23 localhost kernel: Initializing cgroup subsys net_cls
Mar 23 17:40:23 localhost kernel: Initializing cgroup subsys blkio
Mar 23 17:40:23 localhost kernel: Initializing cgroup subsys perf_event
Mar 23 17:40:23 localhost kernel: Initializing cgroup subsys hugetlb
Mar 23 17:40:23 localhost kernel: Initializing cgroup subsys pids
Mar 23 17:40:23 localhost kernel: Initializing cgroup subsys net_prio
Mar 23 17:40:23 localhost kernel: mce: CPU supports 10 MCE banks
Mar 23 17:40:23 localhost kernel: Last level iTLB entries: 4KB 0, 2MB 0, 4MB 0
Mar 23 17:40:23 localhost kernel: Last level dTLB entries: 4KB 0, 2MB 0, 4MB 0
Mar 23 17:40:23 localhost kernel: tlb_flushall_shift: 6
Mar 23 17:40:23 localhost kernel: FEATURE SPEC_CTRL Not Present
Mar 23 17:40:23 localhost kernel: FEATURE IBPB_SUPPORT Not Present
Mar 23 17:40:23 localhost kernel: Spectre V2 : Vulnerable: Retpoline without IBPB
Mar 23 17:40:23 localhost kernel: Freeing SMP alternatives: 24k freed
Mar 23 17:40:23 localhost kernel: ACPI: Core revision 20130517
Mar 23 17:40:23 localhost kernel: ACPI: All ACPI Tables successfully acquired
Mar 23 17:40:23 localhost kernel: ftrace: allocating 28047 entries in 110 pages
Mar 23 17:40:23 localhost kernel: Enabling x2apic
Mar 23 17:40:23 localhost kernel: Enabled x2apic
Mar 23 17:40:23 localhost kernel: Switched APIC routing to physical x2apic.
Mar 23 17:40:23 localhost kernel: ..TIMER: vector=0x30 apic1=0 pin1=2 apic2=-1 pin2=-1
Mar 23 17:40:23 localhost kernel: smpboot: CPU0: Intel QEMU Virtual CPU version 2.3.0 (fam: 06, model: 0d, stepping: 03)
Mar 23 17:40:23 localhost kernel: Performance Events: Broken PMU hardware detected, using software events only.
Mar 23 17:40:23 localhost kernel: Failed to access perfctr msr (MSR c2 is 0)
Mar 23 17:40:23 localhost kernel: KVM setup paravirtual spinlock
Mar 23 17:40:23 localhost kernel: Brought up 1 CPUs
Mar 23 17:40:23 localhost kernel: smpboot: Max logical packages: 1
Mar 23 17:40:23 localhost kernel: smpboot: Total of 1 processors activated (4799.99 BogoMIPS)
Mar 23 17:40:23 localhost kernel: node 0 initialised, 216833 pages in 5ms
Mar 23 17:40:23 localhost kernel: devtmpfs: initialized
Mar 23 17:40:23 localhost kernel: EVM: security.selinux
Mar 23 17:40:23 localhost kernel: EVM: security.ima
Mar 23 17:40:23 localhost kernel: EVM: security.capability
Mar 23 17:40:23 localhost kernel: atomic64 test passed for x86-64 platform with CX8 and with SSE
Mar 23 17:40:23 localhost kernel: pinctrl core: initialized pinctrl subsystem
Mar 23 17:40:23 localhost kernel: RTC time: 17:40:17, date: 03/23/18
Mar 23 17:40:23 localhost kernel: NET: Registered protocol family 16
Mar 23 17:40:23 localhost kernel: ACPI: bus type PCI registered
Mar 23 17:40:23 localhost kernel: acpiphp: ACPI Hot Plug PCI Controller Driver version: 0.5
Mar 23 17:40:23 localhost kernel: PCI: Using configuration type 1 for base access
Mar 23 17:40:23 localhost kernel: ACPI: Added _OSI(Module Device)
Mar 23 17:40:23 localhost kernel: ACPI: Added _OSI(Processor Device)
Mar 23 17:40:23 localhost kernel: ACPI: Added _OSI(3.0 _SCP Extensions)
Mar 23 17:40:23 localhost kernel: ACPI: Added _OSI(Processor Aggregator Device)
Mar 23 17:40:23 localhost kernel: ACPI: EC: Look up EC in DSDT
Mar 23 17:40:23 localhost kernel: ACPI: Interpreter enabled
Mar 23 17:40:23 localhost kernel: ACPI: (supports S0 S5)
Mar 23 17:40:23 localhost kernel: ACPI: Using IOAPIC for interrupt routing
Mar 23 17:40:23 localhost kernel: PCI: Using host bridge windows from ACPI; if necessary, use "pci=nocrs" and report a bug
Mar 23 17:40:23 localhost kernel: ACPI: Enabled 16 GPEs in block 00 to 0F
Mar 23 17:40:23 localhost kernel: ACPI: PCI Root Bridge [PCI0] (domain 0000 [bus 00-ff])
Mar 23 17:40:23 localhost kernel: acpi PNP0A03:00: _OSC: OS supports [ASPM ClockPM Segments MSI]
Mar 23 17:40:23 localhost kernel: acpi PNP0A03:00: _OSC failed (AE_NOT_FOUND); disabling ASPM
Mar 23 17:40:23 localhost kernel: acpi PNP0A03:00: fail to add MMCONFIG information, can't access extended PCI configuration space under this bridge.
Mar 23 17:40:23 localhost kernel: acpiphp: Slot [3] registered
Mar 23 17:40:23 localhost kernel: acpiphp: Slot [4] registered
Mar 23 17:40:23 localhost kernel: acpiphp: Slot [5] registered
Mar 23 17:40:23 localhost kernel: acpiphp: Slot [6] registered
Mar 23 17:40:23 localhost kernel: acpiphp: Slot [7] registered
Mar 23 17:40:23 localhost kernel: acpiphp: Slot [8] registered
Mar 23 17:40:23 localhost kernel: acpiphp: Slot [9] registered
Mar 23 17:40:23 localhost kernel: acpiphp: Slot [10] registered
Mar 23 17:40:23 localhost kernel: acpiphp: Slot [11] registered
Mar 23 17:40:23 localhost kernel: acpiphp: Slot [12] registered
Mar 23 17:40:23 localhost kernel: acpiphp: Slot [13] registered
Mar 23 17:40:23 localhost kernel: acpiphp: Slot [14] registered
Mar 23 17:40:23 localhost kernel: acpiphp: Slot [15] registered
Mar 23 17:40:23 localhost kernel: acpiphp: Slot [16] registered
Mar 23 17:40:23 localhost kernel: acpiphp: Slot [17] registered
Mar 23 17:40:23 localhost kernel: acpiphp: Slot [18] registered
Mar 23 17:40:23 localhost kernel: acpiphp: Slot [19] registered
Mar 23 17:40:23 localhost kernel: acpiphp: Slot [20] registered
Mar 23 17:40:23 localhost kernel: acpiphp: Slot [21] registered
Mar 23 17:40:23 localhost kernel: acpiphp: Slot [22] registered
Mar 23 17:40:23 localhost kernel: acpiphp: Slot [23] registered
Mar 23 17:40:23 localhost kernel: acpiphp: Slot [24] registered
Mar 23 17:40:23 localhost kernel: acpiphp: Slot [25] registered
Mar 23 17:40:23 localhost kernel: acpiphp: Slot [26] registered
Mar 23 17:40:23 localhost kernel: acpiphp: Slot [27] registered
Mar 23 17:40:23 localhost kernel: acpiphp: Slot [28] registered
Mar 23 17:40:23 localhost kernel: acpiphp: Slot [29] registered
Mar 23 17:40:23 localhost kernel: acpiphp: Slot [30] registered
Mar 23 17:40:23 localhost kernel: acpiphp: Slot [31] registered
Mar 23 17:40:23 localhost kernel: PCI host bridge to bus 0000:00
Mar 23 17:40:23 localhost kernel: pci_bus 0000:00: root bus resource [bus 00-ff]
Mar 23 17:40:23 localhost kernel: pci_bus 0000:00: root bus resource [io  0x0000-0x0cf7 window]
Mar 23 17:40:23 localhost kernel: pci_bus 0000:00: root bus resource [io  0x0d00-0xffff window]
Mar 23 17:40:23 localhost kernel: pci_bus 0000:00: root bus resource [mem 0x000a0000-0x000bffff window]
Mar 23 17:40:23 localhost kernel: pci_bus 0000:00: root bus resource [mem 0xc0000000-0xfebfffff window]
Mar 23 17:40:23 localhost kernel: pci 0000:00:00.0: [8086:1237] type 00 class 0x060000
Mar 23 17:40:23 localhost kernel: pci 0000:00:01.0: [8086:7000] type 00 class 0x060100
Mar 23 17:40:23 localhost kernel: pci 0000:00:01.1: [8086:7010] type 00 class 0x010180
Mar 23 17:40:23 localhost kernel: pci 0000:00:01.1: reg 0x20: [io  0xc0a0-0xc0af]
Mar 23 17:40:23 localhost kernel: pci 0000:00:01.1: legacy IDE quirk: reg 0x10: [io  0x01f0-0x01f7]
Mar 23 17:40:23 localhost kernel: pci 0000:00:01.1: legacy IDE quirk: reg 0x14: [io  0x03f6]
Mar 23 17:40:23 localhost kernel: pci 0000:00:01.1: legacy IDE quirk: reg 0x18: [io  0x0170-0x0177]
Mar 23 17:40:23 localhost kernel: pci 0000:00:01.1: legacy IDE quirk: reg 0x1c: [io  0x0376]
Mar 23 17:40:23 localhost kernel: pci 0000:00:01.2: [8086:7020] type 00 class 0x0c0300
Mar 23 17:40:23 localhost kernel: pci 0000:00:01.2: reg 0x20: [io  0xc040-0xc05f]
Mar 23 17:40:23 localhost kernel: pci 0000:00:01.3: [8086:7113] type 00 class 0x068000
Mar 23 17:40:23 localhost kernel: pci 0000:00:01.3: quirk: [io  0x0600-0x063f] claimed by PIIX4 ACPI
Mar 23 17:40:23 localhost kernel: pci 0000:00:01.3: quirk: [io  0x0700-0x070f] claimed by PIIX4 SMB
Mar 23 17:40:23 localhost kernel: pci 0000:00:02.0: [1013:00b8] type 00 class 0x030000
Mar 23 17:40:23 localhost kernel: pci 0000:00:02.0: reg 0x10: [mem 0xfc000000-0xfdffffff pref]
Mar 23 17:40:23 localhost kernel: pci 0000:00:02.0: reg 0x14: [mem 0xfebd0000-0xfebd0fff]
Mar 23 17:40:23 localhost kernel: pci 0000:00:02.0: reg 0x30: [mem 0xfebc0000-0xfebcffff pref]
Mar 23 17:40:23 localhost kernel: pci 0000:00:03.0: [1af4:1000] type 00 class 0x020000
Mar 23 17:40:23 localhost kernel: pci 0000:00:03.0: reg 0x10: [io  0xc060-0xc07f]
Mar 23 17:40:23 localhost kernel: pci 0000:00:03.0: reg 0x14: [mem 0xfebd1000-0xfebd1fff]
Mar 23 17:40:23 localhost kernel: pci 0000:00:03.0: reg 0x30: [mem 0xfeb80000-0xfebbffff pref]
Mar 23 17:40:23 localhost kernel: pci 0000:00:04.0: [1af4:1001] type 00 class 0x010000
Mar 23 17:40:23 localhost kernel: pci 0000:00:04.0: reg 0x10: [io  0xc000-0xc03f]
Mar 23 17:40:23 localhost kernel: pci 0000:00:04.0: reg 0x14: [mem 0xfebd2000-0xfebd2fff]
Mar 23 17:40:23 localhost kernel: pci 0000:00:05.0: [1af4:1002] type 00 class 0x00ff00
Mar 23 17:40:23 localhost kernel: pci 0000:00:05.0: reg 0x10: [io  0xc080-0xc09f]
Mar 23 17:40:23 localhost kernel: ACPI: PCI Interrupt Link [LNKA] (IRQs 5 *10 11)
Mar 23 17:40:23 localhost kernel: ACPI: PCI Interrupt Link [LNKB] (IRQs 5 *10 11)
Mar 23 17:40:23 localhost kernel: ACPI: PCI Interrupt Link [LNKC] (IRQs 5 10 *11)
Mar 23 17:40:23 localhost kernel: ACPI: PCI Interrupt Link [LNKD] (IRQs 5 10 *11)
Mar 23 17:40:23 localhost kernel: ACPI: PCI Interrupt Link [LNKS] (IRQs *9)
Mar 23 17:40:23 localhost kernel: vgaarb: device added: PCI:0000:00:02.0,decodes=io+mem,owns=io+mem,locks=none
Mar 23 17:40:23 localhost kernel: vgaarb: loaded
Mar 23 17:40:23 localhost kernel: vgaarb: bridge control possible 0000:00:02.0
Mar 23 17:40:23 localhost kernel: SCSI subsystem initialized
Mar 23 17:40:23 localhost kernel: ACPI: bus type USB registered
Mar 23 17:40:23 localhost kernel: usbcore: registered new interface driver usbfs
Mar 23 17:40:23 localhost kernel: usbcore: registered new interface driver hub
Mar 23 17:40:23 localhost kernel: usbcore: registered new device driver usb
Mar 23 17:40:23 localhost kernel: EDAC MC: Ver: 3.0.0
Mar 23 17:40:23 localhost kernel: PCI: Using ACPI for IRQ routing
Mar 23 17:40:23 localhost kernel: PCI: pci_cache_line_size set to 64 bytes
Mar 23 17:40:23 localhost kernel: e820: reserve RAM buffer [mem 0x0009fc00-0x0009ffff]
Mar 23 17:40:23 localhost kernel: e820: reserve RAM buffer [mem 0xbffdc000-0xbfffffff]
Mar 23 17:40:23 localhost kernel: NetLabel: Initializing
Mar 23 17:40:23 localhost kernel: NetLabel:  domain hash size = 128
Mar 23 17:40:23 localhost kernel: NetLabel:  protocols = UNLABELED CIPSOv4
Mar 23 17:40:23 localhost kernel: NetLabel:  unlabeled traffic allowed by default
Mar 23 17:40:23 localhost kernel: amd_nb: Cannot enumerate AMD northbridges
Mar 23 17:40:23 localhost kernel: Switched to clocksource kvm-clock
Mar 23 17:40:23 localhost kernel: pnp: PnP ACPI init
Mar 23 17:40:23 localhost kernel: ACPI: bus type PNP registered
Mar 23 17:40:23 localhost kernel: pnp 00:00: Plug and Play ACPI device, IDs PNP0b00 (active)
Mar 23 17:40:23 localhost kernel: pnp 00:01: Plug and Play ACPI device, IDs PNP0303 (active)
Mar 23 17:40:23 localhost kernel: pnp 00:02: Plug and Play ACPI device, IDs PNP0f13 (active)
Mar 23 17:40:23 localhost kernel: pnp 00:03: [dma 2]
Mar 23 17:40:23 localhost kernel: pnp 00:03: Plug and Play ACPI device, IDs PNP0700 (active)
Mar 23 17:40:23 localhost kernel: pnp 00:04: Plug and Play ACPI device, IDs PNP0501 (active)
Mar 23 17:40:23 localhost kernel: pnp 00:05: Plug and Play ACPI device, IDs PNP0501 (active)
Mar 23 17:40:23 localhost kernel: pnp: PnP ACPI: found 6 devices
Mar 23 17:40:23 localhost kernel: ACPI: bus type PNP unregistered
Mar 23 17:40:23 localhost kernel: pci_bus 0000:00: resource 4 [io  0x0000-0x0cf7 window]
Mar 23 17:40:23 localhost kernel: pci_bus 0000:00: resource 5 [io  0x0d00-0xffff window]
Mar 23 17:40:23 localhost kernel: pci_bus 0000:00: resource 6 [mem 0x000a0000-0x000bffff window]
Mar 23 17:40:23 localhost kernel: pci_bus 0000:00: resource 7 [mem 0xc0000000-0xfebfffff window]
Mar 23 17:40:23 localhost kernel: NET: Registered protocol family 2
Mar 23 17:40:23 localhost kernel: TCP established hash table entries: 32768 (order: 6, 262144 bytes)
Mar 23 17:40:23 localhost kernel: TCP bind hash table entries: 32768 (order: 7, 524288 bytes)
Mar 23 17:40:23 localhost kernel: TCP: Hash tables configured (established 32768 bind 32768)
Mar 23 17:40:23 localhost kernel: TCP: reno registered
Mar 23 17:40:23 localhost kernel: UDP hash table entries: 2048 (order: 4, 65536 bytes)
Mar 23 17:40:23 localhost kernel: UDP-Lite hash table entries: 2048 (order: 4, 65536 bytes)
Mar 23 17:40:23 localhost kernel: NET: Registered protocol family 1
Mar 23 17:40:23 localhost kernel: pci 0000:00:00.0: Limiting direct PCI/PCI transfers
Mar 23 17:40:23 localhost kernel: pci 0000:00:01.0: PIIX3: Enabling Passive Release
Mar 23 17:40:23 localhost kernel: pci 0000:00:01.0: Activating ISA DMA hang workarounds
Mar 23 17:40:23 localhost kernel: ACPI: PCI Interrupt Link [LNKD] enabled at IRQ 11
Mar 23 17:40:23 localhost kernel: pci 0000:00:02.0: Boot video device
Mar 23 17:40:23 localhost kernel: PCI: CLS 0 bytes, default 64
Mar 23 17:40:23 localhost kernel: Unpacking initramfs...
Mar 23 17:40:23 localhost kernel: Freeing initrd memory: 53252k freed
Mar 23 17:40:23 localhost kernel: sha1_ssse3: Neither AVX nor AVX2 nor SSSE3/SHA-NI is available/usable.
Mar 23 17:40:23 localhost kernel: sha256_ssse3: Neither AVX nor SSSE3/SHA-NI is available/usable.
Mar 23 17:40:23 localhost kernel: futex hash table entries: 256 (order: 2, 16384 bytes)
Mar 23 17:40:23 localhost kernel: Initialise system trusted keyring
Mar 23 17:40:23 localhost kernel: audit: initializing netlink socket (disabled)
Mar 23 17:40:23 localhost kernel: type=2000 audit(1521826823.583:1): initialized
Mar 23 17:40:23 localhost kernel: HugeTLB registered 2 MB page size, pre-allocated 0 pages
Mar 23 17:40:23 localhost kernel: zpool: loaded
Mar 23 17:40:23 localhost kernel: zbud: loaded
Mar 23 17:40:23 localhost kernel: VFS: Disk quotas dquot_6.5.2
Mar 23 17:40:23 localhost kernel: Dquot-cache hash table entries: 512 (order 0, 4096 bytes)
Mar 23 17:40:23 localhost kernel: msgmni has been set to 6008
Mar 23 17:40:23 localhost kernel: Key type big_key registered
Mar 23 17:40:23 localhost kernel: SELinux:  Registering netfilter hooks
Mar 23 17:40:23 localhost kernel: NET: Registered protocol family 38
Mar 23 17:40:23 localhost kernel: Key type asymmetric registered
Mar 23 17:40:23 localhost kernel: Asymmetric key parser 'x509' registered
Mar 23 17:40:23 localhost kernel: Block layer SCSI generic (bsg) driver version 0.4 loaded (major 248)
Mar 23 17:40:23 localhost kernel: io scheduler noop registered
Mar 23 17:40:23 localhost kernel: io scheduler deadline registered (default)
Mar 23 17:40:23 localhost kernel: io scheduler cfq registered
Mar 23 17:40:23 localhost kernel: io scheduler mq-deadline registered
Mar 23 17:40:23 localhost kernel: io scheduler kyber registered
Mar 23 17:40:23 localhost kernel: pci_hotplug: PCI Hot Plug PCI Core version: 0.5
Mar 23 17:40:23 localhost kernel: pciehp: PCI Express Hot Plug Controller Driver version: 0.4
Mar 23 17:40:23 localhost kernel: intel_idle: does not run on family 6 model 13
Mar 23 17:40:23 localhost kernel: input: Power Button as /devices/LNXSYSTM:00/LNXPWRBN:00/input/input0
Mar 23 17:40:23 localhost kernel: ACPI: Power Button [PWRF]
Mar 23 17:40:23 localhost kernel: GHES: HEST is not enabled!
Mar 23 17:40:23 localhost kernel: Serial: 8250/16550 driver, 4 ports, IRQ sharing enabled
Mar 23 17:40:23 localhost kernel: 00:04: ttyS0 at I/O 0x3f8 (irq = 4) is a 16550A
Mar 23 17:40:23 localhost kernel: 00:05: ttyS1 at I/O 0x2f8 (irq = 3) is a 16550A
Mar 23 17:40:23 localhost kernel: Non-volatile memory driver v1.3
Mar 23 17:40:23 localhost kernel: Linux agpgart interface v0.103
Mar 23 17:40:23 localhost kernel: crash memory driver: version 1.1
Mar 23 17:40:23 localhost kernel: rdac: device handler registered
Mar 23 17:40:23 localhost kernel: hp_sw: device handler registered
Mar 23 17:40:23 localhost kernel: emc: device handler registered
Mar 23 17:40:23 localhost kernel: alua: device handler registered
Mar 23 17:40:23 localhost kernel: libphy: Fixed MDIO Bus: probed
Mar 23 17:40:23 localhost kernel: ehci_hcd: USB 2.0 'Enhanced' Host Controller (EHCI) Driver
Mar 23 17:40:23 localhost kernel: ehci-pci: EHCI PCI platform driver
Mar 23 17:40:23 localhost kernel: ohci_hcd: USB 1.1 'Open' Host Controller (OHCI) Driver
Mar 23 17:40:23 localhost kernel: ohci-pci: OHCI PCI platform driver
Mar 23 17:40:23 localhost kernel: uhci_hcd: USB Universal Host Controller Interface driver
Mar 23 17:40:23 localhost kernel: uhci_hcd 0000:00:01.2: UHCI Host Controller
Mar 23 17:40:23 localhost kernel: uhci_hcd 0000:00:01.2: new USB bus registered, assigned bus number 1
Mar 23 17:40:23 localhost kernel: uhci_hcd 0000:00:01.2: detected 2 ports
Mar 23 17:40:23 localhost kernel: uhci_hcd 0000:00:01.2: irq 11, io base 0x0000c040
Mar 23 17:40:23 localhost kernel: usb usb1: New USB device found, idVendor=1d6b, idProduct=0001
Mar 23 17:40:23 localhost kernel: usb usb1: New USB device strings: Mfr=3, Product=2, SerialNumber=1
Mar 23 17:40:23 localhost kernel: usb usb1: Product: UHCI Host Controller
Mar 23 17:40:23 localhost kernel: usb usb1: Manufacturer: Linux 3.10.0-862.el7.x86_64 uhci_hcd
Mar 23 17:40:23 localhost kernel: usb usb1: SerialNumber: 0000:00:01.2
Mar 23 17:40:23 localhost kernel: hub 1-0:1.0: USB hub found
Mar 23 17:40:23 localhost kernel: hub 1-0:1.0: 2 ports detected
Mar 23 17:40:23 localhost kernel: usbcore: registered new interface driver usbserial
Mar 23 17:40:23 localhost kernel: usbcore: registered new interface driver usbserial_generic
Mar 23 17:40:23 localhost kernel: usbserial: USB Serial support registered for generic
Mar 23 17:40:23 localhost kernel: i8042: PNP: PS/2 Controller [PNP0303:KBD,PNP0f13:MOU] at 0x60,0x64 irq 1,12
Mar 23 17:40:23 localhost kernel: serio: i8042 KBD port at 0x60,0x64 irq 1
Mar 23 17:40:23 localhost kernel: serio: i8042 AUX port at 0x60,0x64 irq 12
Mar 23 17:40:23 localhost kernel: mousedev: PS/2 mouse device common for all mice
Mar 23 17:40:23 localhost kernel: input: AT Translated Set 2 keyboard as /devices/platform/i8042/serio0/input/input1
Mar 23 17:40:23 localhost kernel: rtc_cmos 00:00: RTC can wake from S4
Mar 23 17:40:23 localhost kernel: input: VirtualPS/2 VMware VMMouse as /devices/platform/i8042/serio1/input/input2
Mar 23 17:40:23 localhost kernel: input: VirtualPS/2 VMware VMMouse as /devices/platform/i8042/serio1/input/input3
Mar 23 17:40:23 localhost kernel: rtc_cmos 00:00: rtc core: registered rtc_cmos as rtc0
Mar 23 17:40:23 localhost kernel: rtc_cmos 00:00: alarms up to one day, 114 bytes nvram
Mar 23 17:40:23 localhost kernel: cpuidle: using governor menu
Mar 23 17:40:23 localhost kernel: hidraw: raw HID events driver (C) Jiri Kosina
Mar 23 17:40:23 localhost kernel: usbcore: registered new interface driver usbhid
Mar 23 17:40:23 localhost kernel: usbhid: USB HID core driver
Mar 23 17:40:23 localhost kernel: drop_monitor: Initializing network drop monitor service
Mar 23 17:40:23 localhost kernel: TCP: cubic registered
Mar 23 17:40:23 localhost kernel: Initializing XFRM netlink socket
Mar 23 17:40:23 localhost kernel: NET: Registered protocol family 10
Mar 23 17:40:23 localhost kernel: NET: Registered protocol family 17
Mar 23 17:40:23 localhost kernel: mpls_gso: MPLS GSO support
Mar 23 17:40:23 localhost kernel: microcode: CPU0 sig=0x6d3, pf=0x1, revision=0x1
Mar 23 17:40:23 localhost kernel: microcode: Microcode Update Driver: v2.01 <tigran@aivazian.fsnet.co.uk>, Peter Oruba
Mar 23 17:40:23 localhost kernel: PM: Hibernation image not present or could not be loaded.
Mar 23 17:40:23 localhost kernel: Loading compiled-in X.509 certificates
Mar 23 17:40:23 localhost kernel: Loaded X.509 cert 'Red Hat Enterprise Linux Driver Update Program (key 3): bf57f3e87362bc7229d9f465321773dfd1f77a80'
Mar 23 17:40:23 localhost kernel: Loaded X.509 cert 'Red Hat Enterprise Linux kpatch signing key: 4d38fd864ebe18c5f0b72e3852e2014c3a676fc8'
Mar 23 17:40:23 localhost kernel: Loaded X.509 cert 'Red Hat Enterprise Linux kernel signing key: 5173023bf81637d7bf3c5150134eec841b96fd0b'
Mar 23 17:40:23 localhost kernel: registered taskstats version 1
Mar 23 17:40:23 localhost kernel: Key type trusted registered
Mar 23 17:40:23 localhost kernel: Key type encrypted registered
Mar 23 17:40:23 localhost kernel: IMA: No TPM chip found, activating TPM-bypass! (rc=-19)
Mar 23 17:40:23 localhost kernel:   Magic number: 10:645:694
Mar 23 17:40:23 localhost kernel: rtc_cmos 00:00: setting system clock to 2018-03-23 17:40:23 UTC (1521826823)
Mar 23 17:40:23 localhost kernel: Freeing unused kernel memory: 1832k freed
Mar 23 17:40:23 localhost kernel: Write protecting the kernel read-only data: 12288k
Mar 23 17:40:23 localhost kernel: Freeing unused kernel memory: 856k freed
Mar 23 17:40:23 localhost kernel: Freeing unused kernel memory: 684k freed
Mar 23 17:40:23 localhost kernel: random: systemd: uninitialized urandom read (16 bytes read)
Mar 23 17:40:23 localhost kernel: random: systemd: uninitialized urandom read (16 bytes read)
Mar 23 17:40:23 localhost kernel: random: systemd: uninitialized urandom read (16 bytes read)
Mar 23 17:40:23 localhost systemd[1]: systemd 219 running in system mode. (+PAM +AUDIT +SELINUX +IMA -APPARMOR +SMACK +SYSVINIT +UTMP +LIBCRYPTSETUP +GCRYPT +GNUTLS +ACL +XZ +LZ4 -SECCOMP +BLKID +ELFUTILS +KMOD +IDN)
Mar 23 17:40:23 localhost systemd[1]: Detected virtualization kvm.
Mar 23 17:40:23 localhost systemd[1]: Detected architecture x86-64.
Mar 23 17:40:23 localhost systemd[1]: Running in initial RAM disk.
Mar 23 17:40:23 localhost systemd[1]: No hostname configured.
Mar 23 17:40:23 localhost systemd[1]: Set hostname to <localhost>.
Mar 23 17:40:23 localhost systemd[1]: Initializing machine ID from KVM UUID.
Mar 23 17:40:23 localhost kernel: random: systemd-cryptse: uninitialized urandom read (16 bytes read)
Mar 23 17:40:23 localhost kernel: random: systemd: uninitialized urandom read (16 bytes read)
Mar 23 17:40:23 localhost kernel: random: systemd: uninitialized urandom read (16 bytes read)
Mar 23 17:40:23 localhost kernel: random: systemd: uninitialized urandom read (16 bytes read)
Mar 23 17:40:23 localhost kernel: random: systemd: uninitialized urandom read (16 bytes read)
Mar 23 17:40:23 localhost kernel: random: systemd: uninitialized urandom read (16 bytes read)
Mar 23 17:40:23 localhost kernel: random: systemd: uninitialized urandom read (16 bytes read)
Mar 23 17:40:23 localhost systemd[1]: Cannot add dependency job for unit blk-availability.service, ignoring: Unit not found.
Mar 23 17:40:23 localhost systemd[1]: Reached target Local Encrypted Volumes.
Mar 23 17:40:23 localhost systemd[1]: Starting Local Encrypted Volumes.
Mar 23 17:40:23 localhost systemd[1]: Reached target Swap.
Mar 23 17:40:23 localhost systemd[1]: Starting Swap.
Mar 23 17:40:23 localhost systemd[1]: Reached target Timers.
Mar 23 17:40:23 localhost systemd[1]: Starting Timers.
Mar 23 17:40:23 localhost systemd[1]: Reached target Local File Systems.
Mar 23 17:40:23 localhost systemd[1]: Starting Local File Systems.
Mar 23 17:40:23 localhost systemd[1]: Created slice Root Slice.
Mar 23 17:40:23 localhost systemd[1]: Starting Root Slice.
Mar 23 17:40:23 localhost systemd[1]: Created slice System Slice.
Mar 23 17:40:23 localhost systemd[1]: Starting System Slice.
Mar 23 17:40:23 localhost systemd[1]: Listening on udev Kernel Socket.
Mar 23 17:40:23 localhost systemd[1]: Starting udev Kernel Socket.
Mar 23 17:40:23 localhost systemd[1]: Reached target Slices.
Mar 23 17:40:23 localhost systemd[1]: Starting Slices.
Mar 23 17:40:23 localhost systemd[1]: Listening on udev Control Socket.
Mar 23 17:40:23 localhost systemd[1]: Starting udev Control Socket.
Mar 23 17:40:23 localhost systemd[1]: Listening on Journal Socket.
Mar 23 17:40:23 localhost systemd[1]: Starting Journal Socket.
Mar 23 17:40:23 localhost systemd[1]: Starting Create list of required static device nodes for the current kernel...
Mar 23 17:40:23 localhost systemd[1]: Starting Journal Service...
Mar 23 17:40:23 localhost systemd[1]: Starting Setup Virtual Console...
Mar 23 17:40:23 localhost systemd[1]: Starting dracut cmdline hook...
Mar 23 17:40:23 localhost systemd[1]: Starting Apply Kernel Variables...
Mar 23 17:40:23 localhost systemd[1]: Started Create list of required static device nodes for the current kernel.
Mar 23 17:40:23 localhost systemd[1]: Started Setup Virtual Console.
Mar 23 17:40:23 localhost systemd[1]: Started Apply Kernel Variables.
Mar 23 17:40:23 localhost systemd[1]: Starting Create Static Device Nodes in /dev...
Mar 23 17:40:23 localhost systemd[1]: Started Create Static Device Nodes in /dev.
Mar 23 17:40:23 localhost systemd-journal[72]: Journal started
Mar 23 17:40:23 localhost systemd[1]: Started Journal Service.
Mar 23 17:40:23 localhost kernel: BIOS EDD facility v0.16 2004-Jun-25, 1 devices found
Mar 23 17:40:23 localhost dracut-cmdline[76]: Loading Red Hat Enterprise Linux 7.5 x86_64 installer...
Mar 23 17:40:23 localhost dracut-cmdline[76]: Warning: 'method=' is deprecated. Using 'repo=http://download-node-02.eng.bos.redhat.com/rel-eng/RHEL-7.5-RC-1.3/compose/Server/x86_64/os/' instead.
Mar 23 17:40:24 localhost kernel: tsc: Refined TSC clocksource calibration: 2400.055 MHz
Mar 23 17:40:24 localhost systemd[1]: Started dracut cmdline hook.
Mar 23 17:40:24 localhost systemd[1]: Starting dracut pre-udev hook...
Mar 23 17:40:24 localhost kernel: squashfs: version 4.0 (2009/01/31) Phillip Lougher
Mar 23 17:40:24 localhost kernel: Loading iSCSI transport class v2.0-870.
Mar 23 17:40:24 localhost kernel: iscsi: registered transport (tcp)
Mar 23 17:40:24 localhost kernel: FDC 0 is a S82078B
Mar 23 17:40:24 localhost kernel: No iBFT detected.
Mar 23 17:40:24 localhost kernel: async_tx: api initialized (async)
Mar 23 17:40:24 localhost kernel: xor: measuring software checksum speed
Mar 23 17:40:24 localhost kernel:    prefetch64-sse:  6380.000 MB/sec
Mar 23 17:40:24 localhost kernel:    generic_sse:  3980.000 MB/sec
Mar 23 17:40:24 localhost kernel: xor: using function: prefetch64-sse (6380.000 MB/sec)
Mar 23 17:40:25 localhost kernel: raid6: sse2x1   gen()  6230 MB/s
Mar 23 17:40:25 localhost kernel: raid6: sse2x2   gen()  7808 MB/s
Mar 23 17:40:25 localhost kernel: raid6: sse2x4   gen()  8992 MB/s
Mar 23 17:40:25 localhost kernel: raid6: using algorithm sse2x4 gen() (8992 MB/s)
Mar 23 17:40:25 localhost kernel: raid6: using intx1 recovery algorithm
Mar 23 17:40:25 localhost kernel: device-mapper: uevent: version 1.0.3
Mar 23 17:40:25 localhost kernel: device-mapper: ioctl: 4.37.0-ioctl (2017-09-20) initialised: dm-devel@redhat.com
Mar 23 17:40:25 localhost kernel: device-mapper: multipath round-robin: version 1.2.0 loaded
Mar 23 17:40:25 localhost dracut-pre-udev[333]: modprobe: ERROR: could not insert 'sha256_mb': No such device
Mar 23 17:40:25 localhost kernel: RPC: Registered named UNIX socket transport module.
Mar 23 17:40:25 localhost kernel: RPC: Registered udp transport module.
Mar 23 17:40:25 localhost kernel: RPC: Registered tcp transport module.
Mar 23 17:40:25 localhost kernel: RPC: Registered tcp NFSv4.1 backchannel transport module.
Mar 23 17:40:25 localhost rpc.statd[533]: Version 1.3.0 starting
Mar 23 17:40:25 localhost rpc.statd[533]: Initializing NSM state
Mar 23 17:40:25 localhost rpc.statd[533]: Running as root.  chown /var/lib/nfs/statd to choose different user
Mar 23 17:40:25 localhost systemd[1]: Started dracut pre-udev hook.
Mar 23 17:40:25 localhost systemd[1]: Starting udev Kernel Device Manager...
Mar 23 17:40:25 localhost systemd-udevd[560]: starting version 219
Mar 23 17:40:25 localhost systemd[1]: Started udev Kernel Device Manager.
Mar 23 17:40:25 localhost systemd[1]: Starting dracut pre-trigger hook...
Mar 23 17:40:25 localhost lldpad[574]: config file failed to load,
Mar 23 17:40:25 localhost lldpad[574]: create a new file.
Mar 23 17:40:25 localhost lldpad[574]: bound ctrl iface to /com/intel/lldpad
Mar 23 17:40:25 localhost dracut-pre-trigger[561]: 575
Mar 23 17:40:25 localhost systemd[1]: Started dracut pre-trigger hook.
Mar 23 17:40:25 localhost systemd[1]: Starting udev Coldplug all Devices...
Mar 23 17:40:25 localhost systemd[1]: Mounting Configuration File System...
Mar 23 17:40:25 localhost systemd[1]: Mounted Configuration File System.
Mar 23 17:40:25 localhost systemd[1]: Started udev Coldplug all Devices.
Mar 23 17:40:25 localhost systemd[1]: Starting Show Plymouth Boot Screen...
Mar 23 17:40:25 localhost systemd[1]: Reached target System Initialization.
Mar 23 17:40:25 localhost systemd[1]: Starting System Initialization.
Mar 23 17:40:25 localhost systemd[1]: Listening on Open-iSCSI iscsiuio Socket.
Mar 23 17:40:25 localhost systemd[1]: Starting Open-iSCSI iscsiuio Socket.
Mar 23 17:40:25 localhost systemd[1]: Reached target Sockets.
Mar 23 17:40:25 localhost systemd[1]: Starting Sockets.
Mar 23 17:40:25 localhost systemd[1]: Starting Device-Mapper Multipath Device Controller...
Mar 23 17:40:26 localhost systemd[1]: Received SIGRTMIN+20 from PID 659 (plymouthd).
Mar 23 17:40:26 localhost systemd[1]: Started Show Plymouth Boot Screen.
Mar 23 17:40:26 localhost systemd[1]: Reached target Paths.
Mar 23 17:40:26 localhost systemd[1]: Starting Paths.
Mar 23 17:40:26 localhost systemd[1]: Started Forward Password Requests to Plymouth Directory Watch.
Mar 23 17:40:26 localhost systemd[1]: Starting Forward Password Requests to Plymouth Directory Watch.
Mar 23 17:40:26 localhost systemd[1]: Reached target Basic System.
Mar 23 17:40:26 localhost systemd[1]: Starting Basic System.
Mar 23 17:40:26 localhost kernel: libata version 3.00 loaded.
Mar 23 17:40:26 localhost systemd[1]: Started Device-Mapper Multipath Device Controller.
Mar 23 17:40:26 localhost systemd[1]: Starting Open-iSCSI...
Mar 23 17:40:26 localhost iscsid[680]: iSCSI logger with pid=687 started!
Mar 23 17:40:26 localhost systemd[1]: Failed to read PID from file /var/run/iscsid.pid: Invalid argument
Mar 23 17:40:26 localhost iscsid[687]: iSCSI daemon with pid=688 started!
Mar 23 17:40:26 localhost systemd[1]: Started Open-iSCSI.
Mar 23 17:40:26 localhost systemd[1]: Starting dracut initqueue hook...
Mar 23 17:40:26 localhost kernel: ACPI: PCI Interrupt Link [LNKC] enabled at IRQ 10
Mar 23 17:40:26 localhost kernel: virtio-pci 0000:00:03.0: virtio_pci: leaving for legacy driver
Mar 23 17:40:26 localhost kernel: ata_piix 0000:00:01.1: version 2.13
Mar 23 17:40:26 localhost kernel: scsi host0: ata_piix
Mar 23 17:40:26 localhost kernel: scsi host1: ata_piix
Mar 23 17:40:26 localhost kernel: ata1: PATA max MWDMA2 cmd 0x1f0 ctl 0x3f6 bmdma 0xc0a0 irq 14
Mar 23 17:40:26 localhost kernel: ata2: PATA max MWDMA2 cmd 0x170 ctl 0x376 bmdma 0xc0a8 irq 15
Mar 23 17:40:26 localhost kernel: virtio-pci 0000:00:04.0: virtio_pci: leaving for legacy driver
Mar 23 17:40:26 localhost kernel: [TTM] Zone  kernel: Available graphics memory: 1539906 kiB
Mar 23 17:40:26 localhost kernel: [TTM] Initializing pool allocator
Mar 23 17:40:26 localhost kernel: [TTM] Initializing DMA pool allocator
Mar 23 17:40:26 localhost kernel: [drm] fb mappable at 0xFC000000
Mar 23 17:40:26 localhost kernel: [drm] vram aper at 0xFC000000
Mar 23 17:40:26 localhost kernel: [drm] size 33554432
Mar 23 17:40:26 localhost kernel: [drm] fb depth is 24
Mar 23 17:40:26 localhost kernel: [drm]    pitch is 3072
Mar 23 17:40:26 localhost kernel: fbcon: cirrusdrmfb (fb0) is primary device
Mar 23 17:40:26 localhost kernel: pmd_set_huge: Cannot satisfy [mem 0xfc000000-0xfc200000] with a huge-page mapping due to MTRR override.
Mar 23 17:40:26 localhost kernel: Console: switching to colour frame buffer device 128x48
Mar 23 17:40:26 localhost kernel: cirrus 0000:00:02.0: fb0: cirrusdrmfb frame buffer device
Mar 23 17:40:26 localhost kernel: [drm] Initialized cirrus 1.0.0 20110418 for 0000:00:02.0 on minor 0
Mar 23 17:40:26 localhost systemd[1]: Reloading.
Mar 23 17:40:26 localhost kernel: ACPI: PCI Interrupt Link [LNKA] enabled at IRQ 10
Mar 23 17:40:26 localhost kernel: virtio-pci 0000:00:05.0: virtio_pci: leaving for legacy driver
Mar 23 17:40:26 localhost kernel: virtio-pci 0000:00:04.0: irq 24 for MSI/MSI-X
Mar 23 17:40:26 localhost kernel: virtio-pci 0000:00:04.0: irq 25 for MSI/MSI-X
Mar 23 17:40:26 localhost kernel: virtio-pci 0000:00:03.0: irq 26 for MSI/MSI-X
Mar 23 17:40:26 localhost kernel: virtio-pci 0000:00:03.0: irq 27 for MSI/MSI-X
Mar 23 17:40:26 localhost kernel: virtio-pci 0000:00:03.0: irq 28 for MSI/MSI-X
Mar 23 17:40:26 localhost kernel: 8021q: 802.1Q VLAN Support v1.8
Mar 23 17:40:26 localhost dracut-initqueue[690]: RTNETLINK answers: File exists
Mar 23 17:40:27 localhost iscsid[687]: can't open InitiatorName configuration file /etc/iscsi/initiatorname.iscsi
Mar 23 17:40:27 localhost iscsid[687]: Warning: InitiatorName file /etc/iscsi/initiatorname.iscsi does not exist or does not contain a properly formatted InitiatorName. If using software iscsi (iscsi_tcp or ib_iser) or partial offload (bnx2i or cxgbi iscsi), you may not be able to log into or
Mar 23 17:40:27 localhost iscsid[687]: can't open InitiatorAlias configuration file /etc/iscsi/initiatorname.iscsi
Mar 23 17:40:27 localhost iscsid[687]: can't open iscsid.safe_logout configuration file /etc/iscsi/iscsid.conf
Mar 23 17:40:27 localhost kernel: 8021q: adding VLAN 0 to HW filter on device eth0
Mar 23 17:40:27 localhost dracut-initqueue[690]: dhcp: PREINIT eth0 up
Mar 23 17:40:27 localhost dhclient[802]: DHCPDISCOVER on eth0 to 255.255.255.255 port 67 interval 5 (xid=0x73ca0c1)
Mar 23 17:40:29 localhost dhclient[802]: DHCPREQUEST on eth0 to 255.255.255.255 port 67 (xid=0x73ca0c1)
Mar 23 17:40:29 localhost dhclient[802]: DHCPOFFER from 192.168.122.1
Mar 23 17:40:29 localhost dhclient[802]: DHCPACK from 192.168.122.1 (xid=0x73ca0c1)
Mar 23 17:40:29 localhost dracut-initqueue[690]: dhcp: BOND setting eth0
Mar 23 17:40:31 localhost dhclient[802]: bound to 192.168.122.54 -- renewal in 1356 seconds.
Mar 23 17:40:32 localhost dracut-initqueue[690]: % Total    % Received % Xferd  Average Speed   Time    Time     Time  Current
Mar 23 17:40:32 localhost dracut-initqueue[690]: Dload  Upload   Total   Spent    Left  Speed
Mar 23 17:40:32 localhost kernel: random: fast init done
Mar 23 17:40:35 localhost kernel: random: crng init done
Mar 23 17:40:36 localhost dracut-initqueue[690]: [471B blob data]
Mar 23 17:40:36 localhost kernel: loop: module loaded
Mar 23 17:40:36 localhost systemd[1]: Started dracut initqueue hook.
Mar 23 17:40:36 localhost systemd[1]: Starting dracut pre-mount hook...
Mar 23 17:40:36 localhost systemd[1]: Reached target Remote File Systems (Pre).
Mar 23 17:40:36 localhost systemd[1]: Starting Remote File Systems (Pre).
Mar 23 17:40:36 localhost systemd[1]: Reached target Remote File Systems.
Mar 23 17:40:36 localhost systemd[1]: Starting Remote File Systems.
Mar 23 17:40:36 localhost systemd[1]: Started dracut pre-mount hook.
Mar 23 17:40:36 localhost systemd[1]: Reached target Initrd Root File System.
Mar 23 17:40:36 localhost systemd[1]: Starting Initrd Root File System.
Mar 23 17:40:36 localhost systemd[1]: Starting Reload Configuration from the Real Root...
Mar 23 17:40:36 localhost systemd[1]: Reloading.
Mar 23 17:40:37 localhost systemd[1]: Started Reload Configuration from the Real Root.
Mar 23 17:40:37 localhost systemd[1]: Reached target Initrd File Systems.
Mar 23 17:40:37 localhost systemd[1]: Starting Initrd File Systems.
Mar 23 17:40:37 localhost systemd[1]: Starting dracut mount hook...
Mar 23 17:40:37 localhost kernel: EXT4-fs (dm-0): mounted filesystem with ordered data mode. Opts: (null)
Mar 23 17:40:37 localhost systemd[1]: Started dracut mount hook.
Mar 23 17:40:37 localhost systemd[1]: Reached target Initrd Default Target.
Mar 23 17:40:37 localhost systemd[1]: Starting Initrd Default Target.
Mar 23 17:40:37 localhost systemd[1]: Starting dracut pre-pivot and cleanup hook...
Mar 23 17:40:40 localhost rpcbind[529]: cannot open file = /run/rpcbind/rpcbind.xdr for writing
Mar 23 17:40:40 localhost rpcbind[529]: cannot save any registration
Mar 23 17:40:40 localhost rpcbind[529]: cannot open file = /run/rpcbind/portmap.xdr for writing
Mar 23 17:40:40 localhost rpcbind[529]: cannot save any registration
Mar 23 17:40:40 localhost systemd[1]: Started dracut pre-pivot and cleanup hook.
Mar 23 17:40:40 localhost systemd[1]: Starting Cleaning Up and Shutting Down Daemons...
Mar 23 17:40:40 localhost systemd[1]: Stopped target Timers.
Mar 23 17:40:40 localhost systemd[1]: Stopping Timers.
Mar 23 17:40:40 localhost systemd[1]: Starting Plymouth switch root service...
Mar 23 17:40:40 localhost systemd[1]: Stopped Cleaning Up and Shutting Down Daemons.
Mar 23 17:40:40 localhost systemd[1]: Stopped dracut pre-pivot and cleanup hook.
Mar 23 17:40:40 localhost systemd[1]: Stopping dracut pre-pivot and cleanup hook...
Mar 23 17:40:40 localhost systemd[1]: Stopped target Remote File Systems.
Mar 23 17:40:40 localhost systemd[1]: Stopping Remote File Systems.
Mar 23 17:40:40 localhost systemd[1]: Stopped target Remote File Systems (Pre).
Mar 23 17:40:40 localhost systemd[1]: Stopping Remote File Systems (Pre).
Mar 23 17:40:40 localhost systemd[1]: Stopped target Initrd Default Target.
Mar 23 17:40:40 localhost systemd[1]: Stopping Initrd Default Target.
Mar 23 17:40:40 localhost systemd[1]: Stopped dracut mount hook.
Mar 23 17:40:40 localhost systemd[1]: Stopping dracut mount hook...
Mar 23 17:40:40 localhost systemd[1]: Stopped dracut pre-mount hook.
Mar 23 17:40:40 localhost systemd[1]: Stopping dracut pre-mount hook...
Mar 23 17:40:40 localhost systemd[1]: Stopped dracut initqueue hook.
Mar 23 17:40:40 localhost systemd[1]: Stopping dracut initqueue hook...
Mar 23 17:40:40 localhost systemd[1]: Stopping Open-iSCSI...
Mar 23 17:40:40 localhost systemd[1]: Stopped target Basic System.
Mar 23 17:40:40 localhost systemd[1]: Stopping Basic System.
Mar 23 17:40:40 localhost systemd[1]: Stopped target Sockets.
Mar 23 17:40:40 localhost systemd[1]: Stopping Sockets.
Mar 23 17:40:40 localhost systemd[1]: Closed Open-iSCSI iscsiuio Socket.
Mar 23 17:40:40 localhost systemd[1]: Stopping Open-iSCSI iscsiuio Socket.
Mar 23 17:40:40 localhost systemd[1]: Stopped target System Initialization.
Mar 23 17:40:40 localhost systemd[1]: Stopping System Initialization.
Mar 23 17:40:40 localhost systemd[1]: Stopped target Local File Systems.
Mar 23 17:40:40 localhost systemd[1]: Stopping Local File Systems.
Mar 23 17:40:40 localhost systemd[1]: Stopped target Local Encrypted Volumes.
Mar 23 17:40:40 localhost systemd[1]: Stopping Local Encrypted Volumes.
Mar 23 17:40:40 localhost systemd[1]: Stopped Apply Kernel Variables.
Mar 23 17:40:40 localhost systemd[1]: Stopping Apply Kernel Variables...
Mar 23 17:40:40 localhost iscsid[687]: iscsid shutting down.
Mar 23 17:40:40 localhost systemd[1]: Stopped target Swap.
Mar 23 17:40:40 localhost systemd[1]: Stopping Swap.
Mar 23 17:40:40 localhost systemd[1]: Stopped target Slices.
Mar 23 17:40:40 localhost multipathd[677]: path checkers start up
Mar 23 17:40:40 localhost systemd[1]: Stopping Slices.
Mar 23 17:40:40 localhost multipathd[677]: --------shut down-------
Mar 23 17:40:40 localhost systemd[1]: Stopped target Paths.
Mar 23 17:40:40 localhost systemd[1]: Stopping Paths.
Mar 23 17:40:40 localhost systemd[1]: Stopped Open-iSCSI.
Mar 23 17:40:40 localhost systemd[1]: Stopping Device-Mapper Multipath Device Controller...
Mar 23 17:40:40 localhost systemd[1]: Stopped Device-Mapper Multipath Device Controller.
Mar 23 17:40:40 localhost systemd[1]: Stopped udev Coldplug all Devices.
Mar 23 17:40:40 localhost systemd[1]: Stopping udev Coldplug all Devices...
Mar 23 17:40:40 localhost systemd[1]: Stopped dracut pre-trigger hook.
Mar 23 17:40:40 localhost systemd[1]: Stopping dracut pre-trigger hook...
Mar 23 17:40:40 localhost systemd[1]: Stopping udev Kernel Device Manager...
Mar 23 17:40:40 localhost systemd[1]: Stopped udev Kernel Device Manager.
Mar 23 17:40:40 localhost systemd[1]: Stopped Create Static Device Nodes in /dev.
Mar 23 17:40:40 localhost systemd[1]: Stopping Create Static Device Nodes in /dev...
Mar 23 17:40:40 localhost systemd[1]: Stopped Create list of required static device nodes for the current kernel.
Mar 23 17:40:40 localhost systemd[1]: Stopping Create list of required static device nodes for the current kernel...
Mar 23 17:40:40 localhost systemd[1]: Stopped dracut pre-udev hook.
Mar 23 17:40:40 localhost systemd[1]: Stopping dracut pre-udev hook...
Mar 23 17:40:40 localhost systemd[1]: Stopped dracut cmdline hook.
Mar 23 17:40:40 localhost systemd[1]: Stopping dracut cmdline hook...
Mar 23 17:40:40 localhost systemd[1]: Closed udev Kernel Socket.
Mar 23 17:40:40 localhost systemd[1]: Stopping udev Kernel Socket.
Mar 23 17:40:40 localhost systemd[1]: Closed udev Control Socket.
Mar 23 17:40:40 localhost systemd[1]: Stopping udev Control Socket.
Mar 23 17:40:40 localhost systemd[1]: Starting Cleanup udevd DB...
Mar 23 17:40:40 localhost systemd[1]: Started Cleanup udevd DB.
Mar 23 17:40:40 localhost systemd[1]: Reached target Switch Root.
Mar 23 17:40:40 localhost systemd[1]: Starting Switch Root.
Mar 23 17:40:40 localhost systemd[1]: Started Plymouth switch root service.
Mar 23 17:40:40 localhost systemd[1]: Starting Switch Root...
Mar 23 17:40:40 localhost systemd[1]: Switching root.
Mar 23 17:40:40 localhost systemd-journal[72]: Journal stopped
Mar 23 17:40:42 localhost systemd-journal[1269]: Runtime journal is using 8.0M (max allowed 150.3M, trying to leave 225.5M free of 1.4G available â†’ current limit 150.3M).
Mar 23 17:40:42 localhost systemd-journald[72]: Received SIGTERM from PID 1 (systemd).
Mar 23 17:40:42 localhost kernel: SELinux: 2048 avtab hash slots, 106588 rules.
Mar 23 17:40:42 localhost kernel: SELinux: 2048 avtab hash slots, 106588 rules.
Mar 23 17:40:42 localhost kernel: SELinux:  8 users, 14 roles, 5015 types, 310 bools, 1 sens, 1024 cats
Mar 23 17:40:42 localhost kernel: SELinux:  97 classes, 106588 rules
Mar 23 17:40:42 localhost kernel: SELinux:  Completing initialization.
Mar 23 17:40:42 localhost kernel: SELinux:  Setting up existing superblocks.
Mar 23 17:40:42 localhost kernel: type=1403 audit(1521826841.304:2): policy loaded auid=4294967295 ses=4294967295
Mar 23 17:40:42 localhost systemd[1]: Successfully loaded SELinux policy in 262.931ms.
Mar 23 17:40:42 localhost systemd[1]: Relabelled /dev and /run in 27.346ms.
Mar 23 17:40:42 localhost systemd-journal[1269]: Journal started
Mar 23 17:40:41 localhost systemd[1]: systemd 219 running in system mode. (+PAM +AUDIT +SELINUX +IMA -APPARMOR +SMACK +SYSVINIT +UTMP +LIBCRYPTSETUP +GCRYPT +GNUTLS +ACL +XZ +LZ4 -SECCOMP +BLKID +ELFUTILS +KMOD +IDN)
Mar 23 17:40:41 localhost systemd[1]: Detected virtualization kvm.
Mar 23 17:40:42 localhost rhel-domainname[1270]: /usr/lib/systemd/rhel-domainname: line 2: /etc/sysconfig/network: No such file or directory
Mar 23 17:40:41 localhost systemd[1]: Detected architecture x86-64.
Mar 23 17:40:41 localhost systemd[1]: Initializing machine ID from KVM UUID.
Mar 23 17:40:41 localhost systemd[1]: Cannot add dependency job for unit rhel-loadmodules.service, ignoring: Unit is masked.
Mar 23 17:40:41 localhost systemd[1]: Cannot add dependency job for unit rhel-autorelabel.service, ignoring: Unit is masked.
Mar 23 17:40:41 localhost systemd[1]: Cannot add dependency job for unit systemd-tmpfiles-clean.timer, ignoring: Unit is masked.
Mar 23 17:40:42 localhost systemd[1]: Starting Flush Journal to Persistent Storage...
Mar 23 17:40:43 localhost systemd[1]: Started Create Static Device Nodes in /dev.
Mar 23 17:40:43 localhost systemd[1]: Reached target Local File Systems (Pre).
Mar 23 17:40:43 localhost systemd[1]: Starting Local File Systems (Pre).
Mar 23 17:40:43 localhost systemd[1]: Starting udev Kernel Device Manager...
Mar 23 17:40:43 localhost systemd[1]: Started Configure read-only root support.
Mar 23 17:40:43 localhost systemd-udevd[1300]: starting version 219
Mar 23 17:40:43 localhost systemd[1]: Started Flush Journal to Persistent Storage.
Mar 23 17:40:43 localhost systemd[1]: Started udev Kernel Device Manager.
Mar 23 17:40:44 localhost systemd[1]: Started Rebuild Hardware Database.
Mar 23 17:40:44 localhost systemd[1]: Starting udev Coldplug all Devices...
Mar 23 17:40:44 localhost kernel: piix4_smbus 0000:00:01.3: SMBus Host Controller at 0x700, revision 0
Mar 23 17:40:44 localhost systemd[1]: Started udev Coldplug all Devices.
Mar 23 17:40:44 localhost systemd[1]: Starting Device-Mapper Multipath Device Controller...
Mar 23 17:40:44 localhost kernel: input: PC Speaker as /devices/platform/pcspkr/input/input4
Mar 23 17:40:44 localhost systemd[1]: Starting udev Wait for Complete Device Initialization...
Mar 23 17:40:45 localhost systemd[1]: Started Device-Mapper Multipath Device Controller.
Mar 23 17:40:45 localhost multipathd[1347]: path checkers start up
Mar 23 17:40:45 localhost systemd[1]: Started udev Wait for Complete Device Initialization.
Mar 23 17:40:45 localhost systemd[1]: Starting Activation of DM RAID sets...
Mar 23 17:40:45 localhost systemd[1]: Started Activation of DM RAID sets.
Mar 23 17:40:45 localhost systemd[1]: Reached target Local File Systems.
Mar 23 17:40:45 localhost systemd[1]: Starting Local File Systems.
Mar 23 17:40:45 localhost systemd[1]: Starting Tell Plymouth To Write Out Runtime Data...
Mar 23 17:40:45 localhost systemd[1]: Starting Rebuild Journal Catalog...
Mar 23 17:40:45 localhost systemd[1]: Starting Import network configuration from initramfs...
Mar 23 17:40:45 localhost systemd[1]: Starting Migrate local SELinux policy changes from the old store structure to the new structure...
Mar 23 17:40:45 localhost systemd[1]: Reached target Local Encrypted Volumes.
Mar 23 17:40:45 localhost systemd[1]: Starting Local Encrypted Volumes.
Mar 23 17:40:45 localhost systemd[1]: Started Tell Plymouth To Write Out Runtime Data.
Mar 23 17:40:45 localhost systemd[1]: Started Migrate local SELinux policy changes from the old store structure to the new structure.
Mar 23 17:40:45 localhost systemd[1]: Started Rebuild Journal Catalog.
Mar 23 17:40:45 localhost systemd[1]: Starting Update is Completed...
Mar 23 17:40:45 localhost systemd[1]: Started Update is Completed.
Mar 23 17:40:45 localhost systemd[1]: Started Import network configuration from initramfs.
Mar 23 17:40:45 localhost systemd[1]: Starting Create Volatile Files and Directories...
Mar 23 17:40:45 localhost systemd[1]: Started Create Volatile Files and Directories.
Mar 23 17:40:45 localhost systemd[1]: Starting Update UTMP about System Boot/Shutdown...
Mar 23 17:40:45 localhost systemd[1]: Started Update UTMP about System Boot/Shutdown.
Mar 23 17:40:45 localhost systemd[1]: Reached target System Initialization.
Mar 23 17:40:45 localhost systemd[1]: Starting System Initialization.
Mar 23 17:40:45 localhost systemd[1]: Listening on D-Bus System Message Bus Socket.
Mar 23 17:40:45 localhost systemd[1]: Starting D-Bus System Message Bus Socket.
Mar 23 17:40:45 localhost systemd[1]: Listening on Open-iSCSI iscsiuio Socket.
Mar 23 17:40:45 localhost systemd[1]: Starting Open-iSCSI iscsiuio Socket.
Mar 23 17:40:45 localhost systemd[1]: Listening on Open-iSCSI iscsid Socket.
Mar 23 17:40:45 localhost systemd[1]: Starting Open-iSCSI iscsid Socket.
Mar 23 17:40:45 localhost systemd[1]: Reached target Sockets.
Mar 23 17:40:45 localhost systemd[1]: Starting Sockets.
Mar 23 17:40:45 localhost systemd[1]: Reached target Basic System.
Mar 23 17:40:45 localhost systemd[1]: Starting Basic System.
Mar 23 17:40:45 localhost systemd[1]: Starting Login Service...
Mar 23 17:40:45 localhost systemd[1]: Starting pre-anaconda logging service...
Mar 23 17:40:45 localhost systemd[1]: Started Anaconda NetworkManager configuration.
Mar 23 17:40:45 localhost systemd[1]: Starting Anaconda NetworkManager configuration...
Mar 23 17:40:46 localhost systemd[1]: Started Hardware RNG Entropy Gatherer Daemon.
Mar 23 17:40:46 localhost systemd[1]: Starting Hardware RNG Entropy Gatherer Daemon...
Mar 23 17:40:46 localhost systemd[1]: Starting Wait for Plymouth Boot Screen to Quit...
Mar 23 17:40:46 localhost systemd[1]: Starting Service enabling compressing RAM with zRam...
Mar 23 17:40:46 localhost systemd[1]: Starting Dump dmesg to /var/log/dmesg...
Mar 23 17:40:46 localhost systemd[1]: Starting Network Manager...
Mar 23 17:40:46 localhost systemd[1]: Starting Terminate Plymouth Boot Screen...
Mar 23 17:40:46 localhost zramswapon[1406]: + MAX_RAM_ON=2097152
Mar 23 17:40:46 localhost zramswapon[1406]: ++ grep MemTotal /proc/meminfo
Mar 23 17:40:46 localhost zramswapon[1406]: ++ grep -E --only-matching '[[:digit:]]+'
Mar 23 17:40:46 localhost zramswapon[1406]: + mem_total_kb=3079812
Mar 23 17:40:46 localhost zramswapon[1406]: + mem_total=3153727488
Mar 23 17:40:46 localhost zramswapon[1406]: + grep -E 'inst\.zram=(on|1)' /proc/cmdline
Mar 23 17:40:46 localhost zramswapon[1406]: + force=1
Mar 23 17:40:46 localhost zramswapon[1406]: + '[' '(' 3079812 -gt 2097152 ')' -a '(' 1 '!=' 0 ')' ']'
Mar 23 17:40:46 localhost zramswapon[1406]: + exit 0
Mar 23 17:40:46 localhost systemd[1]: Started Service enabling compressing RAM with zRam.
Mar 23 17:40:46 localhost systemd[1]: Started pre-anaconda logging service.
Mar 23 17:40:46 localhost systemd[1]: Cannot add dependency job for unit rhel-loadmodules.service, ignoring: Unit is masked.
Mar 23 17:40:46 localhost systemd[1]: Cannot add dependency job for unit rhel-autorelabel.service, ignoring: Unit is masked.
Mar 23 17:40:46 localhost systemd[1]: Cannot add dependency job for unit systemd-tmpfiles-clean.timer, ignoring: Unit is masked.
Mar 23 17:40:46 localhost systemd[1]: Started D-Bus System Message Bus.
Mar 23 17:40:46 localhost rngd[1404]: Failed to init entropy source 0: Hardware RNG Device
Mar 23 17:40:46 localhost rngd[1404]: Failed to init entropy source 1: TPM RNG Device
Mar 23 17:40:46 localhost rngd[1404]: Failed to init entropy source 2: Intel RDRAND Instruction RNG
Mar 23 17:40:46 localhost rngd[1404]: can't open any entropy source
Mar 23 17:40:46 localhost rngd[1404]: Maybe RNG device modules are not loaded
Mar 23 17:40:46 localhost systemd[1]: Starting D-Bus System Message Bus...
Mar 23 17:40:46 localhost systemd[1]: Received SIGRTMIN+21 from PID 659 (plymouthd).
Mar 23 17:40:46 localhost systemd[1]: rngd.service: main process exited, code=exited, status=1/FAILURE
Mar 23 17:40:46 localhost systemd[1]: Unit rngd.service entered failed state.
Mar 23 17:40:46 localhost systemd[1]: rngd.service failed.
Mar 23 17:40:46 localhost systemd[1]: Started Wait for Plymouth Boot Screen to Quit.
Mar 23 17:40:46 localhost systemd[1]: Started Dump dmesg to /var/log/dmesg.
Mar 23 17:40:46 localhost systemd[1]: Started Terminate Plymouth Boot Screen.
Mar 23 17:40:46 localhost systemd-logind[1401]: New seat seat0.
Mar 23 17:40:46 localhost systemd-logind[1401]: Watching system buttons on /dev/input/event0 (Power Button)
Mar 23 17:40:46 localhost systemd[1]: Started Login Service.
Mar 23 17:40:47 localhost NetworkManager[1410]: <info>  [1521826847.3609] NetworkManager (version 1.10.2-13.el7) is starting... (for the first time)
Mar 23 17:40:47 localhost NetworkManager[1410]: <info>  [1521826847.3633] Read config: /etc/NetworkManager/NetworkManager.conf (lib: 10-slaves-order.conf) (etc: 80-anaconda-no-ibft.conf, 90-anaconda-no-auto-default.conf, 91-anaconda-autoconnect-slaves.conf, 92-anaconda-loglevel-debug.conf)
Mar 23 17:40:47 localhost NetworkManager[1410]: <debug> [1521826847.3637] CONFIG: config-data[0x5599611b5820]: 3 groups
Mar 23 17:40:47 localhost NetworkManager[1410]: <debug> [1521826847.3641] CONFIG:
Mar 23 17:40:47 localhost NetworkManager[1410]: <debug> [1521826847.3641] CONFIG: [main]
Mar 23 17:40:47 localhost NetworkManager[1410]: <debug> [1521826847.3642] CONFIG:   slaves-order=index
Mar 23 17:40:47 localhost NetworkManager[1410]: <debug> [1521826847.3642] CONFIG:   plugins=ifcfg-rh,ibft,no-ibft
Mar 23 17:40:47 localhost NetworkManager[1410]: <debug> [1521826847.3642] CONFIG:   no-auto-default=*
Mar 23 17:40:47 localhost NetworkManager[1410]: <debug> [1521826847.3642] CONFIG:
Mar 23 17:40:47 localhost NetworkManager[1410]: <debug> [1521826847.3642] CONFIG: [logging]
Mar 23 17:40:47 localhost NetworkManager[1410]: <debug> [1521826847.3642] CONFIG:   level=DEBUG
Mar 23 17:40:47 localhost NetworkManager[1410]: <debug> [1521826847.3642] CONFIG:
Mar 23 17:40:47 localhost NetworkManager[1410]: <debug> [1521826847.3642] CONFIG: [connection]
Mar 23 17:40:47 localhost NetworkManager[1410]: <debug> [1521826847.3642] CONFIG:   connection.autoconnect-slaves=1
Mar 23 17:40:47 localhost NetworkManager[1410]: <debug> [1521826847.3643] config: state: missing state file "/var/lib/NetworkManager/NetworkManager.state": No such file or directory
Mar 23 17:40:47 localhost NetworkManager[1410]: <debug> [1521826847.3643] WEXT support is disabled
Mar 23 17:40:47 localhost NetworkManager[1410]: <debug> [1521826847.3726] platform-linux: create (ignore netns, initial netns, use udev)
Mar 23 17:40:47 localhost NetworkManager[1410]: <debug> [1521826847.3732] platform-linux: Netlink socket for events established: port=2793407874, fd=8
Mar 23 17:40:47 localhost NetworkManager[1410]: <debug> [1521826847.3732] platform-linux: populate platform cache
Mar 23 17:40:47 localhost NetworkManager[1410]: <debug> [1521826847.3734] monotonic timestamp started counting 1.355882536 seconds ago with an offset of 28.0 seconds to CLOCK_BOOTTIME (local time is 2018-03-23 17:40:47)
Mar 23 17:40:47 localhost NetworkManager[1410]: <debug> [1521826847.3735] platform-linux: kernel-support: IFLA_INET6_ADDR_GEN_MODE: detected
Mar 23 17:40:47 localhost NetworkManager[1410]: <debug> [1521826847.3811] platform: signal: link   added: 1: lo <UP,LOWER_UP;loopback,up,running,lowerup> mtu 65536 arp 772 loopback? not-init addrgenmode eui64 addr 00:00:00:00:00:00 driver unknown rx:6,416 tx:6,416
Mar 23 17:40:47 localhost NetworkManager[1410]: <debug> [1521826847.3827] platform: signal: link   added: 2: eth0 <UP,LOWER_UP;broadcast,multicast,up,running,lowerup> mtu 1500 arp 1 ethernet? not-init addrgenmode eui64 addr 52:54:00:7A:0B:3E driver virtio_net rx:22315,419474112 tx:21885,1451542
Mar 23 17:40:47 localhost NetworkManager[1410]: <debug> [1521826847.3828] platform: signal: address 4   added: 127.0.0.1/8 lft forever pref forever lifetime 1-0[4294967295,4294967295] dev 1 flags permanent src kernel
Mar 23 17:40:47 localhost NetworkManager[1410]: <debug> [1521826847.3828] platform: signal: address 4   added: 192.168.122.54/24 lft 3585sec pref 3585sec lifetime 1-1[3585,3585] dev 2 src kernel
Mar 23 17:40:47 localhost NetworkManager[1410]: <debug> [1521826847.3829] platform: signal: address 6   added: ::1/128 lft forever pref forever lifetime 1-0[4294967295,4294967295] dev 1 flags permanent src kernel
Mar 23 17:40:47 localhost NetworkManager[1410]: <debug> [1521826847.3829] platform: signal: address 6   added: fe80::5054:ff:fe7a:b3e/64 lft forever pref forever lifetime 1-0[4294967295,4294967295] dev 2 flags permanent src kernel
Mar 23 17:40:47 localhost NetworkManager[1410]: <debug> [1521826847.3830] platform: signal: route   4   added: 0.0.0.0/0 via 192.168.122.1 dev 2 metric 0 mss 0 rt-src rt-boot scope global
Mar 23 17:40:47 localhost NetworkManager[1410]: <debug> [1521826847.3830] platform: signal: route   4   added: 192.168.122.0/24 via 0.0.0.0 dev 2 metric 0 mss 0 rt-src rt-kernel scope link pref-src 192.168.122.54
Mar 23 17:40:47 localhost NetworkManager[1410]: <debug> [1521826847.3831] platform-linux: kernel-support: RTA_PREF: ability to set router preference for IPv6 routes: detected
Mar 23 17:40:47 localhost NetworkManager[1410]: <debug> [1521826847.3831] platform: signal: route   6   added: fe80::/64 via :: dev 2 metric 256 mss 0 rt-src rt-kernel
Mar 23 17:40:47 localhost NetworkManager[1410]: <debug> [1521826847.3831] platform: signal: route   6   added: table 255 ff00::/8 via :: dev 2 metric 256 mss 0 rt-src rt-boot
Mar 23 17:40:47 localhost NetworkManager[1410]: <debug> [1521826847.3832] platform: signal: qdisc   added: noqueue dev 1 family 0 handle 0 parent ffffffff info 2
Mar 23 17:40:47 localhost NetworkManager[1410]: <debug> [1521826847.3832] platform: signal: qdisc   added: pfifo_fast dev 2 family 0 handle 0 parent ffffffff info 2
Mar 23 17:40:47 localhost NetworkManager[1410]: <debug> [1521826847.3850] platform: signal: link changed: 2: eth0 <UP,LOWER_UP;broadcast,multicast,up,running,lowerup> mtu 1500 arp 1 ethernet? init addrgenmode eui64 addr 52:54:00:7A:0B:3E driver virtio_net rx:22315,419474112 tx:21885,1451542
Mar 23 17:40:47 localhost NetworkManager[1410]: <debug> [1521826847.3852] platform: signal: link changed: 1: lo <UP,LOWER_UP;loopback,up,running,lowerup> mtu 65536 arp 772 loopback? init addrgenmode eui64 addr 00:00:00:00:00:00 driver unknown rx:6,416 tx:6,416
Mar 23 17:40:47 localhost systemd[1]: Cannot add dependency job for unit rhel-loadmodules.service, ignoring: Unit is masked.
Mar 23 17:40:47 localhost NetworkManager[1410]: <debug> [1521826847.3852] setup NMPlatform singleton (0x5599611b2920, NMLinuxPlatform)
Mar 23 17:40:47 localhost systemd[1]: Cannot add dependency job for unit rhel-autorelabel.service, ignoring: Unit is masked.
Mar 23 17:40:47 localhost NetworkManager[1410]: <debug> [1521826847.3852] create NMNetns singleton (0x5599611b8990)
Mar 23 17:40:47 localhost systemd[1]: Cannot add dependency job for unit systemd-tmpfiles-clean.timer, ignoring: Unit is masked.
Mar 23 17:40:47 localhost NetworkManager[1410]: <debug> [1521826847.3853] auth[0x5599611ae940]: create auth-manager: polkit enabled
Mar 23 17:40:47 localhost systemd[1]: Starting Hostname Service...
Mar 23 17:40:47 localhost NetworkManager[1410]: <debug> [1521826847.3872] auth[0x5599611ae940]: set instance
Mar 23 17:40:47 localhost NetworkManager[1410]: <debug> [1521826847.3872] setup NMAuthManager singleton (0x5599611ae940)
Mar 23 17:40:47 localhost NetworkManager[1410]: <debug> [1521826847.3994] bus-manager: setup NMBusManager singleton (0x5599611b6280)
Mar 23 17:40:47 localhost NetworkManager[1410]: <info>  [1521826847.4112] manager[0x5599611d1070]: monitoring kernel firmware directory '/lib/firmware'.
Mar 23 17:40:47 localhost NetworkManager[1410]: <debug> [1521826847.4179] session-monitor: using systemd-logind session tracking
Mar 23 17:40:47 localhost NetworkManager[1410]: <debug> [1521826847.4179] create NMSessionMonitor singleton (0x5599611e6610)
Mar 23 17:40:47 localhost NetworkManager[1410]: <debug> [1521826847.4181] create NMAgentManager singleton (0x5599611dc410)
Mar 23 17:40:47 localhost dbus[1422]: [system] Activating via systemd: service name='org.freedesktop.hostname1' unit='dbus-org.freedesktop.hostname1.service'
Mar 23 17:40:47 localhost dbus[1422]: [system] Successfully activated service 'org.freedesktop.hostname1'
Mar 23 17:40:47 localhost NetworkManager[1410]: <info>  [1521826847.5193] hostname: hostname: using hostnamed
Mar 23 17:40:47 localhost NetworkManager[1410]: <debug> [1521826847.5193] create NMHostnameManager singleton (0x7f118c004940)
Mar 23 17:40:47 localhost NetworkManager[1410]: <debug> [1521826847.5195] create NMFirewallManager singleton (0x5599611f5ac0)
Mar 23 17:40:47 localhost NetworkManager[1410]: <info>  [1521826847.5200] dns-mgr[0x5599611fa940]: init: dns=default, rc-manager=file
Mar 23 17:40:47 localhost NetworkManager[1410]: <debug> [1521826847.5202] create NMDnsManager singleton (0x5599611fa940)
Mar 23 17:40:47 localhost NetworkManager[1410]: <debug> [1521826847.5203] policy: hostname-mode: full
Mar 23 17:40:47 localhost NetworkManager[1410]: <debug> [1521826847.5226] manager: setup NMManager singleton (0x5599611d1070)
Mar 23 17:40:47 localhost NetworkManager[1410]: <debug> [1521826847.5233] create NMConnectivity singleton (0x5599611f6050)
Mar 23 17:40:47 localhost NetworkManager[1410]: <debug> [1521826847.5259] dispatcher: default script directory '/etc/NetworkManager/dispatcher.d' has scripts
Mar 23 17:40:47 localhost NetworkManager[1410]: <debug> [1521826847.5266] dispatcher: pre-up script directory '/etc/NetworkManager/dispatcher.d/pre-up.d' has no scripts
Mar 23 17:40:47 localhost NetworkManager[1410]: <debug> [1521826847.5267] dispatcher: pre-down script directory '/etc/NetworkManager/dispatcher.d/pre-down.d' has no scripts
Mar 23 17:40:47 localhost dbus[1422]: [system] Activating via systemd: service name='org.freedesktop.nm_dispatcher' unit='dbus-org.freedesktop.nm-dispatcher.service'
Mar 23 17:40:47 localhost systemd[1]: Started Hostname Service.
Mar 23 17:40:47 localhost systemd[1]: Started Network Manager.
Mar 23 17:40:47 localhost systemd[1]: Cannot add dependency job for unit rhel-loadmodules.service, ignoring: Unit is masked.
Mar 23 17:40:47 localhost systemd[1]: Cannot add dependency job for unit rhel-autorelabel.service, ignoring: Unit is masked.
Mar 23 17:40:47 localhost systemd[1]: Cannot add dependency job for unit systemd-tmpfiles-clean.timer, ignoring: Unit is masked.
Mar 23 17:40:47 localhost systemd[1]: Starting Network Manager Script Dispatcher Service...
Mar 23 17:40:47 localhost systemd[1]: Reached target Network.
Mar 23 17:40:47 localhost systemd[1]: Starting Network.
Mar 23 17:40:47 localhost systemd[1]: Starting Logout off all iSCSI sessions on shutdown...
Mar 23 17:40:47 localhost systemd[1]: Starting Network Manager Wait Online...
Mar 23 17:40:47 localhost systemd[1]: Started Logout off all iSCSI sessions on shutdown.
Mar 23 17:40:47 localhost systemd[1]: Starting Availability of block devices...
Mar 23 17:40:47 localhost systemd[1]: Reached target Remote File Systems (Pre).
Mar 23 17:40:47 localhost systemd[1]: Starting Remote File Systems (Pre).
Mar 23 17:40:47 localhost systemd[1]: Started Availability of block devices.
Mar 23 17:40:47 localhost dbus[1422]: [system] Successfully activated service 'org.freedesktop.nm_dispatcher'
Mar 23 17:40:47 localhost systemd[1]: Started Network Manager Script Dispatcher Service.
Mar 23 17:40:47 localhost NetworkManager[1410]: <debug> [1521826847.6766] create SettingsPluginIfcfg singleton (0x559961215800)
Mar 23 17:40:47 localhost NetworkManager[1410]: <info>  [1521826847.6768] settings: loaded plugin ifcfg-rh: (c) 2007 - 2015 Red Hat, Inc.  To report bugs please use the NetworkManager mailing list. (/usr/lib64/NetworkManager/libnm-settings-plugin-ifcfg-rh.so)
Mar 23 17:40:47 localhost NetworkManager[1410]: <info>  [1521826847.6768] settings: loaded plugin keyfile: (c) 2007 - 2016 Red Hat, Inc.  To report bugs please use the NetworkManager mailing list.
Mar 23 17:40:47 localhost NetworkManager[1410]: <debug> [1521826847.6772] ifcfg-rh: loading from file "/etc/sysconfig/network-scripts/ifcfg-eth0"...
Mar 23 17:40:47 localhost NetworkManager[1410]: <debug> [1521826847.6803] settings-connection[0x5599611e1200]: constructed (NMIfcfgConnection)
Mar 23 17:40:47 localhost NetworkManager[1410]: <info>  [1521826847.6844] ifcfg-rh: new connection /etc/sysconfig/network-scripts/ifcfg-eth0 (4b47018e-4747-47e9-a982-f864e324ba9a,"eth0")
Mar 23 17:40:47 localhost NetworkManager[1410]: <debug> [1521826847.6844] ifcfg-rh: loading from file "/etc/sysconfig/network-scripts/ifcfg-lo"...
Mar 23 17:40:47 localhost NetworkManager[1410]: <debug> [1521826847.6845] ifcfg-rh: loading "/etc/sysconfig/network-scripts/ifcfg-lo" fails: Ignoring loopback device config.
Mar 23 17:40:47 localhost NetworkManager[1410]: <debug> [1521826847.6872] settings-connection[0x5599611e1200,4b47018e-4747-47e9-a982-f864e324ba9a]: failed to read connection timestamp: No such file or directory
Mar 23 17:40:47 localhost NetworkManager[1410]: <debug> [1521826847.6885] ++ connection 'new connection' (0x5599611e1200/NMIfcfgConnection/"802-3-ethernet"): [/org/freedesktop/NetworkManager/Settings/1]
Mar 23 17:40:47 localhost NetworkManager[1410]: <debug> [1521826847.6885] ++ connection                [ 0x5599611b5a40 ]
Mar 23 17:40:47 localhost NetworkManager[1410]: <debug> [1521826847.6896] ++ connection.id             = 'eth0'
Mar 23 17:40:47 localhost NetworkManager[1410]: <debug> [1521826847.6896] ++ connection.permissions    = []
Mar 23 17:40:47 localhost NetworkManager[1410]: <debug> [1521826847.6896] ++ connection.type           = '802-3-ethernet'
Mar 23 17:40:47 localhost NetworkManager[1410]: <debug> [1521826847.6896] ++ connection.uuid           = '4b47018e-4747-47e9-a982-f864e324ba9a'
Mar 23 17:40:47 localhost NetworkManager[1410]: <debug> [1521826847.6897] ++ 802-3-ethernet            [ 0x5599611dc3b0 ]
Mar 23 17:40:47 localhost NetworkManager[1410]: <debug> [1521826847.6897] ++ 802-3-ethernet.mac-address = '52:54:00:7A:0B:3E'
Mar 23 17:40:47 localhost NetworkManager[1410]: <debug> [1521826847.6897] ++ 802-3-ethernet.mac-address-blacklist = []
Mar 23 17:40:47 localhost NetworkManager[1410]: <debug> [1521826847.6897] ++ 802-3-ethernet.s390-options = ((GHashTable*) 0x5599612250c0)
Mar 23 17:40:47 localhost NetworkManager[1410]: <debug> [1521826847.6898] ++ ipv4                      [ 0x5599611b5f80 ]
Mar 23 17:40:47 localhost NetworkManager[1410]: <debug> [1521826847.6898] ++ ipv4.addresses            = ((GPtrArray*) 0x7f1190003b20)
Mar 23 17:40:47 localhost NetworkManager[1410]: <debug> [1521826847.6898] ++ ipv4.dns                  = []
Mar 23 17:40:47 localhost NetworkManager[1410]: <debug> [1521826847.6898] ++ ipv4.dns-search           = []
Mar 23 17:40:47 localhost NetworkManager[1410]: <debug> [1521826847.6898] ++ ipv4.method               = 'auto'
Mar 23 17:40:47 localhost NetworkManager[1410]: <debug> [1521826847.6898] ++ ipv4.routes               = ((GPtrArray*) 0x559961221720)
Mar 23 17:40:47 localhost NetworkManager[1410]: <debug> [1521826847.6899] ++ ipv6                      [ 0x5599611b5ec0 ]
Mar 23 17:40:47 localhost NetworkManager[1410]: <debug> [1521826847.6899] ++ ipv6.addr-gen-mode        = 0
Mar 23 17:40:47 localhost NetworkManager[1410]: <debug> [1521826847.6899] ++ ipv6.addresses            = ((GPtrArray*) 0x5599612217a0)
Mar 23 17:40:47 localhost NetworkManager[1410]: <debug> [1521826847.6899] ++ ipv6.dns                  = []
Mar 23 17:40:47 localhost NetworkManager[1410]: <debug> [1521826847.6899] ++ ipv6.dns-search           = []
Mar 23 17:40:47 localhost NetworkManager[1410]: <debug> [1521826847.6900] ++ ipv6.method               = 'auto'
Mar 23 17:40:47 localhost NetworkManager[1410]: <debug> [1521826847.6900] ++ ipv6.routes               = ((GPtrArray*) 0x559961221900)
Mar 23 17:40:47 localhost NetworkManager[1410]: <info>  [1521826847.6902] manager: rfkill: WiFi enabled by radio killswitch; enabled by state file
Mar 23 17:40:47 localhost NetworkManager[1410]: <info>  [1521826847.6902] manager: rfkill: WWAN enabled by radio killswitch; enabled by state file
Mar 23 17:40:47 localhost NetworkManager[1410]: <info>  [1521826847.6903] manager: Networking is enabled by state file
Mar 23 17:40:47 localhost NetworkManager[1410]: <debug> [1521826847.6903] dispatcher: (1) dispatching action 'hostname'
Mar 23 17:40:47 localhost nm-dispatcher[1433]: req:1 'hostname': new request (4 scripts)
Mar 23 17:40:47 localhost nm-dispatcher[1433]: req:1 'hostname': environment: PATH=/usr/local/sbin:/usr/local/bin:/usr/sbin:/usr/bin
Mar 23 17:40:47 localhost nm-dispatcher[1433]: req:1 'hostname': start running ordered scripts...
Mar 23 17:40:47 localhost nm-dispatcher[1433]: req:1 'hostname', "/etc/NetworkManager/dispatcher.d/00-netreport": run script
Mar 23 17:40:47 localhost NetworkManager[1410]: <debug> [1521826847.6948] dhcp-init: enabled DHCP client 'dhclient' (NMDhcpDhclient)
Mar 23 17:40:47 localhost NetworkManager[1410]: <debug> [1521826847.6948] dhcp-init: enabled DHCP client 'internal' (NMDhcpSystemd)
Mar 23 17:40:47 localhost NetworkManager[1410]: <info>  [1521826847.6948] dhcp-init: Using DHCP client 'dhclient'
Mar 23 17:40:47 localhost NetworkManager[1410]: <debug> [1521826847.6948] create NMDhcpManager singleton (0x5599611f7060)
Mar 23 17:40:47 localhost NetworkManager[1410]: <info>  [1521826847.6951] Loaded device plugin: NMBondDeviceFactory (internal)
Mar 23 17:40:47 localhost NetworkManager[1410]: <info>  [1521826847.6952] Loaded device plugin: NMBridgeDeviceFactory (internal)
Mar 23 17:40:47 localhost NetworkManager[1410]: <info>  [1521826847.6952] Loaded device plugin: NMDummyDeviceFactory (internal)
Mar 23 17:40:47 localhost NetworkManager[1410]: <info>  [1521826847.6953] Loaded device plugin: NMEthernetDeviceFactory (internal)
Mar 23 17:40:47 localhost systemd[1]: Cannot add dependency job for unit rhel-loadmodules.service, ignoring: Unit is masked.
Mar 23 17:40:47 localhost NetworkManager[1410]: <info>  [1521826847.6953] Loaded device plugin: NMInfinibandDeviceFactory (internal)
Mar 23 17:40:47 localhost systemd[1]: Cannot add dependency job for unit rhel-autorelabel.service, ignoring: Unit is masked.
Mar 23 17:40:47 localhost NetworkManager[1410]: <info>  [1521826847.6953] Loaded device plugin: NMIPTunnelDeviceFactory (internal)
Mar 23 17:40:47 localhost systemd[1]: Cannot add dependency job for unit systemd-tmpfiles-clean.timer, ignoring: Unit is masked.
Mar 23 17:40:47 localhost NetworkManager[1410]: <info>  [1521826847.6953] Loaded device plugin: NMMacsecDeviceFactory (internal)
Mar 23 17:40:47 localhost systemd[1]: Starting Authorization Manager...
Mar 23 17:40:47 localhost NetworkManager[1410]: <info>  [1521826847.6954] Loaded device plugin: NMMacvlanDeviceFactory (internal)
Mar 23 17:40:47 localhost NetworkManager[1410]: <info>  [1521826847.6954] Loaded device plugin: NMPppDeviceFactory (internal)
Mar 23 17:40:47 localhost NetworkManager[1410]: <info>  [1521826847.6954] Loaded device plugin: NMTunDeviceFactory (internal)
Mar 23 17:40:47 localhost NetworkManager[1410]: <info>  [1521826847.6954] Loaded device plugin: NMVethDeviceFactory (internal)
Mar 23 17:40:47 localhost NetworkManager[1410]: <info>  [1521826847.6955] Loaded device plugin: NMVlanDeviceFactory (internal)
Mar 23 17:40:47 localhost NetworkManager[1410]: <info>  [1521826847.6955] Loaded device plugin: NMVxlanDeviceFactory (internal)
Mar 23 17:40:47 localhost NetworkManager[1410]: <info>  [1521826847.7032] Loaded device plugin: NMWifiFactory (/usr/lib64/NetworkManager/libnm-device-plugin-wifi.so)
Mar 23 17:40:47 localhost NetworkManager[1410]: <info>  [1521826847.7142] Loaded device plugin: NMTeamFactory (/usr/lib64/NetworkManager/libnm-device-plugin-team.so)
Mar 23 17:40:47 localhost NetworkManager[1410]: <debug> [1521826847.7171] device[0x559961236470] (lo): unmanaged: flags set to [platform-init,by-default=0x110/0x110/unmanaged/unrealized], set-unmanaged [by-default=0x100])
Mar 23 17:40:47 localhost NetworkManager[1410]: <debug> [1521826847.7172] device[0x559961236470] (lo): constructed (NMDeviceGeneric)
Mar 23 17:40:47 localhost NetworkManager[1410]: <debug> [1521826847.7173] device[0x559961236470] (lo): start setup of NMDeviceGeneric, kernel ifindex 1
Mar 23 17:40:47 localhost NetworkManager[1410]: <debug> [1521826847.7173] device[0x559961236470] (lo): assume-state: set guess-assume=1, connection=(null)
Mar 23 17:40:47 localhost NetworkManager[1410]: <debug> [1521826847.7174] platform-linux: error reading net:/sys/class/net/lo/phys_port_id: error reading 4096 bytes from file descriptor: Operation not supported
Mar 23 17:40:47 localhost NetworkManager[1410]: <debug> [1521826847.7175] platform-linux: sysctl: reading 'net:/sys/class/net/lo/dev_id': '0x0'
Mar 23 17:40:47 localhost NetworkManager[1410]: <debug> [1521826847.7197] platform-linux: error reading net:/sys/class/net/lo/device/sriov_totalvfs: Failed to open file "device/sriov_totalvfs" with openat: No such file or directory
Mar 23 17:40:47 localhost NetworkManager[1410]: <debug> [1521826847.7197] device[0x559961236470] (lo): hw-addr: hardware address now 00:00:00:00:00:00
Mar 23 17:40:47 localhost NetworkManager[1410]: <debug> [1521826847.7198] device[0x559961236470] (lo): hw-addr: update initial MAC address 00:00:00:00:00:00
Mar 23 17:40:47 localhost NetworkManager[1410]: <debug> [1521826847.7198] device[0x559961236470] (lo): hw-addr: unable to read permanent MAC address (use current: 00:00:00:00:00:00)
Mar 23 17:40:47 localhost NetworkManager[1410]: <info>  [1521826847.7199] device (lo): carrier: link connected
Mar 23 17:40:47 localhost NetworkManager[1410]: <debug> [1521826847.7199] device[0x559961236470] (lo): unmanaged: flags set to [platform-init,by-default,!external-down=0x110/0x910/unmanaged/unrealized], set-managed [external-down=0x800])
Mar 23 17:40:47 localhost NetworkManager[1410]: <debug> [1521826847.7199] device[0x559961236470] (lo): unmanaged: flags set to [loopback,platform-init,by-default,!external-down=0x118/0x918/unmanaged/unrealized], set-unmanaged [loopback=0x8])
Mar 23 17:40:47 localhost NetworkManager[1410]: <debug> [1521826847.7199] device[0x559961236470] (lo): unmanaged: flags set to [loopback,platform-init,by-default,!user-settings,!external-down=0x118/0x958/unmanaged/unrealized], set-managed [user-settings=0x40])
Mar 23 17:40:47 localhost NetworkManager[1410]: <debug> [1521826847.7199] device[0x559961236470] (lo): unmanaged: flags set to [loopback,by-default,!platform-init,!user-settings,!external-down=0x108/0x958/unmanaged/unrealized], set-managed [platform-init=0x10])
Mar 23 17:40:47 localhost NetworkManager[1410]: <debug> [1521826847.7200] device[0x559961236470] (lo): unmanaged: flags set to [loopback,by-default,!sleeping,!platform-init,!user-settings,!external-down=0x108/0x959/unmanaged/unrealized], set-managed [sleeping=0x1])
Mar 23 17:40:47 localhost NetworkManager[1410]: <info>  [1521826847.7240] manager: (lo): new Generic device (/org/freedesktop/NetworkManager/Devices/1)
Mar 23 17:40:47 localhost NetworkManager[1410]: <debug> [1521826847.7245] device[0x559961236470] (lo): assume-state: set guess-assume=0, connection=(null)
Mar 23 17:40:47 localhost NetworkManager[1410]: <debug> [1521826847.7247] device[0x559961243ce0] (eth0): constructed (NMDeviceEthernet)
Mar 23 17:40:47 localhost NetworkManager[1410]: <debug> [1521826847.7248] device[0x559961243ce0] (eth0): start setup of NMDeviceEthernet, kernel ifindex 2
Mar 23 17:40:47 localhost NetworkManager[1410]: <debug> [1521826847.7248] device[0x559961243ce0] (eth0): assume-state: set guess-assume=1, connection=(null)
Mar 23 17:40:47 localhost NetworkManager[1410]: <debug> [1521826847.7249] platform-linux: error reading net:/sys/class/net/eth0/phys_port_id: error reading 4096 bytes from file descriptor: Operation not supported
Mar 23 17:40:47 localhost NetworkManager[1410]: <debug> [1521826847.7250] platform-linux: sysctl: reading 'net:/sys/class/net/eth0/dev_id': '0x0'
Mar 23 17:40:47 localhost NetworkManager[1410]: <debug> [1521826847.7251] platform-linux: error reading net:/sys/class/net/eth0/device/sriov_totalvfs: Failed to open file "device/sriov_totalvfs" with openat: No such file or directory
Mar 23 17:40:47 localhost NetworkManager[1410]: <debug> [1521826847.7252] device[0x559961243ce0] (eth0): hw-addr: hardware address now 52:54:00:7A:0B:3E
Mar 23 17:40:47 localhost NetworkManager[1410]: <debug> [1521826847.7252] device[0x559961243ce0] (eth0): hw-addr: update initial MAC address 52:54:00:7A:0B:3E
Mar 23 17:40:47 localhost NetworkManager[1410]: <debug> [1521826847.7252] device[0x559961243ce0] (eth0): hw-addr: read permanent MAC address '52:54:00:7A:0B:3E'
Mar 23 17:40:47 localhost NetworkManager[1410]: <info>  [1521826847.7252] device (eth0): carrier: link connected
Mar 23 17:40:47 localhost NetworkManager[1410]: <debug> [1521826847.7254] device[0x559961243ce0] (eth0): unmanaged: flags set to [platform-init,!loopback=0x10/0x18/unmanaged/unrealized], set-managed [loopback=0x8])
Mar 23 17:40:47 localhost NetworkManager[1410]: <debug> [1521826847.7254] device[0x559961243ce0] (eth0): unmanaged: flags set to [platform-init,!loopback,!user-settings=0x10/0x58/unmanaged/unrealized], set-managed [user-settings=0x40])
Mar 23 17:40:47 localhost NetworkManager[1410]: <debug> [1521826847.7254] device[0x559961243ce0] (eth0): unmanaged: flags set to [!loopback,!platform-init,!user-settings=0x0/0x58/managed/unrealized], set-managed [platform-init=0x10])
Mar 23 17:40:47 localhost NetworkManager[1410]: <debug> [1521826847.7255] device[0x559961243ce0] (eth0): unmanaged: flags set to [!sleeping,!loopback,!platform-init,!user-settings=0x0/0x59/managed/unrealized], set-managed [sleeping=0x1])
Mar 23 17:40:47 localhost NetworkManager[1410]: <info>  [1521826847.7304] manager: (eth0): new Ethernet device (/org/freedesktop/NetworkManager/Devices/2)
Mar 23 17:40:47 localhost NetworkManager[1410]: <debug> [1521826847.7327] device[0x559961243ce0] (eth0): ip4-config: update (commit=0, new-config=0x55996124f2c0)
Mar 23 17:40:47 localhost NetworkManager[1410]: <debug> [1521826847.7351] device[0x559961243ce0] (eth0): ip4-config: set IP4Config instance (/org/freedesktop/NetworkManager/IP4Config/1)
Mar 23 17:40:47 localhost NetworkManager[1410]: <debug> [1521826847.7351] dns-mgr: (device_ip4_config_changed): queueing DNS updates (1)
Mar 23 17:40:47 localhost NetworkManager[1410]: <debug> [1521826847.7352] dns-mgr: (device_ip4_config_changed): DNS configuration did not change
Mar 23 17:40:47 localhost NetworkManager[1410]: <debug> [1521826847.7352] dns-mgr: (device_ip4_config_changed): no DNS changes to commit (0)
Mar 23 17:40:47 localhost NetworkManager[1410]: <debug> [1521826847.7354] device[0x559961243ce0] (eth0): ip6-config: update (commit=0, new-config=0x559961256280)
Mar 23 17:40:47 localhost NetworkManager[1410]: <debug> [1521826847.7373] device[0x559961243ce0] (eth0): ip6-config: set IP6Config instance (/org/freedesktop/NetworkManager/IP6Config/1)
Mar 23 17:40:47 localhost NetworkManager[1410]: <debug> [1521826847.7374] dns-mgr: (device_ip6_config_changed): queueing DNS updates (1)
Mar 23 17:40:47 localhost NetworkManager[1410]: <debug> [1521826847.7374] dns-mgr: (device_ip6_config_changed): DNS configuration did not change
Mar 23 17:40:47 localhost NetworkManager[1410]: <debug> [1521826847.7374] dns-mgr: (device_ip6_config_changed): no DNS changes to commit (0)
Mar 23 17:40:47 localhost NetworkManager[1410]: <info>  [1521826847.7379] manager: (eth0): assume: will attempt to assume matching connection 'eth0' (4b47018e-4747-47e9-a982-f864e324ba9a) (guessed)
Mar 23 17:40:47 localhost NetworkManager[1410]: <debug> [1521826847.7379] device[0x559961243ce0] (eth0): assume-state: set guess-assume=0, connection=(null)
Mar 23 17:40:47 localhost NetworkManager[1410]: <info>  [1521826847.7380] device (eth0): state change: unmanaged -> unavailable (reason 'connection-assumed', sys-iface-state: 'assume')
Mar 23 17:40:47 localhost NetworkManager[1410]: <debug> [1521826847.7382] platform-linux: sysctl: reading '/proc/sys/net/ipv6/conf/eth0/accept_ra': '1'
Mar 23 17:40:47 localhost NetworkManager[1410]: <debug> [1521826847.7383] platform-linux: sysctl: reading '/proc/sys/net/ipv6/conf/eth0/accept_ra_defrtr': '1'
Mar 23 17:40:47 localhost NetworkManager[1410]: <debug> [1521826847.7383] platform-linux: sysctl: reading '/proc/sys/net/ipv6/conf/eth0/accept_ra_pinfo': '1'
Mar 23 17:40:47 localhost NetworkManager[1410]: <debug> [1521826847.7384] platform-linux: sysctl: reading '/proc/sys/net/ipv6/conf/eth0/accept_ra_rtr_pref': '1'
Mar 23 17:40:47 localhost NetworkManager[1410]: <debug> [1521826847.7385] platform-linux: sysctl: reading '/proc/sys/net/ipv6/conf/eth0/forwarding': '0'
Mar 23 17:40:47 localhost NetworkManager[1410]: <debug> [1521826847.7385] platform-linux: sysctl: reading '/proc/sys/net/ipv6/conf/eth0/disable_ipv6': '0'
Mar 23 17:40:47 localhost NetworkManager[1410]: <debug> [1521826847.7416] platform-linux: sysctl: reading '/proc/sys/net/ipv6/conf/eth0/hop_limit': '64'
Mar 23 17:40:47 localhost NetworkManager[1410]: <debug> [1521826847.7417] platform-linux: sysctl: reading '/proc/sys/net/ipv6/conf/eth0/use_tempaddr': '0'
Mar 23 17:40:47 localhost NetworkManager[1410]: <debug> [1521826847.7430] device[0x559961243ce0] (eth0): add_pending_action (1): 'recheck-available'
Mar 23 17:40:47 localhost NetworkManager[1410]: <info>  [1521826847.7430] device (eth0): state change: unavailable -> disconnected (reason 'connection-assumed', sys-iface-state: 'assume')
Mar 23 17:40:47 localhost NetworkManager[1410]: <debug> [1521826847.7439] device[0x559961243ce0] (eth0): add_pending_action (2): 'autoactivate'
Mar 23 17:40:47 localhost NetworkManager[1410]: <debug> [1521826847.7442] active-connection[0x559961256420]: set device "eth0" [0x559961243ce0]
Mar 23 17:40:47 localhost NetworkManager[1410]: <debug> [1521826847.7442] device[0x559961243ce0] (eth0): add_pending_action (3): 'activation-0x559961256420'
Mar 23 17:40:47 localhost NetworkManager[1410]: <debug> [1521826847.7466] active-connection[0x559961256420]: constructed (NMActRequest, version-id 1, type assume)
Mar 23 17:40:47 localhost NetworkManager[1410]: <info>  [1521826847.7512] device (eth0): Activation: starting connection 'eth0' (4b47018e-4747-47e9-a982-f864e324ba9a)
Mar 23 17:40:47 localhost NetworkManager[1410]: <debug> [1521826847.7513] device[0x559961243ce0] (eth0): activation-stage: schedule activate_stage1_device_prepare,v4 (id 39)
Mar 23 17:40:47 localhost NetworkManager[1410]: <debug> [1521826847.7536] create NMVpnManager singleton (0x5599611f6320)
Mar 23 17:40:47 localhost NetworkManager[1410]: <debug> [1521826847.7536] manager: creating virtual devices...
Mar 23 17:40:47 localhost NetworkManager[1410]: <debug> [1521826847.7536] setting up local loopback
Mar 23 17:40:47 localhost NetworkManager[1410]: <debug> [1521826847.7536] platform: link: setting up "lo" (1)
Mar 23 17:40:47 localhost NetworkManager[1410]: <debug> [1521826847.7537] platform-linux: link: change 1: flags: set 0x1/0x1 ([up] / [up])
Mar 23 17:40:47 localhost NetworkManager[1410]: <debug> [1521826847.7537] platform-linux: do-request-link: 1
Mar 23 17:40:47 localhost NetworkManager[1410]: <debug> [1521826847.7538] platform-linux: do-change-link[1]: success changing link: success
Mar 23 17:40:47 localhost dbus[1422]: [system] Activating via systemd: service name='org.freedesktop.PolicyKit1' unit='polkit.service'
Mar 23 17:40:47 localhost NetworkManager[1410]: <debug> [1521826847.7724] sleep-monitor-sd: inhibit: taking sleep inhibitor...
Mar 23 17:40:47 localhost NetworkManager[1410]: <debug> [1521826847.7772] ifcfg-rh: dbus: aquired D-Bus service com.redhat.ifcfgrh1 and exported /com/redhat/ifcfgrh1 object
Mar 23 17:40:47 localhost NetworkManager[1410]: <debug> [1521826847.7963] sleep-monitor-sd: inhibit: inhibitor fd is 17
Mar 23 17:40:47 localhost NetworkManager[1410]: <debug> [1521826847.7963] firewall: firewall initialized (not running)
Mar 23 17:40:47 localhost NetworkManager[1410]: <debug> [1521826847.8033] device[0x559961236470] (lo): ip4-config: update (commit=0, new-config=0x55996124f540)
Mar 23 17:40:47 localhost NetworkManager[1410]: <debug> [1521826847.8097] device[0x559961236470] (lo): ip4-config: set IP4Config instance (/org/freedesktop/NetworkManager/IP4Config/2)
Mar 23 17:40:47 localhost NetworkManager[1410]: <debug> [1521826847.8097] dns-mgr: (device_ip4_config_changed): queueing DNS updates (1)
Mar 23 17:40:47 localhost NetworkManager[1410]: <debug> [1521826847.8098] dns-mgr: (device_ip4_config_changed): DNS configuration did not change
Mar 23 17:40:47 localhost NetworkManager[1410]: <debug> [1521826847.8098] dns-mgr: (device_ip4_config_changed): no DNS changes to commit (0)
Mar 23 17:40:47 localhost NetworkManager[1410]: <debug> [1521826847.8098] device[0x559961236470] (lo): ip6-config: update (commit=0, new-config=0x559961256700)
Mar 23 17:40:47 localhost NetworkManager[1410]: <debug> [1521826847.8233] device[0x559961236470] (lo): ip6-config: set IP6Config instance (/org/freedesktop/NetworkManager/IP6Config/2)
Mar 23 17:40:47 localhost NetworkManager[1410]: <debug> [1521826847.8234] dns-mgr: (device_ip6_config_changed): queueing DNS updates (1)
Mar 23 17:40:47 localhost NetworkManager[1410]: <debug> [1521826847.8234] dns-mgr: (device_ip6_config_changed): DNS configuration did not change
Mar 23 17:40:47 localhost NetworkManager[1410]: <debug> [1521826847.8234] dns-mgr: (device_ip6_config_changed): no DNS changes to commit (0)
Mar 23 17:40:47 localhost NetworkManager[1410]: <debug> [1521826847.8310] device[0x559961243ce0] (eth0): ip4-config: update (commit=0, new-config=0x55996124f680)
Mar 23 17:40:47 localhost NetworkManager[1410]: <debug> [1521826847.8310] device[0x559961243ce0] (eth0): ip6-config: update (commit=0, new-config=0x559961256a60)
Mar 23 17:40:47 localhost NetworkManager[1410]: <debug> [1521826847.8360] device[0x559961243ce0] (eth0): remove_pending_action (2): 'recheck-available'
Mar 23 17:40:47 localhost NetworkManager[1410]: <debug> [1521826847.8360] device[0x559961243ce0] (eth0): remove_pending_action (1): 'autoactivate'
Mar 23 17:40:47 localhost NetworkManager[1410]: <debug> [1521826847.8360] device[0x559961243ce0] (eth0): activation-stage: invoke activate_stage1_device_prepare,v4 (id 39)
Mar 23 17:40:47 localhost NetworkManager[1410]: <info>  [1521826847.8361] device (eth0): state change: disconnected -> prepare (reason 'none', sys-iface-state: 'assume')
Mar 23 17:40:47 localhost NetworkManager[1410]: <debug> [1521826847.8379] active-connection[0x559961256420]: set state activating (was unknown)
Mar 23 17:40:47 localhost NetworkManager[1410]: <debug> [1521826847.8383] active-connection[0x559961256420]: check-master-ready: not signalling (state activating, no master)
Mar 23 17:40:47 localhost NetworkManager[1410]: <debug> [1521826847.8383] manager: ActivatingConnection now eth0
Mar 23 17:40:47 localhost NetworkManager[1410]: <debug> [1521826847.8384] device[0x559961243ce0] (eth0): activation-stage: schedule activate_stage2_device_config,v4 (id 79)
Mar 23 17:40:47 localhost NetworkManager[1410]: <debug> [1521826847.8384] device[0x559961243ce0] (eth0): activation-stage: complete activate_stage1_device_prepare,v4 (id 39)
Mar 23 17:40:47 localhost NetworkManager[1410]: <debug> [1521826847.8407] manager: (lo): assume: don't assume because not managed
Mar 23 17:40:47 localhost NetworkManager[1410]: <debug> [1521826847.8418] device[0x559961243ce0] (eth0): activation-stage: invoke activate_stage2_device_config,v4 (id 79)
Mar 23 17:40:47 localhost NetworkManager[1410]: <info>  [1521826847.8419] device (eth0): state change: prepare -> config (reason 'none', sys-iface-state: 'assume')
Mar 23 17:40:47 localhost NetworkManager[1410]: <debug> [1521826847.8436] firewall: [0x7f118c004400,change*:"eth0"]: firewall zone change eth0:default (not running, simulate success)
Mar 23 17:40:47 localhost NetworkManager[1410]: <debug> [1521826847.8436] device[0x559961243ce0] (eth0): activation-stage: complete activate_stage2_device_config,v4 (id 79)
Mar 23 17:40:47 localhost NetworkManager[1410]: <debug> [1521826847.8459] firewall: [0x7f118c004400,change*:"eth0"]: complete: fake success
Mar 23 17:40:47 localhost NetworkManager[1410]: <debug> [1521826847.8459] device[0x559961243ce0] (eth0): activation-stage: schedule activate_stage3_ip_config_start,v4 (id 84)
Mar 23 17:40:47 localhost NetworkManager[1410]: <debug> [1521826847.8460] device[0x559961243ce0] (eth0): activation-stage: invoke activate_stage3_ip_config_start,v4 (id 84)
Mar 23 17:40:47 localhost NetworkManager[1410]: <debug> [1521826847.8460] active-connection[0x559961256420]: set state-flags layer2-ready (was none)
Mar 23 17:40:47 localhost NetworkManager[1410]: <info>  [1521826847.8460] device (eth0): state change: config -> ip-config (reason 'none', sys-iface-state: 'assume')
Mar 23 17:40:47 localhost nm-dispatcher[1433]: req:1 'hostname', "/etc/NetworkManager/dispatcher.d/00-netreport": complete
Mar 23 17:40:47 localhost nm-dispatcher[1433]: req:1 'hostname', "/etc/NetworkManager/dispatcher.d/04-iscsi": run script
Mar 23 17:40:47 localhost NetworkManager[1410]: <debug> [1521826847.8494] bus-manager: (dhcp) creating private socket unix:path=/var/run/NetworkManager/private-dhcp
Mar 23 17:40:47 localhost NetworkManager[1410]: <debug> [1521826847.8510] create NMDhcpListener singleton (0x5599611eb400)
Mar 23 17:40:47 localhost NetworkManager[1410]: <info>  [1521826847.8510] dhcp4 (eth0): activation: beginning transaction (timeout in 45 seconds)
Mar 23 17:40:47 localhost NetworkManager[1410]: <debug> [1521826847.8510] dhcp4 (eth0): creating composite dhclient config /var/lib/NetworkManager/dhclient-eth0.conf
Mar 23 17:40:47 localhost NetworkManager[1410]: <debug> [1521826847.8510] dhcp4 (eth0): looking for existing config /etc/NetworkManager/dhclient-4b47018e-4747-47e9-a982-f864e324ba9a.conf
Mar 23 17:40:47 localhost NetworkManager[1410]: <debug> [1521826847.8511] dhcp4 (eth0): looking for existing config /etc/NetworkManager/dhclient-eth0.conf
Mar 23 17:40:47 localhost NetworkManager[1410]: <debug> [1521826847.8511] dhcp4 (eth0): looking for existing config /etc/NetworkManager/dhclient.conf
Mar 23 17:40:47 localhost NetworkManager[1410]: <debug> [1521826847.8512] dhcp4 (eth0): looking for existing config /etc/dhcp/dhclient-eth0.conf
