17:40:23,744 INFO journal:Runtime journal is using 8.0M (max allowed 150.3M, trying to leave 225.5M free of 1.4G available → current limit 150.3M).
17:40:23,744 INFO kernel:Initializing cgroup subsys cpuset
17:40:23,744 INFO kernel:Initializing cgroup subsys cpu
17:40:23,744 INFO kernel:Initializing cgroup subsys cpuacct
17:40:23,744 NOTICE kernel:Linux version 3.10.0-862.el7.x86_64 (mockbuild@x86-034.build.eng.bos.redhat.com) (gcc version 4.8.5 20150623 (Red Hat 4.8.5-28) (GCC) ) #1 SMP Wed Mar 21 18:14:51 EDT 2018
17:40:23,744 INFO kernel:Command line: method=http://download-node-02.eng.bos.redhat.com/rel-eng/RHEL-7.5-RC-1.3/compose/Server/x86_64/os/ ks=file:/ks.cfg
17:40:23,744 INFO kernel:e820: BIOS-provided physical RAM map:
17:40:23,745 INFO kernel:BIOS-e820: [mem 0x0000000000000000-0x000000000009fbff] usable
17:40:23,745 INFO kernel:BIOS-e820: [mem 0x000000000009fc00-0x000000000009ffff] reserved
17:40:23,745 INFO kernel:BIOS-e820: [mem 0x00000000000f0000-0x00000000000fffff] reserved
17:40:23,745 INFO kernel:BIOS-e820: [mem 0x0000000000100000-0x00000000bffdbfff] usable
17:40:23,745 INFO kernel:BIOS-e820: [mem 0x00000000bffdc000-0x00000000bfffffff] reserved
17:40:23,745 INFO kernel:BIOS-e820: [mem 0x00000000feffc000-0x00000000feffffff] reserved
17:40:23,745 INFO kernel:BIOS-e820: [mem 0x00000000fffc0000-0x00000000ffffffff] reserved
17:40:23,745 INFO kernel:NX (Execute Disable) protection: active
17:40:23,745 INFO kernel:SMBIOS 2.8 present.
17:40:23,745 DEBUG kernel:DMI: Red Hat KVM, BIOS 1.10.2-3.el7_4.1 04/01/2014
17:40:23,745 INFO kernel:Hypervisor detected: KVM
17:40:23,745 DEBUG kernel:e820: update [mem 0x00000000-0x00000fff] usable ==> reserved
17:40:23,745 DEBUG kernel:e820: remove [mem 0x000a0000-0x000fffff] usable
17:40:23,745 INFO kernel:e820: last_pfn = 0xbffdc max_arch_pfn = 0x400000000
17:40:23,745 DEBUG kernel:MTRR default type: write-back
17:40:23,745 DEBUG kernel:MTRR fixed ranges enabled:
17:40:23,745 DEBUG kernel:  00000-9FFFF write-back
17:40:23,745 DEBUG kernel:  A0000-BFFFF uncachable
17:40:23,745 DEBUG kernel:  C0000-FFFFF write-protect
17:40:23,745 DEBUG kernel:MTRR variable ranges enabled:
17:40:23,745 DEBUG kernel:  0 base 0000C0000000 mask 3FFFC0000000 uncachable
17:40:23,745 DEBUG kernel:  1 disabled
17:40:23,745 DEBUG kernel:  2 disabled
17:40:23,745 DEBUG kernel:  3 disabled
17:40:23,745 DEBUG kernel:  4 disabled
17:40:23,745 DEBUG kernel:  5 disabled
17:40:23,745 DEBUG kernel:  6 disabled
17:40:23,745 DEBUG kernel:  7 disabled
17:40:23,745 INFO kernel:PAT not supported by CPU.
17:40:23,745 INFO kernel:found SMP MP-table at [mem 0x000f72f0-0x000f72ff] mapped at [ffffffffff2002f0]
17:40:23,745 DEBUG kernel:Base memory trampoline at [ffff9abbc0099000] 99000 size 24576
17:40:23,745 DEBUG kernel:BRK [0x6ac2e000, 0x6ac2efff] PGTABLE
17:40:23,745 DEBUG kernel:BRK [0x6ac2f000, 0x6ac2ffff] PGTABLE
17:40:23,745 DEBUG kernel:BRK [0x6ac30000, 0x6ac30fff] PGTABLE
17:40:23,745 DEBUG kernel:BRK [0x6ac31000, 0x6ac31fff] PGTABLE
17:40:23,745 DEBUG kernel:BRK [0x6ac32000, 0x6ac32fff] PGTABLE
17:40:23,745 DEBUG kernel:BRK [0x6ac33000, 0x6ac33fff] PGTABLE
17:40:23,745 INFO kernel:RAMDISK: [mem 0x7cbff000-0x7fffffff]
17:40:23,745 INFO kernel:Early table checksum verification disabled
17:40:23,745 WARNING kernel:ACPI: RSDP 00000000000f70d0 00014 (v00 BOCHS )
17:40:23,746 WARNING kernel:ACPI: RSDT 00000000bffe169c 00030 (v01 BOCHS  BXPCRSDT 00000001 BXPC 00000001)
17:40:23,746 WARNING kernel:ACPI: FACP 00000000bffe0c14 00074 (v01 BOCHS  BXPCFACP 00000001 BXPC 00000001)
17:40:23,746 WARNING kernel:ACPI: DSDT 00000000bffe0040 00BD4 (v01 BOCHS  BXPCDSDT 00000001 BXPC 00000001)
17:40:23,746 WARNING kernel:ACPI: FACS 00000000bffe0000 00040
17:40:23,746 WARNING kernel:ACPI: SSDT 00000000bffe0c88 0099C (v01 BOCHS  BXPCSSDT 00000001 BXPC 00000001)
17:40:23,746 WARNING kernel:ACPI: APIC 00000000bffe1624 00078 (v01 BOCHS  BXPCAPIC 00000001 BXPC 00000001)
17:40:23,746 DEBUG kernel:ACPI: Local APIC address 0xfee00000
17:40:23,746 INFO kernel:No NUMA configuration found
17:40:23,746 INFO kernel:Faking a node at [mem 0x0000000000000000-0x00000000bffdbfff]
17:40:23,746 INFO kernel:NODE_DATA(0) allocated [mem 0xbffb5000-0xbffdbfff]
17:40:23,746 INFO kernel:kvm-clock: Using msrs 4b564d01 and 4b564d00
17:40:23,746 INFO kernel:kvm-clock: cpu 0, msr 0:bff65001, primary cpu clock
17:40:23,746 INFO kernel:kvm-clock: using sched offset of 6263200521 cycles
17:40:23,746 WARNING kernel:Zone ranges:
17:40:23,746 WARNING kernel:  DMA      [mem 0x00001000-0x00ffffff]
17:40:23,746 WARNING kernel:  DMA32    [mem 0x01000000-0xffffffff]
17:40:23,746 WARNING kernel:  Normal   empty
17:40:23,746 WARNING kernel:Movable zone start for each node
17:40:23,746 WARNING kernel:Early memory node ranges
17:40:23,746 WARNING kernel:  node   0: [mem 0x00001000-0x0009efff]
17:40:23,746 WARNING kernel:  node   0: [mem 0x00100000-0xbffdbfff]
17:40:23,746 INFO kernel:Initmem setup node 0 [mem 0x00001000-0xbffdbfff]
17:40:23,746 DEBUG kernel:On node 0 totalpages: 786298
17:40:23,746 DEBUG kernel:  DMA zone: 64 pages used for memmap
17:40:23,746 DEBUG kernel:  DMA zone: 21 pages reserved
17:40:23,746 DEBUG kernel:  DMA zone: 3998 pages, LIFO batch:0
17:40:23,746 DEBUG kernel:  DMA32 zone: 12224 pages used for memmap
17:40:23,746 DEBUG kernel:  DMA32 zone: 782300 pages, LIFO batch:31
17:40:23,747 INFO kernel:ACPI: PM-Timer IO Port: 0x608
17:40:23,747 DEBUG kernel:ACPI: Local APIC address 0xfee00000
17:40:23,747 INFO kernel:ACPI: LAPIC (acpi_id[0x00] lapic_id[0x00] enabled)
17:40:23,747 INFO kernel:ACPI: LAPIC_NMI (acpi_id[0xff] dfl dfl lint[0x1])
17:40:23,747 INFO kernel:ACPI: IOAPIC (id[0x00] address[0xfec00000] gsi_base[0])
17:40:23,747 INFO kernel:IOAPIC[0]: apic_id 0, version 17, address 0xfec00000, GSI 0-23
17:40:23,747 INFO kernel:ACPI: INT_SRC_OVR (bus 0 bus_irq 0 global_irq 2 dfl dfl)
17:40:23,747 INFO kernel:ACPI: INT_SRC_OVR (bus 0 bus_irq 5 global_irq 5 high level)
17:40:23,747 INFO kernel:ACPI: INT_SRC_OVR (bus 0 bus_irq 9 global_irq 9 high level)
17:40:23,747 INFO kernel:ACPI: INT_SRC_OVR (bus 0 bus_irq 10 global_irq 10 high level)
17:40:23,747 INFO kernel:ACPI: INT_SRC_OVR (bus 0 bus_irq 11 global_irq 11 high level)
17:40:23,747 DEBUG kernel:ACPI: IRQ0 used by override.
17:40:23,747 DEBUG kernel:ACPI: IRQ5 used by override.
17:40:23,747 DEBUG kernel:ACPI: IRQ9 used by override.
17:40:23,747 DEBUG kernel:ACPI: IRQ10 used by override.
17:40:23,747 DEBUG kernel:ACPI: IRQ11 used by override.
17:40:23,747 INFO kernel:Using ACPI (MADT) for SMP configuration information
17:40:23,747 INFO kernel:smpboot: Allowing 1 CPUs, 0 hotplug CPUs
17:40:23,747 INFO kernel:PM: Registered nosave memory: [mem 0x0009f000-0x0009ffff]
17:40:23,747 INFO kernel:PM: Registered nosave memory: [mem 0x000a0000-0x000effff]
17:40:23,747 INFO kernel:PM: Registered nosave memory: [mem 0x000f0000-0x000fffff]
17:40:23,747 INFO kernel:e820: [mem 0xc0000000-0xfeffbfff] available for PCI devices
17:40:23,747 INFO kernel:Booting paravirtualized kernel on KVM
17:40:23,747 INFO kernel:setup_percpu: NR_CPUS:5120 nr_cpumask_bits:1 nr_cpu_ids:1 nr_node_ids:1
17:40:23,747 INFO kernel:PERCPU: Embedded 35 pages/cpu @ffff9abc7fa00000 s104856 r8192 d30312 u2097152
17:40:23,747 DEBUG kernel:pcpu-alloc: s104856 r8192 d30312 u2097152 alloc=1*2097152
17:40:23,747 DEBUG kernel:pcpu-alloc: [0] 0 
17:40:23,747 INFO kernel:KVM setup async PF for cpu 0
17:40:23,747 INFO kernel:kvm-stealtime: cpu 0, msr bfa134c0
17:40:23,747 INFO kernel:PV qspinlock hash table entries: 256 (order: 0, 4096 bytes)
17:40:23,747 WARNING kernel:Built 1 zonelists in Node order, mobility grouping on.  Total pages: 773989
17:40:23,747 WARNING kernel:Policy zone: DMA32
17:40:23,747 NOTICE kernel:Kernel command line: method=http://download-node-02.eng.bos.redhat.com/rel-eng/RHEL-7.5-RC-1.3/compose/Server/x86_64/os/ ks=file:/ks.cfg
17:40:23,747 INFO kernel:PID hash table entries: 4096 (order: 3, 32768 bytes)
17:40:23,747 INFO kernel:Memory: 2155832k/3145584k available (7324k kernel code, 392k absent, 122028k reserved, 6305k data, 1832k init)
17:40:23,747 INFO kernel:SLUB: HWalign=64, Order=0-3, MinObjects=0, CPUs=1, Nodes=1
17:40:23,747 INFO kernel:x86/pti: Unmapping kernel while in userspace
17:40:23,747 INFO kernel:Hierarchical RCU implementation.
17:40:23,747 INFO kernel:#011RCU restricting CPUs from NR_CPUS=5120 to nr_cpu_ids=1.
17:40:23,748 INFO kernel:NR_IRQS:327936 nr_irqs:256 0
17:40:23,748 INFO kernel:Console: colour VGA+ 80x25
17:40:23,748 INFO kernel:console [tty0] enabled
17:40:23,748 INFO kernel:allocated 12582912 bytes of page_cgroup
17:40:23,748 INFO kernel:please try 'cgroup_disable=memory' option if you don't want memory cgroups
17:40:23,748 INFO kernel:tsc: Detected 2399.998 MHz processor
17:40:23,748 INFO kernel:Calibrating delay loop (skipped) preset value.. 4799.99 BogoMIPS (lpj=2399998)
17:40:23,748 INFO kernel:pid_max: default: 32768 minimum: 301
17:40:23,748 INFO kernel:Security Framework initialized
17:40:23,748 INFO kernel:SELinux:  Initializing.
17:40:23,748 DEBUG kernel:SELinux:  Starting in permissive mode
17:40:23,748 INFO kernel:Yama: becoming mindful.
17:40:23,748 INFO kernel:Dentry cache hash table entries: 524288 (order: 10, 4194304 bytes)
17:40:23,748 INFO kernel:Inode-cache hash table entries: 262144 (order: 9, 2097152 bytes)
17:40:23,748 INFO kernel:Mount-cache hash table entries: 8192 (order: 4, 65536 bytes)
17:40:23,748 INFO kernel:Mountpoint-cache hash table entries: 8192 (order: 4, 65536 bytes)
17:40:23,748 INFO kernel:Initializing cgroup subsys memory
17:40:23,748 INFO kernel:Initializing cgroup subsys devices
17:40:23,748 INFO kernel:Initializing cgroup subsys freezer
17:40:23,748 INFO kernel:Initializing cgroup subsys net_cls
17:40:23,748 INFO kernel:Initializing cgroup subsys blkio
17:40:23,748 INFO kernel:Initializing cgroup subsys perf_event
17:40:23,748 INFO kernel:Initializing cgroup subsys hugetlb
17:40:23,748 INFO kernel:Initializing cgroup subsys pids
17:40:23,748 INFO kernel:Initializing cgroup subsys net_prio
17:40:23,748 INFO kernel:mce: CPU supports 10 MCE banks
17:40:23,748 INFO kernel:Last level iTLB entries: 4KB 0, 2MB 0, 4MB 0
17:40:23,748 INFO kernel:Last level dTLB entries: 4KB 0, 2MB 0, 4MB 0
17:40:23,748 INFO kernel:tlb_flushall_shift: 6
17:40:23,748 INFO kernel:FEATURE SPEC_CTRL Not Present
17:40:23,748 INFO kernel:FEATURE IBPB_SUPPORT Not Present
17:40:23,748 INFO kernel:Spectre V2 : Vulnerable: Retpoline without IBPB
17:40:23,748 INFO kernel:Freeing SMP alternatives: 24k freed
17:40:23,748 INFO kernel:ACPI: Core revision 20130517
17:40:23,748 WARNING kernel:ACPI: All ACPI Tables successfully acquired
17:40:23,748 INFO kernel:ftrace: allocating 28047 entries in 110 pages
17:40:23,748 INFO kernel:Enabling x2apic
17:40:23,748 INFO kernel:Enabled x2apic
17:40:23,748 INFO kernel:Switched APIC routing to physical x2apic.
17:40:23,748 INFO kernel:..TIMER: vector=0x30 apic1=0 pin1=2 apic2=-1 pin2=-1
17:40:23,748 INFO kernel:smpboot: CPU0: Intel QEMU Virtual CPU version 2.3.0 (fam: 06, model: 0d, stepping: 03)
17:40:23,748 INFO kernel:Performance Events: Broken PMU hardware detected, using software events only.
17:40:23,748 INFO kernel:Failed to access perfctr msr (MSR c2 is 0)
17:40:23,748 INFO kernel:KVM setup paravirtual spinlock
17:40:23,748 INFO kernel:Brought up 1 CPUs
17:40:23,748 INFO kernel:smpboot: Max logical packages: 1
17:40:23,748 INFO kernel:smpboot: Total of 1 processors activated (4799.99 BogoMIPS)
17:40:23,748 INFO kernel:node 0 initialised, 216833 pages in 5ms
17:40:23,748 INFO kernel:devtmpfs: initialized
17:40:23,748 INFO kernel:EVM: security.selinux
17:40:23,748 INFO kernel:EVM: security.ima
17:40:23,749 INFO kernel:EVM: security.capability
17:40:23,749 INFO kernel:atomic64 test passed for x86-64 platform with CX8 and with SSE
17:40:23,749 INFO kernel:pinctrl core: initialized pinctrl subsystem
17:40:23,749 INFO kernel:RTC time: 17:40:17, date: 03/23/18
17:40:23,749 INFO kernel:NET: Registered protocol family 16
17:40:23,749 INFO kernel:ACPI: bus type PCI registered
17:40:23,749 INFO kernel:acpiphp: ACPI Hot Plug PCI Controller Driver version: 0.5
17:40:23,749 INFO kernel:PCI: Using configuration type 1 for base access
17:40:23,749 INFO kernel:ACPI: Added _OSI(Module Device)
17:40:23,749 INFO kernel:ACPI: Added _OSI(Processor Device)
17:40:23,749 INFO kernel:ACPI: Added _OSI(3.0 _SCP Extensions)
17:40:23,749 INFO kernel:ACPI: Added _OSI(Processor Aggregator Device)
17:40:23,749 DEBUG kernel:ACPI: EC: Look up EC in DSDT
17:40:23,749 INFO kernel:ACPI: Interpreter enabled
17:40:23,749 INFO kernel:ACPI: (supports S0 S5)
17:40:23,749 INFO kernel:ACPI: Using IOAPIC for interrupt routing
17:40:23,749 INFO kernel:PCI: Using host bridge windows from ACPI; if necessary, use "pci=nocrs" and report a bug
17:40:23,749 WARNING kernel:ACPI: Enabled 16 GPEs in block 00 to 0F
17:40:23,749 INFO kernel:ACPI: PCI Root Bridge [PCI0] (domain 0000 [bus 00-ff])
17:40:23,749 INFO kernel:acpi PNP0A03:00: _OSC: OS supports [ASPM ClockPM Segments MSI]
17:40:23,749 INFO kernel:acpi PNP0A03:00: _OSC failed (AE_NOT_FOUND); disabling ASPM
17:40:23,749 WARNING kernel:acpi PNP0A03:00: fail to add MMCONFIG information, can't access extended PCI configuration space under this bridge.
17:40:23,749 INFO kernel:acpiphp: Slot [3] registered
17:40:23,749 INFO kernel:acpiphp: Slot [4] registered
17:40:23,749 INFO kernel:acpiphp: Slot [5] registered
17:40:23,749 INFO kernel:acpiphp: Slot [6] registered
17:40:23,749 INFO kernel:acpiphp: Slot [7] registered
17:40:23,749 INFO kernel:acpiphp: Slot [8] registered
17:40:23,749 INFO kernel:acpiphp: Slot [9] registered
17:40:23,749 INFO kernel:acpiphp: Slot [10] registered
17:40:23,749 INFO kernel:acpiphp: Slot [11] registered
17:40:23,749 INFO kernel:acpiphp: Slot [12] registered
17:40:23,749 INFO kernel:acpiphp: Slot [13] registered
17:40:23,749 INFO kernel:acpiphp: Slot [14] registered
17:40:23,749 INFO kernel:acpiphp: Slot [15] registered
17:40:23,749 INFO kernel:acpiphp: Slot [16] registered
17:40:23,749 INFO kernel:acpiphp: Slot [17] registered
17:40:23,749 INFO kernel:acpiphp: Slot [18] registered
17:40:23,750 INFO kernel:acpiphp: Slot [19] registered
17:40:23,750 INFO kernel:acpiphp: Slot [20] registered
17:40:23,750 INFO kernel:acpiphp: Slot [21] registered
17:40:23,750 INFO kernel:acpiphp: Slot [22] registered
17:40:23,750 INFO kernel:acpiphp: Slot [23] registered
17:40:23,750 INFO kernel:acpiphp: Slot [24] registered
17:40:23,750 INFO kernel:acpiphp: Slot [25] registered
17:40:23,750 INFO kernel:acpiphp: Slot [26] registered
17:40:23,750 INFO kernel:acpiphp: Slot [27] registered
17:40:23,750 INFO kernel:acpiphp: Slot [28] registered
17:40:23,750 INFO kernel:acpiphp: Slot [29] registered
17:40:23,750 INFO kernel:acpiphp: Slot [30] registered
17:40:23,750 INFO kernel:acpiphp: Slot [31] registered
17:40:23,750 INFO kernel:PCI host bridge to bus 0000:00
17:40:23,750 INFO kernel:pci_bus 0000:00: root bus resource [bus 00-ff]
17:40:23,750 INFO kernel:pci_bus 0000:00: root bus resource [io  0x0000-0x0cf7 window]
17:40:23,750 INFO kernel:pci_bus 0000:00: root bus resource [io  0x0d00-0xffff window]
17:40:23,751 INFO kernel:pci_bus 0000:00: root bus resource [mem 0x000a0000-0x000bffff window]
17:40:23,751 INFO kernel:pci_bus 0000:00: root bus resource [mem 0xc0000000-0xfebfffff window]
17:40:23,751 DEBUG kernel:pci 0000:00:00.0: [8086:1237] type 00 class 0x060000
17:40:23,751 DEBUG kernel:pci 0000:00:01.0: [8086:7000] type 00 class 0x060100
17:40:23,752 DEBUG kernel:pci 0000:00:01.1: [8086:7010] type 00 class 0x010180
17:40:23,752 DEBUG kernel:pci 0000:00:01.1: reg 0x20: [io  0xc0a0-0xc0af]
17:40:23,752 INFO kernel:pci 0000:00:01.1: legacy IDE quirk: reg 0x10: [io  0x01f0-0x01f7]
17:40:23,752 INFO kernel:pci 0000:00:01.1: legacy IDE quirk: reg 0x14: [io  0x03f6]
17:40:23,752 INFO kernel:pci 0000:00:01.1: legacy IDE quirk: reg 0x18: [io  0x0170-0x0177]
17:40:23,752 INFO kernel:pci 0000:00:01.1: legacy IDE quirk: reg 0x1c: [io  0x0376]
17:40:23,752 DEBUG kernel:pci 0000:00:01.2: [8086:7020] type 00 class 0x0c0300
17:40:23,752 DEBUG kernel:pci 0000:00:01.2: reg 0x20: [io  0xc040-0xc05f]
17:40:23,752 DEBUG kernel:pci 0000:00:01.3: [8086:7113] type 00 class 0x068000
17:40:23,753 INFO kernel:pci 0000:00:01.3: quirk: [io  0x0600-0x063f] claimed by PIIX4 ACPI
17:40:23,753 INFO kernel:pci 0000:00:01.3: quirk: [io  0x0700-0x070f] claimed by PIIX4 SMB
17:40:23,753 DEBUG kernel:pci 0000:00:02.0: [1013:00b8] type 00 class 0x030000
17:40:23,753 DEBUG kernel:pci 0000:00:02.0: reg 0x10: [mem 0xfc000000-0xfdffffff pref]
17:40:23,753 DEBUG kernel:pci 0000:00:02.0: reg 0x14: [mem 0xfebd0000-0xfebd0fff]
17:40:23,754 DEBUG kernel:pci 0000:00:02.0: reg 0x30: [mem 0xfebc0000-0xfebcffff pref]
17:40:23,754 DEBUG kernel:pci 0000:00:03.0: [1af4:1000] type 00 class 0x020000
17:40:23,754 DEBUG kernel:pci 0000:00:03.0: reg 0x10: [io  0xc060-0xc07f]
17:40:23,754 DEBUG kernel:pci 0000:00:03.0: reg 0x14: [mem 0xfebd1000-0xfebd1fff]
17:40:23,755 DEBUG kernel:pci 0000:00:03.0: reg 0x30: [mem 0xfeb80000-0xfebbffff pref]
17:40:23,755 DEBUG kernel:pci 0000:00:04.0: [1af4:1001] type 00 class 0x010000
17:40:23,755 DEBUG kernel:pci 0000:00:04.0: reg 0x10: [io  0xc000-0xc03f]
17:40:23,755 DEBUG kernel:pci 0000:00:04.0: reg 0x14: [mem 0xfebd2000-0xfebd2fff]
17:40:23,755 DEBUG kernel:pci 0000:00:05.0: [1af4:1002] type 00 class 0x00ff00
17:40:23,756 DEBUG kernel:pci 0000:00:05.0: reg 0x10: [io  0xc080-0xc09f]
17:40:23,756 INFO kernel:ACPI: PCI Interrupt Link [LNKA] (IRQs 5 *10 11)
17:40:23,756 INFO kernel:ACPI: PCI Interrupt Link [LNKB] (IRQs 5 *10 11)
17:40:23,756 INFO kernel:ACPI: PCI Interrupt Link [LNKC] (IRQs 5 10 *11)
17:40:23,756 INFO kernel:ACPI: PCI Interrupt Link [LNKD] (IRQs 5 10 *11)
17:40:23,756 INFO kernel:ACPI: PCI Interrupt Link [LNKS] (IRQs *9)
17:40:23,756 INFO kernel:vgaarb: device added: PCI:0000:00:02.0,decodes=io+mem,owns=io+mem,locks=none
17:40:23,756 INFO kernel:vgaarb: loaded
17:40:23,756 INFO kernel:vgaarb: bridge control possible 0000:00:02.0
17:40:23,756 NOTICE kernel:SCSI subsystem initialized
17:40:23,756 INFO kernel:ACPI: bus type USB registered
17:40:23,756 INFO kernel:usbcore: registered new interface driver usbfs
17:40:23,756 INFO kernel:usbcore: registered new interface driver hub
17:40:23,756 INFO kernel:usbcore: registered new device driver usb
17:40:23,756 INFO kernel:EDAC MC: Ver: 3.0.0
17:40:23,756 INFO kernel:PCI: Using ACPI for IRQ routing
17:40:23,756 DEBUG kernel:PCI: pci_cache_line_size set to 64 bytes
17:40:23,756 DEBUG kernel:e820: reserve RAM buffer [mem 0x0009fc00-0x0009ffff]
17:40:23,756 DEBUG kernel:e820: reserve RAM buffer [mem 0xbffdc000-0xbfffffff]
17:40:23,756 INFO kernel:NetLabel: Initializing
17:40:23,756 INFO kernel:NetLabel:  domain hash size = 128
17:40:23,756 INFO kernel:NetLabel:  protocols = UNLABELED CIPSOv4
17:40:23,756 INFO kernel:NetLabel:  unlabeled traffic allowed by default
17:40:23,756 NOTICE kernel:amd_nb: Cannot enumerate AMD northbridges
17:40:23,756 INFO kernel:Switched to clocksource kvm-clock
17:40:23,756 INFO kernel:pnp: PnP ACPI init
17:40:23,756 INFO kernel:ACPI: bus type PNP registered
17:40:23,756 DEBUG kernel:pnp 00:00: Plug and Play ACPI device, IDs PNP0b00 (active)
17:40:23,756 DEBUG kernel:pnp 00:01: Plug and Play ACPI device, IDs PNP0303 (active)
17:40:23,757 DEBUG kernel:pnp 00:02: Plug and Play ACPI device, IDs PNP0f13 (active)
17:40:23,757 DEBUG kernel:pnp 00:03: [dma 2]
17:40:23,757 DEBUG kernel:pnp 00:03: Plug and Play ACPI device, IDs PNP0700 (active)
17:40:23,757 DEBUG kernel:pnp 00:04: Plug and Play ACPI device, IDs PNP0501 (active)
17:40:23,757 DEBUG kernel:pnp 00:05: Plug and Play ACPI device, IDs PNP0501 (active)
17:40:23,757 INFO kernel:pnp: PnP ACPI: found 6 devices
17:40:23,757 INFO kernel:ACPI: bus type PNP unregistered
17:40:23,757 DEBUG kernel:pci_bus 0000:00: resource 4 [io  0x0000-0x0cf7 window]
17:40:23,757 DEBUG kernel:pci_bus 0000:00: resource 5 [io  0x0d00-0xffff window]
17:40:23,757 DEBUG kernel:pci_bus 0000:00: resource 6 [mem 0x000a0000-0x000bffff window]
17:40:23,757 DEBUG kernel:pci_bus 0000:00: resource 7 [mem 0xc0000000-0xfebfffff window]
17:40:23,757 INFO kernel:NET: Registered protocol family 2
17:40:23,757 INFO kernel:TCP established hash table entries: 32768 (order: 6, 262144 bytes)
17:40:23,757 INFO kernel:TCP bind hash table entries: 32768 (order: 7, 524288 bytes)
17:40:23,758 INFO kernel:TCP: Hash tables configured (established 32768 bind 32768)
17:40:23,758 INFO kernel:TCP: reno registered
17:40:23,758 INFO kernel:UDP hash table entries: 2048 (order: 4, 65536 bytes)
17:40:23,758 INFO kernel:UDP-Lite hash table entries: 2048 (order: 4, 65536 bytes)
17:40:23,758 INFO kernel:NET: Registered protocol family 1
17:40:23,758 INFO kernel:pci 0000:00:00.0: Limiting direct PCI/PCI transfers
17:40:23,758 INFO kernel:pci 0000:00:01.0: PIIX3: Enabling Passive Release
17:40:23,758 INFO kernel:pci 0000:00:01.0: Activating ISA DMA hang workarounds
17:40:23,758 WARNING kernel:ACPI: PCI Interrupt Link [LNKD] enabled at IRQ 11
17:40:23,758 DEBUG kernel:pci 0000:00:02.0: Boot video device
17:40:23,758 DEBUG kernel:PCI: CLS 0 bytes, default 64
17:40:23,758 INFO kernel:Unpacking initramfs...
17:40:23,758 INFO kernel:Freeing initrd memory: 53252k freed
17:40:23,758 INFO kernel:sha1_ssse3: Neither AVX nor AVX2 nor SSSE3/SHA-NI is available/usable.
17:40:23,759 INFO kernel:sha256_ssse3: Neither AVX nor SSSE3/SHA-NI is available/usable.
17:40:23,759 INFO kernel:futex hash table entries: 256 (order: 2, 16384 bytes)
17:40:23,759 NOTICE kernel:Initialise system trusted keyring
17:40:23,759 INFO kernel:audit: initializing netlink socket (disabled)
17:40:23,759 NOTICE kernel:type=2000 audit(1521826823.583:1): initialized
17:40:23,759 INFO kernel:HugeTLB registered 2 MB page size, pre-allocated 0 pages
17:40:23,759 INFO kernel:zpool: loaded
17:40:23,759 INFO kernel:zbud: loaded
17:40:23,759 NOTICE kernel:VFS: Disk quotas dquot_6.5.2
17:40:23,759 WARNING kernel:Dquot-cache hash table entries: 512 (order 0, 4096 bytes)
17:40:23,759 INFO kernel:msgmni has been set to 6008
17:40:23,759 NOTICE kernel:Key type big_key registered
17:40:23,759 DEBUG kernel:SELinux:  Registering netfilter hooks
17:40:23,759 INFO kernel:NET: Registered protocol family 38
17:40:23,759 NOTICE kernel:Key type asymmetric registered
17:40:23,759 NOTICE kernel:Asymmetric key parser 'x509' registered
17:40:23,759 INFO kernel:Block layer SCSI generic (bsg) driver version 0.4 loaded (major 248)
17:40:23,759 INFO kernel:io scheduler noop registered
17:40:23,759 INFO kernel:io scheduler deadline registered (default)
17:40:23,759 INFO kernel:io scheduler cfq registered
17:40:23,759 INFO kernel:io scheduler mq-deadline registered
17:40:23,759 INFO kernel:io scheduler kyber registered
17:40:23,759 INFO kernel:pci_hotplug: PCI Hot Plug PCI Core version: 0.5
17:40:23,759 INFO kernel:pciehp: PCI Express Hot Plug Controller Driver version: 0.4
17:40:23,759 DEBUG kernel:intel_idle: does not run on family 6 model 13
17:40:23,759 INFO kernel:input: Power Button as /devices/LNXSYSTM:00/LNXPWRBN:00/input/input0
17:40:23,759 INFO kernel:ACPI: Power Button [PWRF]
17:40:23,759 INFO kernel:GHES: HEST is not enabled!
17:40:23,759 INFO kernel:Serial: 8250/16550 driver, 4 ports, IRQ sharing enabled
17:40:23,759 INFO kernel:00:04: ttyS0 at I/O 0x3f8 (irq = 4) is a 16550A
17:40:23,759 INFO kernel:00:05: ttyS1 at I/O 0x2f8 (irq = 3) is a 16550A
17:40:23,760 INFO kernel:Non-volatile memory driver v1.3
17:40:23,760 INFO kernel:Linux agpgart interface v0.103
17:40:23,760 INFO kernel:crash memory driver: version 1.1
17:40:23,760 INFO kernel:rdac: device handler registered
17:40:23,760 INFO kernel:hp_sw: device handler registered
17:40:23,760 INFO kernel:emc: device handler registered
17:40:23,760 INFO kernel:alua: device handler registered
17:40:23,760 INFO kernel:libphy: Fixed MDIO Bus: probed
17:40:23,760 INFO kernel:ehci_hcd: USB 2.0 'Enhanced' Host Controller (EHCI) Driver
17:40:23,760 INFO kernel:ehci-pci: EHCI PCI platform driver
17:40:23,760 INFO kernel:ohci_hcd: USB 1.1 'Open' Host Controller (OHCI) Driver
17:40:23,760 INFO kernel:ohci-pci: OHCI PCI platform driver
17:40:23,760 INFO kernel:uhci_hcd: USB Universal Host Controller Interface driver
17:40:23,760 INFO kernel:uhci_hcd 0000:00:01.2: UHCI Host Controller
17:40:23,760 INFO kernel:uhci_hcd 0000:00:01.2: new USB bus registered, assigned bus number 1
17:40:23,760 INFO kernel:uhci_hcd 0000:00:01.2: detected 2 ports
17:40:23,761 INFO kernel:uhci_hcd 0000:00:01.2: irq 11, io base 0x0000c040
17:40:23,761 INFO kernel:usb usb1: New USB device found, idVendor=1d6b, idProduct=0001
17:40:23,761 INFO kernel:usb usb1: New USB device strings: Mfr=3, Product=2, SerialNumber=1
17:40:23,761 INFO kernel:usb usb1: Product: UHCI Host Controller
17:40:23,761 INFO kernel:usb usb1: Manufacturer: Linux 3.10.0-862.el7.x86_64 uhci_hcd
17:40:23,761 INFO kernel:usb usb1: SerialNumber: 0000:00:01.2
17:40:23,762 INFO kernel:hub 1-0:1.0: USB hub found
17:40:23,762 INFO kernel:hub 1-0:1.0: 2 ports detected
17:40:23,762 INFO kernel:usbcore: registered new interface driver usbserial
17:40:23,762 INFO kernel:usbcore: registered new interface driver usbserial_generic
17:40:23,762 INFO kernel:usbserial: USB Serial support registered for generic
17:40:23,762 INFO kernel:i8042: PNP: PS/2 Controller [PNP0303:KBD,PNP0f13:MOU] at 0x60,0x64 irq 1,12
17:40:23,762 INFO kernel:serio: i8042 KBD port at 0x60,0x64 irq 1
17:40:23,762 INFO kernel:serio: i8042 AUX port at 0x60,0x64 irq 12
17:40:23,762 INFO kernel:mousedev: PS/2 mouse device common for all mice
17:40:23,762 INFO kernel:input: AT Translated Set 2 keyboard as /devices/platform/i8042/serio0/input/input1
17:40:23,762 INFO kernel:rtc_cmos 00:00: RTC can wake from S4
17:40:23,762 INFO kernel:input: VirtualPS/2 VMware VMMouse as /devices/platform/i8042/serio1/input/input2
17:40:23,762 INFO kernel:input: VirtualPS/2 VMware VMMouse as /devices/platform/i8042/serio1/input/input3
17:40:23,762 INFO kernel:rtc_cmos 00:00: rtc core: registered rtc_cmos as rtc0
17:40:23,763 INFO kernel:rtc_cmos 00:00: alarms up to one day, 114 bytes nvram
17:40:23,763 INFO kernel:cpuidle: using governor menu
17:40:23,763 INFO kernel:hidraw: raw HID events driver (C) Jiri Kosina
17:40:23,763 INFO kernel:usbcore: registered new interface driver usbhid
17:40:23,763 INFO kernel:usbhid: USB HID core driver
17:40:23,763 INFO kernel:drop_monitor: Initializing network drop monitor service
17:40:23,763 INFO kernel:TCP: cubic registered
17:40:23,763 INFO kernel:Initializing XFRM netlink socket
17:40:23,763 INFO kernel:NET: Registered protocol family 10
17:40:23,763 INFO kernel:NET: Registered protocol family 17
17:40:23,763 INFO kernel:mpls_gso: MPLS GSO support
17:40:23,763 INFO kernel:microcode: CPU0 sig=0x6d3, pf=0x1, revision=0x1
17:40:23,763 INFO kernel:microcode: Microcode Update Driver: v2.01 <tigran@aivazian.fsnet.co.uk>, Peter Oruba
17:40:23,763 DEBUG kernel:PM: Hibernation image not present or could not be loaded.
17:40:23,763 NOTICE kernel:Loading compiled-in X.509 certificates
17:40:23,763 NOTICE kernel:Loaded X.509 cert 'Red Hat Enterprise Linux Driver Update Program (key 3): bf57f3e87362bc7229d9f465321773dfd1f77a80'
17:40:23,763 NOTICE kernel:Loaded X.509 cert 'Red Hat Enterprise Linux kpatch signing key: 4d38fd864ebe18c5f0b72e3852e2014c3a676fc8'
17:40:23,763 NOTICE kernel:Loaded X.509 cert 'Red Hat Enterprise Linux kernel signing key: 5173023bf81637d7bf3c5150134eec841b96fd0b'
17:40:23,763 INFO kernel:registered taskstats version 1
17:40:23,763 NOTICE kernel:Key type trusted registered
17:40:23,763 NOTICE kernel:Key type encrypted registered
17:40:23,763 INFO kernel:IMA: No TPM chip found, activating TPM-bypass! (rc=-19)
17:40:23,763 INFO kernel:  Magic number: 10:645:694
17:40:23,763 INFO kernel:rtc_cmos 00:00: setting system clock to 2018-03-23 17:40:23 UTC (1521826823)
17:40:23,764 INFO kernel:Freeing unused kernel memory: 1832k freed
17:40:23,764 INFO kernel:Write protecting the kernel read-only data: 12288k
17:40:23,764 INFO kernel:Freeing unused kernel memory: 856k freed
17:40:23,764 INFO kernel:Freeing unused kernel memory: 684k freed
17:40:23,764 NOTICE kernel:random: systemd: uninitialized urandom read (16 bytes read)
17:40:23,764 NOTICE kernel:random: systemd: uninitialized urandom read (16 bytes read)
17:40:23,764 NOTICE kernel:random: systemd: uninitialized urandom read (16 bytes read)
17:40:23,764 INFO systemd:systemd 219 running in system mode. (+PAM +AUDIT +SELINUX +IMA -APPARMOR +SMACK +SYSVINIT +UTMP +LIBCRYPTSETUP +GCRYPT +GNUTLS +ACL +XZ +LZ4 -SECCOMP +BLKID +ELFUTILS +KMOD +IDN)
17:40:23,764 INFO systemd:Detected virtualization kvm.
17:40:23,764 INFO systemd:Detected architecture x86-64.
17:40:23,764 INFO systemd:Running in initial RAM disk.
17:40:23,764 INFO systemd:No hostname configured.
17:40:23,764 INFO systemd:Set hostname to <localhost>.
17:40:23,764 INFO systemd:Initializing machine ID from KVM UUID.
17:40:23,764 NOTICE kernel:random: systemd-cryptse: uninitialized urandom read (16 bytes read)
17:40:23,764 NOTICE kernel:random: systemd: uninitialized urandom read (16 bytes read)
17:40:23,764 NOTICE kernel:random: systemd: uninitialized urandom read (16 bytes read)
17:40:23,764 NOTICE kernel:random: systemd: uninitialized urandom read (16 bytes read)
17:40:23,764 NOTICE kernel:random: systemd: uninitialized urandom read (16 bytes read)
17:40:23,764 NOTICE kernel:random: systemd: uninitialized urandom read (16 bytes read)
17:40:23,764 NOTICE kernel:random: systemd: uninitialized urandom read (16 bytes read)
17:40:23,764 WARNING systemd:Cannot add dependency job for unit blk-availability.service, ignoring: Unit not found.
17:40:23,764 INFO systemd:Reached target Local Encrypted Volumes.
17:40:23,764 INFO systemd:Starting Local Encrypted Volumes.
17:40:23,764 INFO systemd:Reached target Swap.
17:40:23,764 INFO systemd:Starting Swap.
17:40:23,764 INFO systemd:Reached target Timers.
17:40:23,764 INFO systemd:Starting Timers.
17:40:23,764 INFO systemd:Reached target Local File Systems.
17:40:23,764 INFO systemd:Starting Local File Systems.
17:40:23,764 INFO systemd:Created slice Root Slice.
17:40:23,764 INFO systemd:Starting Root Slice.
17:40:23,764 INFO systemd:Created slice System Slice.
17:40:23,764 INFO systemd:Starting System Slice.
17:40:23,765 INFO systemd:Listening on udev Kernel Socket.
17:40:23,765 INFO systemd:Starting udev Kernel Socket.
17:40:23,765 INFO systemd:Reached target Slices.
17:40:23,765 INFO systemd:Starting Slices.
17:40:23,765 INFO systemd:Listening on udev Control Socket.
17:40:23,765 INFO systemd:Starting udev Control Socket.
17:40:23,765 INFO systemd:Listening on Journal Socket.
17:40:23,765 INFO systemd:Starting Journal Socket.
17:40:23,765 INFO systemd:Starting Create list of required static device nodes for the current kernel...
17:40:23,765 INFO systemd:Starting Journal Service...
17:40:23,765 INFO systemd:Starting Setup Virtual Console...
17:40:23,765 INFO systemd:Starting dracut cmdline hook...
17:40:23,765 INFO systemd:Starting Apply Kernel Variables...
17:40:23,765 INFO systemd:Started Create list of required static device nodes for the current kernel.
17:40:23,765 INFO systemd:Started Setup Virtual Console.
17:40:23,765 INFO systemd:Started Apply Kernel Variables.
17:40:23,765 INFO systemd:Starting Create Static Device Nodes in /dev...
17:40:23,765 INFO systemd:Started Create Static Device Nodes in /dev.
17:40:23,765 INFO journal:Journal started
17:40:23,768 INFO systemd:Started Journal Service.
17:40:23,836 INFO kernel:BIOS EDD facility v0.16 2004-Jun-25, 1 devices found
17:40:23,869 INFO dracut-cmdline:Loading Red Hat Enterprise Linux 7.5 x86_64 installer...
17:40:23,896 INFO dracut-cmdline:Warning: 'method=' is deprecated. Using 'repo=http://download-node-02.eng.bos.redhat.com/rel-eng/RHEL-7.5-RC-1.3/compose/Server/x86_64/os/' instead.
17:40:24,294 INFO kernel:tsc: Refined TSC clocksource calibration: 2400.055 MHz
17:40:24,759 INFO systemd:Started dracut cmdline hook.
17:40:24,760 INFO systemd:Starting dracut pre-udev hook...
17:40:24,808 INFO kernel:squashfs: version 4.0 (2009/01/31) Phillip Lougher
17:40:24,831 INFO kernel:Loading iSCSI transport class v2.0-870.
17:40:24,842 NOTICE kernel:iscsi: registered transport (tcp)
17:40:24,874 INFO kernel:FDC 0 is a S82078B
17:40:24,904 INFO kernel:No iBFT detected.
17:40:24,953 INFO kernel:async_tx: api initialized (async)
17:40:24,975 INFO kernel:xor: measuring software checksum speed
17:40:24,975 INFO kernel:   prefetch64-sse:  6380.000 MB/sec
17:40:24,975 INFO kernel:   generic_sse:  3980.000 MB/sec
17:40:24,975 INFO kernel:xor: using function: prefetch64-sse (6380.000 MB/sec)
17:40:25,040 WARNING kernel:raid6: sse2x1   gen()  6230 MB/s
17:40:25,040 WARNING kernel:raid6: sse2x2   gen()  7808 MB/s
17:40:25,040 WARNING kernel:raid6: sse2x4   gen()  8992 MB/s
17:40:25,040 WARNING kernel:raid6: using algorithm sse2x4 gen() (8992 MB/s)
17:40:25,041 WARNING kernel:raid6: using intx1 recovery algorithm
17:40:25,157 INFO kernel:device-mapper: uevent: version 1.0.3
17:40:25,157 INFO kernel:device-mapper: ioctl: 4.37.0-ioctl (2017-09-20) initialised: dm-devel@redhat.com
17:40:25,256 INFO kernel:device-mapper: multipath round-robin: version 1.2.0 loaded
17:40:25,310 INFO dracut-pre-udev:modprobe: ERROR: could not insert 'sha256_mb': No such device
17:40:25,419 INFO kernel:RPC: Registered named UNIX socket transport module.
17:40:25,419 INFO kernel:RPC: Registered udp transport module.
17:40:25,419 INFO kernel:RPC: Registered tcp transport module.
17:40:25,419 INFO kernel:RPC: Registered tcp NFSv4.1 backchannel transport module.
17:40:25,510 NOTICE rpc.statd:Version 1.3.0 starting
17:40:25,519 NOTICE rpc.statd:Initializing NSM state
17:40:25,520 WARNING rpc.statd:Running as root.  chown /var/lib/nfs/statd to choose different user
17:40:25,591 INFO systemd:Started dracut pre-udev hook.
17:40:25,593 INFO systemd:Starting udev Kernel Device Manager...
17:40:25,599 INFO systemd-udevd:starting version 219
17:40:25,606 INFO systemd:Started udev Kernel Device Manager.
17:40:25,607 INFO systemd:Starting dracut pre-trigger hook...
17:40:25,645 INFO lldpad:config file failed to load,
17:40:25,645 INFO lldpad:create a new file.
17:40:25,646 INFO lldpad:bound ctrl iface to /com/intel/lldpad
17:40:25,649 INFO dracut-pre-trigger:575
17:40:25,811 INFO systemd:Started dracut pre-trigger hook.
17:40:25,811 INFO systemd:Starting udev Coldplug all Devices...
17:40:25,868 INFO systemd:Mounting Configuration File System...
17:40:25,889 INFO systemd:Mounted Configuration File System.
17:40:25,929 INFO systemd:Started udev Coldplug all Devices.
17:40:25,931 INFO systemd:Starting Show Plymouth Boot Screen...
17:40:25,970 INFO systemd:Reached target System Initialization.
17:40:25,970 INFO systemd:Starting System Initialization.
17:40:25,988 INFO systemd:Listening on Open-iSCSI iscsiuio Socket.
17:40:25,988 INFO systemd:Starting Open-iSCSI iscsiuio Socket.
17:40:25,995 INFO systemd:Reached target Sockets.
17:40:25,996 INFO systemd:Starting Sockets.
17:40:25,997 INFO systemd:Starting Device-Mapper Multipath Device Controller...
17:40:26,056 INFO systemd:Received SIGRTMIN+20 from PID 659 (plymouthd).
17:40:26,067 INFO systemd:Started Show Plymouth Boot Screen.
17:40:26,070 INFO systemd:Reached target Paths.
17:40:26,071 INFO systemd:Starting Paths.
17:40:26,071 INFO systemd:Started Forward Password Requests to Plymouth Directory Watch.
17:40:26,072 INFO systemd:Starting Forward Password Requests to Plymouth Directory Watch.
17:40:26,081 INFO systemd:Reached target Basic System.
17:40:26,082 INFO systemd:Starting Basic System.
17:40:26,153 DEBUG kernel:libata version 3.00 loaded.
17:40:26,189 INFO systemd:Started Device-Mapper Multipath Device Controller.
17:40:26,191 INFO systemd:Starting Open-iSCSI...
17:40:26,211 WARNING iscsid:iSCSI logger with pid=687 started!
17:40:26,215 INFO systemd:Failed to read PID from file /var/run/iscsid.pid: Invalid argument
17:40:26,219 ERR iscsid:iSCSI daemon with pid=688 started!
17:40:26,224 INFO systemd:Started Open-iSCSI.
17:40:26,224 INFO systemd:Starting dracut initqueue hook...
17:40:26,235 WARNING kernel:ACPI: PCI Interrupt Link [LNKC] enabled at IRQ 10
17:40:26,240 INFO kernel:virtio-pci 0000:00:03.0: virtio_pci: leaving for legacy driver
17:40:26,249 DEBUG kernel:ata_piix 0000:00:01.1: version 2.13
17:40:26,255 INFO kernel:scsi host0: ata_piix
17:40:26,264 INFO kernel:scsi host1: ata_piix
17:40:26,264 INFO kernel:ata1: PATA max MWDMA2 cmd 0x1f0 ctl 0x3f6 bmdma 0xc0a0 irq 14
17:40:26,264 INFO kernel:ata2: PATA max MWDMA2 cmd 0x170 ctl 0x376 bmdma 0xc0a8 irq 15
17:40:26,351 INFO kernel:virtio-pci 0000:00:04.0: virtio_pci: leaving for legacy driver
17:40:26,355 INFO kernel:[TTM] Zone  kernel: Available graphics memory: 1539906 kiB
17:40:26,355 INFO kernel:[TTM] Initializing pool allocator
17:40:26,356 INFO kernel:[TTM] Initializing DMA pool allocator
17:40:26,360 INFO kernel:[drm] fb mappable at 0xFC000000
17:40:26,360 INFO kernel:[drm] vram aper at 0xFC000000
17:40:26,360 INFO kernel:[drm] size 33554432
17:40:26,360 INFO kernel:[drm] fb depth is 24
17:40:26,360 INFO kernel:[drm]    pitch is 3072
17:40:26,393 INFO kernel:fbcon: cirrusdrmfb (fb0) is primary device
17:40:26,393 WARNING kernel:pmd_set_huge: Cannot satisfy [mem 0xfc000000-0xfc200000] with a huge-page mapping due to MTRR override.
17:40:26,393 INFO kernel:Console: switching to colour frame buffer device 128x48
17:40:26,393 INFO kernel:cirrus 0000:00:02.0: fb0: cirrusdrmfb frame buffer device
17:40:26,397 INFO kernel:[drm] Initialized cirrus 1.0.0 20110418 for 0000:00:02.0 on minor 0
17:40:26,461 INFO systemd:Reloading.
17:40:26,466 WARNING kernel:ACPI: PCI Interrupt Link [LNKA] enabled at IRQ 10
17:40:26,466 INFO kernel:virtio-pci 0000:00:05.0: virtio_pci: leaving for legacy driver
17:40:26,480 DEBUG kernel:virtio-pci 0000:00:04.0: irq 24 for MSI/MSI-X
17:40:26,480 DEBUG kernel:virtio-pci 0000:00:04.0: irq 25 for MSI/MSI-X
17:40:26,493 DEBUG kernel:virtio-pci 0000:00:03.0: irq 26 for MSI/MSI-X
17:40:26,493 DEBUG kernel:virtio-pci 0000:00:03.0: irq 27 for MSI/MSI-X
17:40:26,494 DEBUG kernel:virtio-pci 0000:00:03.0: irq 28 for MSI/MSI-X
17:40:26,546 INFO kernel:8021q: 802.1Q VLAN Support v1.8
17:40:26,612 INFO dracut-initqueue:RTNETLINK answers: File exists
17:40:27,221 ERR iscsid:can't open InitiatorName configuration file /etc/iscsi/initiatorname.iscsi
17:40:27,221 ERR iscsid:Warning: InitiatorName file /etc/iscsi/initiatorname.iscsi does not exist or does not contain a properly formatted InitiatorName. If using software iscsi (iscsi_tcp or ib_iser) or partial offload (bnx2i or cxgbi iscsi), you may not be able to log into or
17:40:27,221 ERR iscsid:can't open InitiatorAlias configuration file /etc/iscsi/initiatorname.iscsi
17:40:27,222 ERR iscsid:can't open iscsid.safe_logout configuration file /etc/iscsi/iscsid.conf
17:40:27,224 INFO kernel:8021q: adding VLAN 0 to HW filter on device eth0
17:40:27,322 INFO dracut-initqueue:dhcp: PREINIT eth0 up
17:40:27,338 INFO dhclient:DHCPDISCOVER on eth0 to 255.255.255.255 port 67 interval 5 (xid=0x73ca0c1)
17:40:29,593 INFO dhclient:DHCPREQUEST on eth0 to 255.255.255.255 port 67 (xid=0x73ca0c1)
17:40:29,593 INFO dhclient:DHCPOFFER from 192.168.122.1
17:40:29,594 INFO dhclient:DHCPACK from 192.168.122.1 (xid=0x73ca0c1)
17:40:29,620 INFO dracut-initqueue:dhcp: BOND setting eth0
17:40:31,637 INFO dhclient:bound to 192.168.122.54 -- renewal in 1356 seconds.
17:40:32,470 INFO dracut-initqueue:% Total    % Received % Xferd  Average Speed   Time    Time     Time  Current
17:40:32,472 INFO dracut-initqueue:Dload  Upload   Total   Spent    Left  Speed
17:40:32,511 NOTICE kernel:random: fast init done
17:40:35,000 NOTICE kernel:random: crng init done
17:40:36,035 INFO dracut-initqueue:0     0    0     0    0     0      0      0 --:--:-- --:--:-- --:--:--     0#015 15  398M   15 60.1M    0     0   109M      0  0:00:03 --:--:--  0:00:03  109M#015 43  398M   43  172M    0     0   111M      0  0:00:03  0:00:01  0:00:02  111M#015 71  398M   71  284M    0     0   111M      0  0:00:03  0:00:02  0:00:01  111M#015 99  398M   99  396M    0     0   111M      0  0:00:03  0:00:03 --:--:--  111M#015100  398M  100  398M    0     0   111M      0  0:00:03  0:00:03 --:--:--  111M
17:40:36,727 INFO kernel:loop: module loaded
17:40:36,902 INFO systemd:Started dracut initqueue hook.
17:40:36,903 INFO systemd:Starting dracut pre-mount hook...
17:40:36,903 INFO systemd:Reached target Remote File Systems (Pre).
17:40:36,904 INFO systemd:Starting Remote File Systems (Pre).
17:40:36,904 INFO systemd:Reached target Remote File Systems.
17:40:36,905 INFO systemd:Starting Remote File Systems.
17:40:36,926 INFO systemd:Started dracut pre-mount hook.
17:40:36,926 INFO systemd:Reached target Initrd Root File System.
17:40:36,926 INFO systemd:Starting Initrd Root File System.
17:40:36,927 INFO systemd:Starting Reload Configuration from the Real Root...
17:40:36,969 INFO systemd:Reloading.
17:40:37,111 INFO systemd:Started Reload Configuration from the Real Root.
17:40:37,112 INFO systemd:Reached target Initrd File Systems.
17:40:37,113 INFO systemd:Starting Initrd File Systems.
17:40:37,114 INFO systemd:Starting dracut mount hook...
17:40:37,212 INFO kernel:EXT4-fs (dm-0): mounted filesystem with ordered data mode. Opts: (null)
17:40:37,249 INFO systemd:Started dracut mount hook.
17:40:37,250 INFO systemd:Reached target Initrd Default Target.
17:40:37,250 INFO systemd:Starting Initrd Default Target.
17:40:37,251 INFO systemd:Starting dracut pre-pivot and cleanup hook...
17:40:40,353 ERR rpcbind:cannot open file = /run/rpcbind/rpcbind.xdr for writing
17:40:40,353 ERR rpcbind:cannot save any registration
17:40:40,353 ERR rpcbind:cannot open file = /run/rpcbind/portmap.xdr for writing
17:40:40,354 ERR rpcbind:cannot save any registration
17:40:40,384 INFO systemd:Started dracut pre-pivot and cleanup hook.
17:40:40,385 INFO systemd:Starting Cleaning Up and Shutting Down Daemons...
17:40:40,436 INFO systemd:Stopped target Timers.
17:40:40,437 INFO systemd:Stopping Timers.
17:40:40,438 INFO systemd:Starting Plymouth switch root service...
17:40:40,444 INFO systemd:Stopped Cleaning Up and Shutting Down Daemons.
17:40:40,448 INFO systemd:Stopped dracut pre-pivot and cleanup hook.
17:40:40,448 INFO systemd:Stopping dracut pre-pivot and cleanup hook...
17:40:40,450 INFO systemd:Stopped target Remote File Systems.
17:40:40,450 INFO systemd:Stopping Remote File Systems.
17:40:40,451 INFO systemd:Stopped target Remote File Systems (Pre).
17:40:40,451 INFO systemd:Stopping Remote File Systems (Pre).
17:40:40,451 INFO systemd:Stopped target Initrd Default Target.
17:40:40,452 INFO systemd:Stopping Initrd Default Target.
17:40:40,454 INFO systemd:Stopped dracut mount hook.
17:40:40,455 INFO systemd:Stopping dracut mount hook...
17:40:40,457 INFO systemd:Stopped dracut pre-mount hook.
17:40:40,457 INFO systemd:Stopping dracut pre-mount hook...
17:40:40,459 INFO systemd:Stopped dracut initqueue hook.
17:40:40,459 INFO systemd:Stopping dracut initqueue hook...
17:40:40,461 INFO systemd:Stopping Open-iSCSI...
17:40:40,463 INFO systemd:Stopped target Basic System.
17:40:40,463 INFO systemd:Stopping Basic System.
17:40:40,463 INFO systemd:Stopped target Sockets.
17:40:40,464 INFO systemd:Stopping Sockets.
17:40:40,467 INFO systemd:Closed Open-iSCSI iscsiuio Socket.
17:40:40,468 INFO systemd:Stopping Open-iSCSI iscsiuio Socket.
17:40:40,470 INFO systemd:Stopped target System Initialization.
17:40:40,472 INFO systemd:Stopping System Initialization.
17:40:40,473 INFO systemd:Stopped target Local File Systems.
17:40:40,474 INFO systemd:Stopping Local File Systems.
17:40:40,474 INFO systemd:Stopped target Local Encrypted Volumes.
17:40:40,476 INFO systemd:Stopping Local Encrypted Volumes.
17:40:40,477 INFO systemd:Stopped Apply Kernel Variables.
17:40:40,483 INFO systemd:Stopping Apply Kernel Variables...
17:40:40,483 WARNING iscsid:iscsid shutting down.
17:40:40,484 INFO systemd:Stopped target Swap.
17:40:40,485 INFO systemd:Stopping Swap.
17:40:40,485 INFO systemd:Stopped target Slices.
17:40:40,491 NOTICE multipathd:path checkers start up
17:40:40,492 INFO systemd:Stopping Slices.
17:40:40,494 NOTICE multipathd:--------shut down-------
17:40:40,495 INFO systemd:Stopped target Paths.
17:40:40,495 INFO systemd:Stopping Paths.
17:40:40,501 INFO systemd:Stopped Open-iSCSI.
17:40:40,501 INFO systemd:Stopping Device-Mapper Multipath Device Controller...
17:40:40,503 INFO systemd:Stopped Device-Mapper Multipath Device Controller.
17:40:40,504 INFO systemd:Stopped udev Coldplug all Devices.
17:40:40,504 INFO systemd:Stopping udev Coldplug all Devices...
17:40:40,508 INFO systemd:Stopped dracut pre-trigger hook.
17:40:40,510 INFO systemd:Stopping dracut pre-trigger hook...
17:40:40,510 INFO systemd:Stopping udev Kernel Device Manager...
17:40:40,511 INFO systemd:Stopped udev Kernel Device Manager.
17:40:40,513 INFO systemd:Stopped Create Static Device Nodes in /dev.
17:40:40,513 INFO systemd:Stopping Create Static Device Nodes in /dev...
17:40:40,514 INFO systemd:Stopped Create list of required static device nodes for the current kernel.
17:40:40,516 INFO systemd:Stopping Create list of required static device nodes for the current kernel...
17:40:40,517 INFO systemd:Stopped dracut pre-udev hook.
17:40:40,517 INFO systemd:Stopping dracut pre-udev hook...
17:40:40,518 INFO systemd:Stopped dracut cmdline hook.
17:40:40,518 INFO systemd:Stopping dracut cmdline hook...
17:40:40,520 INFO systemd:Closed udev Kernel Socket.
17:40:40,521 INFO systemd:Stopping udev Kernel Socket.
17:40:40,523 INFO systemd:Closed udev Control Socket.
17:40:40,524 INFO systemd:Stopping udev Control Socket.
17:40:40,524 INFO systemd:Starting Cleanup udevd DB...
17:40:40,531 INFO systemd:Started Cleanup udevd DB.
17:40:40,531 INFO systemd:Reached target Switch Root.
17:40:40,532 INFO systemd:Starting Switch Root.
17:40:40,583 INFO systemd:Started Plymouth switch root service.
17:40:40,584 INFO systemd:Starting Switch Root...
17:40:40,637 NOTICE systemd:Switching root.
17:40:40,648 INFO journal:Journal stopped
17:40:42,491 INFO journal:Runtime journal is using 8.0M (max allowed 150.3M, trying to leave 225.5M free of 1.4G available → current limit 150.3M).
17:40:42,524 INFO systemd-journald:Received SIGTERM from PID 1 (systemd).
17:40:42,543 DEBUG kernel:SELinux: 2048 avtab hash slots, 106588 rules.
17:40:42,544 DEBUG kernel:SELinux: 2048 avtab hash slots, 106588 rules.
17:40:42,544 DEBUG kernel:SELinux:  8 users, 14 roles, 5015 types, 310 bools, 1 sens, 1024 cats
17:40:42,544 DEBUG kernel:SELinux:  97 classes, 106588 rules
17:40:42,544 DEBUG kernel:SELinux:  Completing initialization.
17:40:42,544 DEBUG kernel:SELinux:  Setting up existing superblocks.
17:40:42,547 NOTICE kernel:type=1403 audit(1521826841.304:2): policy loaded auid=4294967295 ses=4294967295
17:40:42,548 INFO systemd:Successfully loaded SELinux policy in 262.931ms.
17:40:42,548 INFO systemd:Relabelled /dev and /run in 27.346ms.
17:40:42,552 INFO journal:Journal started
17:40:42,615 INFO systemd:systemd 219 running in system mode. (+PAM +AUDIT +SELINUX +IMA -APPARMOR +SMACK +SYSVINIT +UTMP +LIBCRYPTSETUP +GCRYPT +GNUTLS +ACL +XZ +LZ4 -SECCOMP +BLKID +ELFUTILS +KMOD +IDN)
17:40:42,633 INFO systemd:Detected virtualization kvm.
17:40:42,634 INFO rhel-domainname:/usr/lib/systemd/rhel-domainname: line 2: /etc/sysconfig/network: No such file or directory
17:40:42,648 INFO systemd:Detected architecture x86-64.
17:40:42,659 INFO systemd:Initializing machine ID from KVM UUID.
17:40:42,737 WARNING systemd:Cannot add dependency job for unit rhel-loadmodules.service, ignoring: Unit is masked.
17:40:42,773 WARNING systemd:Cannot add dependency job for unit rhel-autorelabel.service, ignoring: Unit is masked.
17:40:42,824 WARNING systemd:Cannot add dependency job for unit systemd-tmpfiles-clean.timer, ignoring: Unit is masked.
17:40:42,857 INFO systemd:Starting Flush Journal to Persistent Storage...
17:40:43,094 INFO systemd:Started Create Static Device Nodes in /dev.
17:40:43,119 INFO systemd:Reached target Local File Systems (Pre).
17:40:43,122 INFO systemd:Starting Local File Systems (Pre).
17:40:43,127 INFO systemd:Starting udev Kernel Device Manager...
17:40:43,216 INFO systemd:Started Configure read-only root support.
17:40:43,432 INFO systemd-udevd:starting version 219
17:40:43,525 INFO systemd:Started Flush Journal to Persistent Storage.
17:40:43,557 INFO systemd:Started udev Kernel Device Manager.
17:40:44,328 INFO systemd:Started Rebuild Hardware Database.
17:40:44,330 INFO systemd:Starting udev Coldplug all Devices...
17:40:44,629 INFO kernel:piix4_smbus 0000:00:01.3: SMBus Host Controller at 0x700, revision 0
17:40:44,633 INFO systemd:Started udev Coldplug all Devices.
17:40:44,635 INFO systemd:Starting Device-Mapper Multipath Device Controller...
17:40:44,653 INFO kernel:input: PC Speaker as /devices/platform/pcspkr/input/input4
17:40:44,654 INFO systemd:Starting udev Wait for Complete Device Initialization...
17:40:45,356 INFO systemd:Started Device-Mapper Multipath Device Controller.
17:40:45,371 NOTICE multipathd:path checkers start up
17:40:45,549 INFO systemd:Started udev Wait for Complete Device Initialization.
17:40:45,550 INFO systemd:Starting Activation of DM RAID sets...
17:40:45,616 INFO systemd:Started Activation of DM RAID sets.
17:40:45,618 INFO systemd:Reached target Local File Systems.
17:40:45,618 INFO systemd:Starting Local File Systems.
17:40:45,621 INFO systemd:Starting Tell Plymouth To Write Out Runtime Data...
17:40:45,624 INFO systemd:Starting Rebuild Journal Catalog...
17:40:45,638 INFO systemd:Starting Import network configuration from initramfs...
17:40:45,658 INFO systemd:Starting Migrate local SELinux policy changes from the old store structure to the new structure...
17:40:45,661 INFO systemd:Reached target Local Encrypted Volumes.
17:40:45,661 INFO systemd:Starting Local Encrypted Volumes.
17:40:45,690 INFO systemd:Started Tell Plymouth To Write Out Runtime Data.
17:40:45,758 INFO systemd:Started Migrate local SELinux policy changes from the old store structure to the new structure.
17:40:45,811 INFO systemd:Started Rebuild Journal Catalog.
17:40:45,812 INFO systemd:Starting Update is Completed...
17:40:45,844 INFO systemd:Started Update is Completed.
17:40:45,886 INFO systemd:Started Import network configuration from initramfs.
17:40:45,889 INFO systemd:Starting Create Volatile Files and Directories...
17:40:45,936 INFO systemd:Started Create Volatile Files and Directories.
17:40:45,938 INFO systemd:Starting Update UTMP about System Boot/Shutdown...
17:40:45,966 INFO systemd:Started Update UTMP about System Boot/Shutdown.
17:40:45,968 INFO systemd:Reached target System Initialization.
17:40:45,968 INFO systemd:Starting System Initialization.
17:40:45,973 INFO systemd:Listening on D-Bus System Message Bus Socket.
17:40:45,973 INFO systemd:Starting D-Bus System Message Bus Socket.
17:40:45,975 INFO systemd:Listening on Open-iSCSI iscsiuio Socket.
17:40:45,975 INFO systemd:Starting Open-iSCSI iscsiuio Socket.
17:40:45,977 INFO systemd:Listening on Open-iSCSI iscsid Socket.
17:40:45,977 INFO systemd:Starting Open-iSCSI iscsid Socket.
17:40:45,977 INFO systemd:Reached target Sockets.
17:40:45,978 INFO systemd:Starting Sockets.
17:40:45,978 INFO systemd:Reached target Basic System.
17:40:45,981 INFO systemd:Starting Basic System.
17:40:45,982 INFO systemd:Starting Login Service...
17:40:45,986 INFO systemd:Starting pre-anaconda logging service...
17:40:45,996 INFO systemd:Started Anaconda NetworkManager configuration.
17:40:45,997 INFO systemd:Starting Anaconda NetworkManager configuration...
17:40:46,008 INFO systemd:Started Hardware RNG Entropy Gatherer Daemon.
17:40:46,008 INFO systemd:Starting Hardware RNG Entropy Gatherer Daemon...
17:40:46,030 INFO systemd:Starting Wait for Plymouth Boot Screen to Quit...
17:40:46,066 INFO systemd:Starting Service enabling compressing RAM with zRam...
17:40:46,070 INFO systemd:Starting Dump dmesg to /var/log/dmesg...
17:40:46,109 INFO systemd:Starting Network Manager...
17:40:46,111 INFO systemd:Starting Terminate Plymouth Boot Screen...
17:40:46,116 INFO zramswapon:+ MAX_RAM_ON=2097152
17:40:46,147 INFO zramswapon:++ grep MemTotal /proc/meminfo
17:40:46,149 INFO zramswapon:++ grep -E --only-matching '[[:digit:]]+'
17:40:46,176 INFO zramswapon:+ mem_total_kb=3079812
17:40:46,177 INFO zramswapon:+ mem_total=3153727488
17:40:46,177 INFO zramswapon:+ grep -E 'inst\.zram=(on|1)' /proc/cmdline
17:40:46,194 INFO zramswapon:+ force=1
17:40:46,194 INFO zramswapon:+ '[' '(' 3079812 -gt 2097152 ')' -a '(' 1 '!=' 0 ')' ']'
17:40:46,194 INFO zramswapon:+ exit 0
17:40:46,270 INFO systemd:Started Service enabling compressing RAM with zRam.
17:40:46,272 INFO systemd:Started pre-anaconda logging service.
17:40:46,279 WARNING systemd:Cannot add dependency job for unit rhel-loadmodules.service, ignoring: Unit is masked.
17:40:46,310 WARNING systemd:Cannot add dependency job for unit rhel-autorelabel.service, ignoring: Unit is masked.
17:40:46,316 WARNING systemd:Cannot add dependency job for unit systemd-tmpfiles-clean.timer, ignoring: Unit is masked.
17:40:46,379 INFO systemd:Started D-Bus System Message Bus.
17:40:46,808 INFO rngd:Failed to init entropy source 0: Hardware RNG Device
17:40:46,809 INFO rngd:Failed to init entropy source 1: TPM RNG Device
17:40:46,809 INFO rngd:Failed to init entropy source 2: Intel RDRAND Instruction RNG
17:40:46,809 INFO rngd:can't open any entropy source
17:40:46,810 INFO rngd:Maybe RNG device modules are not loaded
17:40:46,901 INFO systemd:Starting D-Bus System Message Bus...
17:40:46,907 INFO systemd:Received SIGRTMIN+21 from PID 659 (plymouthd).
17:40:46,912 NOTICE systemd:rngd.service: main process exited, code=exited, status=1/FAILURE
17:40:46,913 NOTICE systemd:Unit rngd.service entered failed state.
17:40:46,914 WARNING systemd:rngd.service failed.
17:40:46,916 INFO systemd:Started Wait for Plymouth Boot Screen to Quit.
17:40:46,917 INFO systemd:Started Dump dmesg to /var/log/dmesg.
17:40:46,921 INFO systemd:Started Terminate Plymouth Boot Screen.
17:40:46,930 INFO systemd-logind:New seat seat0.
17:40:46,944 INFO systemd-logind:Watching system buttons on /dev/input/event0 (Power Button)
17:40:46,946 INFO systemd:Started Login Service.
17:40:47,363 INFO NetworkManager:<info>  [1521826847.3609] NetworkManager (version 1.10.2-13.el7) is starting... (for the first time)
17:40:47,363 INFO NetworkManager:<info>  [1521826847.3633] Read config: /etc/NetworkManager/NetworkManager.conf (lib: 10-slaves-order.conf) (etc: 80-anaconda-no-ibft.conf, 90-anaconda-no-auto-default.conf, 91-anaconda-autoconnect-slaves.conf, 92-anaconda-loglevel-debug.conf)
17:40:47,364 DEBUG NetworkManager:<debug> [1521826847.3637] CONFIG: config-data[0x5599611b5820]: 3 groups
17:40:47,364 DEBUG NetworkManager:<debug> [1521826847.3641] CONFIG:
17:40:47,365 DEBUG NetworkManager:<debug> [1521826847.3641] CONFIG: [main]
17:40:47,365 DEBUG NetworkManager:<debug> [1521826847.3642] CONFIG:   slaves-order=index
17:40:47,372 DEBUG NetworkManager:<debug> [1521826847.3642] CONFIG:   plugins=ifcfg-rh,ibft,no-ibft
17:40:47,372 DEBUG NetworkManager:<debug> [1521826847.3642] CONFIG:   no-auto-default=*
17:40:47,373 DEBUG NetworkManager:<debug> [1521826847.3642] CONFIG:
17:40:47,374 DEBUG NetworkManager:<debug> [1521826847.3642] CONFIG: [logging]
17:40:47,375 DEBUG NetworkManager:<debug> [1521826847.3642] CONFIG:   level=DEBUG
17:40:47,381 DEBUG NetworkManager:<debug> [1521826847.3642] CONFIG:
17:40:47,382 DEBUG NetworkManager:<debug> [1521826847.3642] CONFIG: [connection]
17:40:47,383 DEBUG NetworkManager:<debug> [1521826847.3642] CONFIG:   connection.autoconnect-slaves=1
17:40:47,384 DEBUG NetworkManager:<debug> [1521826847.3643] config: state: missing state file "/var/lib/NetworkManager/NetworkManager.state": No such file or directory
17:40:47,385 DEBUG NetworkManager:<debug> [1521826847.3643] WEXT support is disabled
17:40:47,385 DEBUG NetworkManager:<debug> [1521826847.3726] platform-linux: create (ignore netns, initial netns, use udev)
17:40:47,386 DEBUG NetworkManager:<debug> [1521826847.3732] platform-linux: Netlink socket for events established: port=2793407874, fd=8
17:40:47,386 DEBUG NetworkManager:<debug> [1521826847.3732] platform-linux: populate platform cache
17:40:47,388 DEBUG NetworkManager:<debug> [1521826847.3734] monotonic timestamp started counting 1.355882536 seconds ago with an offset of 28.0 seconds to CLOCK_BOOTTIME (local time is 2018-03-23 17:40:47)
17:40:47,401 DEBUG NetworkManager:<debug> [1521826847.3735] platform-linux: kernel-support: IFLA_INET6_ADDR_GEN_MODE: detected
17:40:47,401 DEBUG NetworkManager:<debug> [1521826847.3811] platform: signal: link   added: 1: lo <UP,LOWER_UP;loopback,up,running,lowerup> mtu 65536 arp 772 loopback? not-init addrgenmode eui64 addr 00:00:00:00:00:00 driver unknown rx:6,416 tx:6,416
17:40:47,402 DEBUG NetworkManager:<debug> [1521826847.3827] platform: signal: link   added: 2: eth0 <UP,LOWER_UP;broadcast,multicast,up,running,lowerup> mtu 1500 arp 1 ethernet? not-init addrgenmode eui64 addr 52:54:00:7A:0B:3E driver virtio_net rx:22315,419474112 tx:21885,1451542
17:40:47,402 DEBUG NetworkManager:<debug> [1521826847.3828] platform: signal: address 4   added: 127.0.0.1/8 lft forever pref forever lifetime 1-0[4294967295,4294967295] dev 1 flags permanent src kernel
17:40:47,403 DEBUG NetworkManager:<debug> [1521826847.3828] platform: signal: address 4   added: 192.168.122.54/24 lft 3585sec pref 3585sec lifetime 1-1[3585,3585] dev 2 src kernel
17:40:47,404 DEBUG NetworkManager:<debug> [1521826847.3829] platform: signal: address 6   added: ::1/128 lft forever pref forever lifetime 1-0[4294967295,4294967295] dev 1 flags permanent src kernel
17:40:47,405 DEBUG NetworkManager:<debug> [1521826847.3829] platform: signal: address 6   added: fe80::5054:ff:fe7a:b3e/64 lft forever pref forever lifetime 1-0[4294967295,4294967295] dev 2 flags permanent src kernel
17:40:47,405 DEBUG NetworkManager:<debug> [1521826847.3830] platform: signal: route   4   added: 0.0.0.0/0 via 192.168.122.1 dev 2 metric 0 mss 0 rt-src rt-boot scope global
17:40:47,405 DEBUG NetworkManager:<debug> [1521826847.3830] platform: signal: route   4   added: 192.168.122.0/24 via 0.0.0.0 dev 2 metric 0 mss 0 rt-src rt-kernel scope link pref-src 192.168.122.54
17:40:47,406 DEBUG NetworkManager:<debug> [1521826847.3831] platform-linux: kernel-support: RTA_PREF: ability to set router preference for IPv6 routes: detected
17:40:47,408 DEBUG NetworkManager:<debug> [1521826847.3831] platform: signal: route   6   added: fe80::/64 via :: dev 2 metric 256 mss 0 rt-src rt-kernel
17:40:47,409 DEBUG NetworkManager:<debug> [1521826847.3831] platform: signal: route   6   added: table 255 ff00::/8 via :: dev 2 metric 256 mss 0 rt-src rt-boot
17:40:47,418 DEBUG NetworkManager:<debug> [1521826847.3832] platform: signal: qdisc   added: noqueue dev 1 family 0 handle 0 parent ffffffff info 2
17:40:47,419 DEBUG NetworkManager:<debug> [1521826847.3832] platform: signal: qdisc   added: pfifo_fast dev 2 family 0 handle 0 parent ffffffff info 2
17:40:47,425 DEBUG NetworkManager:<debug> [1521826847.3850] platform: signal: link changed: 2: eth0 <UP,LOWER_UP;broadcast,multicast,up,running,lowerup> mtu 1500 arp 1 ethernet? init addrgenmode eui64 addr 52:54:00:7A:0B:3E driver virtio_net rx:22315,419474112 tx:21885,1451542
17:40:47,426 DEBUG NetworkManager:<debug> [1521826847.3852] platform: signal: link changed: 1: lo <UP,LOWER_UP;loopback,up,running,lowerup> mtu 65536 arp 772 loopback? init addrgenmode eui64 addr 00:00:00:00:00:00 driver unknown rx:6,416 tx:6,416
17:40:47,428 WARNING systemd:Cannot add dependency job for unit rhel-loadmodules.service, ignoring: Unit is masked.
17:40:47,429 DEBUG NetworkManager:<debug> [1521826847.3852] setup NMPlatform singleton (0x5599611b2920, NMLinuxPlatform)
17:40:47,430 WARNING systemd:Cannot add dependency job for unit rhel-autorelabel.service, ignoring: Unit is masked.
17:40:47,431 DEBUG NetworkManager:<debug> [1521826847.3852] create NMNetns singleton (0x5599611b8990)
17:40:47,432 WARNING systemd:Cannot add dependency job for unit systemd-tmpfiles-clean.timer, ignoring: Unit is masked.
17:40:47,434 DEBUG NetworkManager:<debug> [1521826847.3853] auth[0x5599611ae940]: create auth-manager: polkit enabled
17:40:47,435 INFO systemd:Starting Hostname Service...
17:40:47,435 DEBUG NetworkManager:<debug> [1521826847.3872] auth[0x5599611ae940]: set instance
17:40:47,438 DEBUG NetworkManager:<debug> [1521826847.3872] setup NMAuthManager singleton (0x5599611ae940)
17:40:47,439 DEBUG NetworkManager:<debug> [1521826847.3994] bus-manager: setup NMBusManager singleton (0x5599611b6280)
17:40:47,441 INFO NetworkManager:<info>  [1521826847.4112] manager[0x5599611d1070]: monitoring kernel firmware directory '/lib/firmware'.
17:40:47,442 DEBUG NetworkManager:<debug> [1521826847.4179] session-monitor: using systemd-logind session tracking
17:40:47,442 DEBUG NetworkManager:<debug> [1521826847.4179] create NMSessionMonitor singleton (0x5599611e6610)
17:40:47,444 DEBUG NetworkManager:<debug> [1521826847.4181] create NMAgentManager singleton (0x5599611dc410)
17:40:47,447 NOTICE dbus:[system] Activating via systemd: service name='org.freedesktop.hostname1' unit='dbus-org.freedesktop.hostname1.service'
17:40:47,513 NOTICE dbus:[system] Successfully activated service 'org.freedesktop.hostname1'
17:40:47,521 INFO NetworkManager:<info>  [1521826847.5193] hostname: hostname: using hostnamed
17:40:47,521 DEBUG NetworkManager:<debug> [1521826847.5193] create NMHostnameManager singleton (0x7f118c004940)
17:40:47,522 DEBUG NetworkManager:<debug> [1521826847.5195] create NMFirewallManager singleton (0x5599611f5ac0)
17:40:47,522 INFO NetworkManager:<info>  [1521826847.5200] dns-mgr[0x5599611fa940]: init: dns=default, rc-manager=file
17:40:47,523 DEBUG NetworkManager:<debug> [1521826847.5202] create NMDnsManager singleton (0x5599611fa940)
17:40:47,524 DEBUG NetworkManager:<debug> [1521826847.5203] policy: hostname-mode: full
17:40:47,524 DEBUG NetworkManager:<debug> [1521826847.5226] manager: setup NMManager singleton (0x5599611d1070)
17:40:47,527 DEBUG NetworkManager:<debug> [1521826847.5233] create NMConnectivity singleton (0x5599611f6050)
17:40:47,527 DEBUG NetworkManager:<debug> [1521826847.5259] dispatcher: default script directory '/etc/NetworkManager/dispatcher.d' has scripts
17:40:47,529 DEBUG NetworkManager:<debug> [1521826847.5266] dispatcher: pre-up script directory '/etc/NetworkManager/dispatcher.d/pre-up.d' has no scripts
17:40:47,530 DEBUG NetworkManager:<debug> [1521826847.5267] dispatcher: pre-down script directory '/etc/NetworkManager/dispatcher.d/pre-down.d' has no scripts
17:40:47,531 NOTICE dbus:[system] Activating via systemd: service name='org.freedesktop.nm_dispatcher' unit='dbus-org.freedesktop.nm-dispatcher.service'
17:40:47,542 INFO systemd:Started Hostname Service.
17:40:47,543 INFO systemd:Started Network Manager.
17:40:47,545 WARNING systemd:Cannot add dependency job for unit rhel-loadmodules.service, ignoring: Unit is masked.
17:40:47,546 WARNING systemd:Cannot add dependency job for unit rhel-autorelabel.service, ignoring: Unit is masked.
17:40:47,546 WARNING systemd:Cannot add dependency job for unit systemd-tmpfiles-clean.timer, ignoring: Unit is masked.
17:40:47,548 INFO systemd:Starting Network Manager Script Dispatcher Service...
17:40:47,548 INFO systemd:Reached target Network.
17:40:47,549 INFO systemd:Starting Network.
17:40:47,551 INFO systemd:Starting Logout off all iSCSI sessions on shutdown...
17:40:47,553 INFO systemd:Starting Network Manager Wait Online...
17:40:47,601 INFO systemd:Started Logout off all iSCSI sessions on shutdown.
17:40:47,606 INFO systemd:Starting Availability of block devices...
17:40:47,606 INFO systemd:Reached target Remote File Systems (Pre).
17:40:47,608 INFO systemd:Starting Remote File Systems (Pre).
17:40:47,627 INFO systemd:Started Availability of block devices.
17:40:47,657 NOTICE dbus:[system] Successfully activated service 'org.freedesktop.nm_dispatcher'
17:40:47,658 INFO systemd:Started Network Manager Script Dispatcher Service.
17:40:47,677 DEBUG NetworkManager:<debug> [1521826847.6766] create SettingsPluginIfcfg singleton (0x559961215800)
17:40:47,678 INFO NetworkManager:<info>  [1521826847.6768] settings: loaded plugin ifcfg-rh: (c) 2007 - 2015 Red Hat, Inc.  To report bugs please use the NetworkManager mailing list. (/usr/lib64/NetworkManager/libnm-settings-plugin-ifcfg-rh.so)
17:40:47,679 INFO NetworkManager:<info>  [1521826847.6768] settings: loaded plugin keyfile: (c) 2007 - 2016 Red Hat, Inc.  To report bugs please use the NetworkManager mailing list.
17:40:47,679 DEBUG NetworkManager:<debug> [1521826847.6772] ifcfg-rh: loading from file "/etc/sysconfig/network-scripts/ifcfg-eth0"...
17:40:47,680 DEBUG NetworkManager:<debug> [1521826847.6803] settings-connection[0x5599611e1200]: constructed (NMIfcfgConnection)
17:40:47,685 INFO NetworkManager:<info>  [1521826847.6844] ifcfg-rh: new connection /etc/sysconfig/network-scripts/ifcfg-eth0 (4b47018e-4747-47e9-a982-f864e324ba9a,"eth0")
17:40:47,686 DEBUG NetworkManager:<debug> [1521826847.6844] ifcfg-rh: loading from file "/etc/sysconfig/network-scripts/ifcfg-lo"...
17:40:47,688 DEBUG NetworkManager:<debug> [1521826847.6845] ifcfg-rh: loading "/etc/sysconfig/network-scripts/ifcfg-lo" fails: Ignoring loopback device config.
17:40:47,689 DEBUG NetworkManager:<debug> [1521826847.6872] settings-connection[0x5599611e1200,4b47018e-4747-47e9-a982-f864e324ba9a]: failed to read connection timestamp: No such file or directory
17:40:47,689 DEBUG NetworkManager:<debug> [1521826847.6885] ++ connection 'new connection' (0x5599611e1200/NMIfcfgConnection/"802-3-ethernet"): [/org/freedesktop/NetworkManager/Settings/1]
17:40:47,693 DEBUG NetworkManager:<debug> [1521826847.6885] ++ connection                [ 0x5599611b5a40 ]
17:40:47,694 DEBUG NetworkManager:<debug> [1521826847.6896] ++ connection.id             = 'eth0'
17:40:47,697 DEBUG NetworkManager:<debug> [1521826847.6896] ++ connection.permissions    = []
17:40:47,703 DEBUG NetworkManager:<debug> [1521826847.6896] ++ connection.type           = '802-3-ethernet'
17:40:47,703 DEBUG NetworkManager:<debug> [1521826847.6896] ++ connection.uuid           = '4b47018e-4747-47e9-a982-f864e324ba9a'
17:40:47,704 DEBUG NetworkManager:<debug> [1521826847.6897] ++ 802-3-ethernet            [ 0x5599611dc3b0 ]
17:40:47,704 DEBUG NetworkManager:<debug> [1521826847.6897] ++ 802-3-ethernet.mac-address = '52:54:00:7A:0B:3E'
17:40:47,712 DEBUG NetworkManager:<debug> [1521826847.6897] ++ 802-3-ethernet.mac-address-blacklist = []
17:40:47,713 DEBUG NetworkManager:<debug> [1521826847.6897] ++ 802-3-ethernet.s390-options = ((GHashTable*) 0x5599612250c0)
17:40:47,715 DEBUG NetworkManager:<debug> [1521826847.6898] ++ ipv4                      [ 0x5599611b5f80 ]
17:40:47,716 DEBUG NetworkManager:<debug> [1521826847.6898] ++ ipv4.addresses            = ((GPtrArray*) 0x7f1190003b20)
17:40:47,716 DEBUG NetworkManager:<debug> [1521826847.6898] ++ ipv4.dns                  = []
17:40:47,719 DEBUG NetworkManager:<debug> [1521826847.6898] ++ ipv4.dns-search           = []
17:40:47,719 DEBUG NetworkManager:<debug> [1521826847.6898] ++ ipv4.method               = 'auto'
17:40:47,720 DEBUG NetworkManager:<debug> [1521826847.6898] ++ ipv4.routes               = ((GPtrArray*) 0x559961221720)
17:40:47,721 DEBUG NetworkManager:<debug> [1521826847.6899] ++ ipv6                      [ 0x5599611b5ec0 ]
17:40:47,725 DEBUG NetworkManager:<debug> [1521826847.6899] ++ ipv6.addr-gen-mode        = 0
17:40:47,726 DEBUG NetworkManager:<debug> [1521826847.6899] ++ ipv6.addresses            = ((GPtrArray*) 0x5599612217a0)
17:40:47,727 DEBUG NetworkManager:<debug> [1521826847.6899] ++ ipv6.dns                  = []
17:40:47,728 DEBUG NetworkManager:<debug> [1521826847.6899] ++ ipv6.dns-search           = []
17:40:47,728 DEBUG NetworkManager:<debug> [1521826847.6900] ++ ipv6.method               = 'auto'
17:40:47,730 DEBUG NetworkManager:<debug> [1521826847.6900] ++ ipv6.routes               = ((GPtrArray*) 0x559961221900)
17:40:47,731 INFO NetworkManager:<info>  [1521826847.6902] manager: rfkill: WiFi enabled by radio killswitch; enabled by state file
17:40:47,733 INFO NetworkManager:<info>  [1521826847.6902] manager: rfkill: WWAN enabled by radio killswitch; enabled by state file
17:40:47,733 INFO NetworkManager:<info>  [1521826847.6903] manager: Networking is enabled by state file
17:40:47,735 DEBUG NetworkManager:<debug> [1521826847.6903] dispatcher: (1) dispatching action 'hostname'
17:40:47,736 INFO nm-dispatcher:req:1 'hostname': new request (4 scripts)
17:40:47,738 DEBUG nm-dispatcher:req:1 'hostname': environment: PATH=/usr/local/sbin:/usr/local/bin:/usr/sbin:/usr/bin
17:40:47,739 INFO nm-dispatcher:req:1 'hostname': start running ordered scripts...
17:40:47,739 DEBUG nm-dispatcher:req:1 'hostname', "/etc/NetworkManager/dispatcher.d/00-netreport": run script
17:40:47,742 DEBUG NetworkManager:<debug> [1521826847.6948] dhcp-init: enabled DHCP client 'dhclient' (NMDhcpDhclient)
17:40:47,745 DEBUG NetworkManager:<debug> [1521826847.6948] dhcp-init: enabled DHCP client 'internal' (NMDhcpSystemd)
17:40:47,746 INFO NetworkManager:<info>  [1521826847.6948] dhcp-init: Using DHCP client 'dhclient'
17:40:47,746 DEBUG NetworkManager:<debug> [1521826847.6948] create NMDhcpManager singleton (0x5599611f7060)
17:40:47,752 INFO NetworkManager:<info>  [1521826847.6951] Loaded device plugin: NMBondDeviceFactory (internal)
17:40:47,753 INFO NetworkManager:<info>  [1521826847.6952] Loaded device plugin: NMBridgeDeviceFactory (internal)
17:40:47,753 INFO NetworkManager:<info>  [1521826847.6952] Loaded device plugin: NMDummyDeviceFactory (internal)
17:40:47,761 INFO NetworkManager:<info>  [1521826847.6953] Loaded device plugin: NMEthernetDeviceFactory (internal)
17:40:47,764 WARNING systemd:Cannot add dependency job for unit rhel-loadmodules.service, ignoring: Unit is masked.
17:40:47,765 INFO NetworkManager:<info>  [1521826847.6953] Loaded device plugin: NMInfinibandDeviceFactory (internal)
17:40:47,765 WARNING systemd:Cannot add dependency job for unit rhel-autorelabel.service, ignoring: Unit is masked.
17:40:47,775 INFO NetworkManager:<info>  [1521826847.6953] Loaded device plugin: NMIPTunnelDeviceFactory (internal)
17:40:47,776 WARNING systemd:Cannot add dependency job for unit systemd-tmpfiles-clean.timer, ignoring: Unit is masked.
17:40:47,785 INFO NetworkManager:<info>  [1521826847.6953] Loaded device plugin: NMMacsecDeviceFactory (internal)
17:40:47,786 INFO systemd:Starting Authorization Manager...
17:40:47,795 INFO NetworkManager:<info>  [1521826847.6954] Loaded device plugin: NMMacvlanDeviceFactory (internal)
17:40:47,802 INFO NetworkManager:<info>  [1521826847.6954] Loaded device plugin: NMPppDeviceFactory (internal)
17:40:47,802 INFO NetworkManager:<info>  [1521826847.6954] Loaded device plugin: NMTunDeviceFactory (internal)
17:40:47,822 INFO NetworkManager:<info>  [1521826847.6954] Loaded device plugin: NMVethDeviceFactory (internal)
17:40:47,830 INFO NetworkManager:<info>  [1521826847.6955] Loaded device plugin: NMVlanDeviceFactory (internal)
17:40:47,830 INFO NetworkManager:<info>  [1521826847.6955] Loaded device plugin: NMVxlanDeviceFactory (internal)
17:40:47,836 INFO NetworkManager:<info>  [1521826847.7032] Loaded device plugin: NMWifiFactory (/usr/lib64/NetworkManager/libnm-device-plugin-wifi.so)
17:40:47,838 INFO NetworkManager:<info>  [1521826847.7142] Loaded device plugin: NMTeamFactory (/usr/lib64/NetworkManager/libnm-device-plugin-team.so)
17:40:47,839 DEBUG NetworkManager:<debug> [1521826847.7171] device[0x559961236470] (lo): unmanaged: flags set to [platform-init,by-default=0x110/0x110/unmanaged/unrealized], set-unmanaged [by-default=0x100])
17:40:47,844 DEBUG NetworkManager:<debug> [1521826847.7172] device[0x559961236470] (lo): constructed (NMDeviceGeneric)
17:40:47,845 DEBUG NetworkManager:<debug> [1521826847.7173] device[0x559961236470] (lo): start setup of NMDeviceGeneric, kernel ifindex 1
17:40:47,845 DEBUG NetworkManager:<debug> [1521826847.7173] device[0x559961236470] (lo): assume-state: set guess-assume=1, connection=(null)
17:40:47,849 DEBUG NetworkManager:<debug> [1521826847.7174] platform-linux: error reading net:/sys/class/net/lo/phys_port_id: error reading 4096 bytes from file descriptor: Operation not supported
17:40:47,850 DEBUG NetworkManager:<debug> [1521826847.7175] platform-linux: sysctl: reading 'net:/sys/class/net/lo/dev_id': '0x0'
17:40:47,853 DEBUG NetworkManager:<debug> [1521826847.7197] platform-linux: error reading net:/sys/class/net/lo/device/sriov_totalvfs: Failed to open file "device/sriov_totalvfs" with openat: No such file or directory
17:40:47,854 DEBUG NetworkManager:<debug> [1521826847.7197] device[0x559961236470] (lo): hw-addr: hardware address now 00:00:00:00:00:00
17:40:47,854 DEBUG NetworkManager:<debug> [1521826847.7198] device[0x559961236470] (lo): hw-addr: update initial MAC address 00:00:00:00:00:00
17:40:47,871 DEBUG NetworkManager:<debug> [1521826847.7198] device[0x559961236470] (lo): hw-addr: unable to read permanent MAC address (use current: 00:00:00:00:00:00)
17:40:47,871 INFO NetworkManager:<info>  [1521826847.7199] device (lo): carrier: link connected
17:40:47,872 DEBUG NetworkManager:<debug> [1521826847.7199] device[0x559961236470] (lo): unmanaged: flags set to [platform-init,by-default,!external-down=0x110/0x910/unmanaged/unrealized], set-managed [external-down=0x800])
17:40:47,874 DEBUG NetworkManager:<debug> [1521826847.7199] device[0x559961236470] (lo): unmanaged: flags set to [loopback,platform-init,by-default,!external-down=0x118/0x918/unmanaged/unrealized], set-unmanaged [loopback=0x8])
17:40:47,875 DEBUG NetworkManager:<debug> [1521826847.7199] device[0x559961236470] (lo): unmanaged: flags set to [loopback,platform-init,by-default,!user-settings,!external-down=0x118/0x958/unmanaged/unrealized], set-managed [user-settings=0x40])
17:40:47,875 DEBUG NetworkManager:<debug> [1521826847.7199] device[0x559961236470] (lo): unmanaged: flags set to [loopback,by-default,!platform-init,!user-settings,!external-down=0x108/0x958/unmanaged/unrealized], set-managed [platform-init=0x10])
17:40:47,878 DEBUG NetworkManager:<debug> [1521826847.7200] device[0x559961236470] (lo): unmanaged: flags set to [loopback,by-default,!sleeping,!platform-init,!user-settings,!external-down=0x108/0x959/unmanaged/unrealized], set-managed [sleeping=0x1])
17:40:47,879 INFO NetworkManager:<info>  [1521826847.7240] manager: (lo): new Generic device (/org/freedesktop/NetworkManager/Devices/1)
17:40:47,895 DEBUG NetworkManager:<debug> [1521826847.7245] device[0x559961236470] (lo): assume-state: set guess-assume=0, connection=(null)
17:40:47,895 DEBUG NetworkManager:<debug> [1521826847.7247] device[0x559961243ce0] (eth0): constructed (NMDeviceEthernet)
17:40:47,908 DEBUG NetworkManager:<debug> [1521826847.7248] device[0x559961243ce0] (eth0): start setup of NMDeviceEthernet, kernel ifindex 2
17:40:47,908 DEBUG NetworkManager:<debug> [1521826847.7248] device[0x559961243ce0] (eth0): assume-state: set guess-assume=1, connection=(null)
17:40:47,919 DEBUG NetworkManager:<debug> [1521826847.7249] platform-linux: error reading net:/sys/class/net/eth0/phys_port_id: error reading 4096 bytes from file descriptor: Operation not supported
17:40:47,919 DEBUG NetworkManager:<debug> [1521826847.7250] platform-linux: sysctl: reading 'net:/sys/class/net/eth0/dev_id': '0x0'
17:40:47,947 DEBUG NetworkManager:<debug> [1521826847.7251] platform-linux: error reading net:/sys/class/net/eth0/device/sriov_totalvfs: Failed to open file "device/sriov_totalvfs" with openat: No such file or directory
17:40:47,948 DEBUG NetworkManager:<debug> [1521826847.7252] device[0x559961243ce0] (eth0): hw-addr: hardware address now 52:54:00:7A:0B:3E
17:40:47,950 DEBUG NetworkManager:<debug> [1521826847.7252] device[0x559961243ce0] (eth0): hw-addr: update initial MAC address 52:54:00:7A:0B:3E
17:40:47,951 DEBUG NetworkManager:<debug> [1521826847.7252] device[0x559961243ce0] (eth0): hw-addr: read permanent MAC address '52:54:00:7A:0B:3E'
17:40:47,951 INFO NetworkManager:<info>  [1521826847.7252] device (eth0): carrier: link connected
17:40:47,975 DEBUG NetworkManager:<debug> [1521826847.7254] device[0x559961243ce0] (eth0): unmanaged: flags set to [platform-init,!loopback=0x10/0x18/unmanaged/unrealized], set-managed [loopback=0x8])
17:40:47,976 DEBUG NetworkManager:<debug> [1521826847.7254] device[0x559961243ce0] (eth0): unmanaged: flags set to [platform-init,!loopback,!user-settings=0x10/0x58/unmanaged/unrealized], set-managed [user-settings=0x40])
17:40:47,977 DEBUG NetworkManager:<debug> [1521826847.7254] device[0x559961243ce0] (eth0): unmanaged: flags set to [!loopback,!platform-init,!user-settings=0x0/0x58/managed/unrealized], set-managed [platform-init=0x10])
17:40:47,978 DEBUG NetworkManager:<debug> [1521826847.7255] device[0x559961243ce0] (eth0): unmanaged: flags set to [!sleeping,!loopback,!platform-init,!user-settings=0x0/0x59/managed/unrealized], set-managed [sleeping=0x1])
17:40:47,979 INFO NetworkManager:<info>  [1521826847.7304] manager: (eth0): new Ethernet device (/org/freedesktop/NetworkManager/Devices/2)
17:40:47,988 DEBUG NetworkManager:<debug> [1521826847.7327] device[0x559961243ce0] (eth0): ip4-config: update (commit=0, new-config=0x55996124f2c0)
17:40:47,989 DEBUG NetworkManager:<debug> [1521826847.7351] device[0x559961243ce0] (eth0): ip4-config: set IP4Config instance (/org/freedesktop/NetworkManager/IP4Config/1)
17:40:47,989 DEBUG NetworkManager:<debug> [1521826847.7351] dns-mgr: (device_ip4_config_changed): queueing DNS updates (1)
17:40:47,992 DEBUG NetworkManager:<debug> [1521826847.7352] dns-mgr: (device_ip4_config_changed): DNS configuration did not change
17:40:47,993 DEBUG NetworkManager:<debug> [1521826847.7352] dns-mgr: (device_ip4_config_changed): no DNS changes to commit (0)
17:40:48,009 DEBUG NetworkManager:<debug> [1521826847.7354] device[0x559961243ce0] (eth0): ip6-config: update (commit=0, new-config=0x559961256280)
17:40:48,010 DEBUG NetworkManager:<debug> [1521826847.7373] device[0x559961243ce0] (eth0): ip6-config: set IP6Config instance (/org/freedesktop/NetworkManager/IP6Config/1)
17:40:48,010 DEBUG NetworkManager:<debug> [1521826847.7374] dns-mgr: (device_ip6_config_changed): queueing DNS updates (1)
17:40:48,014 DEBUG NetworkManager:<debug> [1521826847.7374] dns-mgr: (device_ip6_config_changed): DNS configuration did not change
17:40:48,023 DEBUG NetworkManager:<debug> [1521826847.7374] dns-mgr: (device_ip6_config_changed): no DNS changes to commit (0)
17:40:48,024 INFO NetworkManager:<info>  [1521826847.7379] manager: (eth0): assume: will attempt to assume matching connection 'eth0' (4b47018e-4747-47e9-a982-f864e324ba9a) (guessed)
17:40:48,027 DEBUG NetworkManager:<debug> [1521826847.7379] device[0x559961243ce0] (eth0): assume-state: set guess-assume=0, connection=(null)
17:40:48,028 INFO NetworkManager:<info>  [1521826847.7380] device (eth0): state change: unmanaged -> unavailable (reason 'connection-assumed', sys-iface-state: 'assume')
17:40:48,028 DEBUG NetworkManager:<debug> [1521826847.7382] platform-linux: sysctl: reading '/proc/sys/net/ipv6/conf/eth0/accept_ra': '1'
17:40:48,031 DEBUG NetworkManager:<debug> [1521826847.7383] platform-linux: sysctl: reading '/proc/sys/net/ipv6/conf/eth0/accept_ra_defrtr': '1'
17:40:48,032 DEBUG NetworkManager:<debug> [1521826847.7383] platform-linux: sysctl: reading '/proc/sys/net/ipv6/conf/eth0/accept_ra_pinfo': '1'
17:40:48,037 DEBUG NetworkManager:<debug> [1521826847.7384] platform-linux: sysctl: reading '/proc/sys/net/ipv6/conf/eth0/accept_ra_rtr_pref': '1'
17:40:48,038 DEBUG NetworkManager:<debug> [1521826847.7385] platform-linux: sysctl: reading '/proc/sys/net/ipv6/conf/eth0/forwarding': '0'
17:40:48,038 DEBUG NetworkManager:<debug> [1521826847.7385] platform-linux: sysctl: reading '/proc/sys/net/ipv6/conf/eth0/disable_ipv6': '0'
17:40:48,040 DEBUG NetworkManager:<debug> [1521826847.7416] platform-linux: sysctl: reading '/proc/sys/net/ipv6/conf/eth0/hop_limit': '64'
17:40:48,041 DEBUG NetworkManager:<debug> [1521826847.7417] platform-linux: sysctl: reading '/proc/sys/net/ipv6/conf/eth0/use_tempaddr': '0'
17:40:48,058 DEBUG NetworkManager:<debug> [1521826847.7430] device[0x559961243ce0] (eth0): add_pending_action (1): 'recheck-available'
17:40:48,061 INFO NetworkManager:<info>  [1521826847.7430] device (eth0): state change: unavailable -> disconnected (reason 'connection-assumed', sys-iface-state: 'assume')
17:40:48,062 DEBUG NetworkManager:<debug> [1521826847.7439] device[0x559961243ce0] (eth0): add_pending_action (2): 'autoactivate'
17:40:48,063 DEBUG NetworkManager:<debug> [1521826847.7442] active-connection[0x559961256420]: set device "eth0" [0x559961243ce0]
17:40:48,063 DEBUG NetworkManager:<debug> [1521826847.7442] device[0x559961243ce0] (eth0): add_pending_action (3): 'activation-0x559961256420'
17:40:48,067 DEBUG NetworkManager:<debug> [1521826847.7466] active-connection[0x559961256420]: constructed (NMActRequest, version-id 1, type assume)
17:40:48,068 INFO NetworkManager:<info>  [1521826847.7512] device (eth0): Activation: starting connection 'eth0' (4b47018e-4747-47e9-a982-f864e324ba9a)
17:40:48,083 DEBUG NetworkManager:<debug> [1521826847.7513] device[0x559961243ce0] (eth0): activation-stage: schedule activate_stage1_device_prepare,v4 (id 39)
17:40:48,084 DEBUG NetworkManager:<debug> [1521826847.7536] create NMVpnManager singleton (0x5599611f6320)
17:40:48,084 DEBUG NetworkManager:<debug> [1521826847.7536] manager: creating virtual devices...
17:40:48,086 DEBUG NetworkManager:<debug> [1521826847.7536] setting up local loopback
17:40:48,088 DEBUG NetworkManager:<debug> [1521826847.7536] platform: link: setting up "lo" (1)
17:40:48,089 DEBUG NetworkManager:<debug> [1521826847.7537] platform-linux: link: change 1: flags: set 0x1/0x1 ([up] / [up])
17:40:48,098 DEBUG NetworkManager:<debug> [1521826847.7537] platform-linux: do-request-link: 1
17:40:48,099 DEBUG NetworkManager:<debug> [1521826847.7538] platform-linux: do-change-link[1]: success changing link: success
17:40:48,102 NOTICE dbus:[system] Activating via systemd: service name='org.freedesktop.PolicyKit1' unit='polkit.service'
17:40:48,103 DEBUG NetworkManager:<debug> [1521826847.7724] sleep-monitor-sd: inhibit: taking sleep inhibitor...
17:40:48,103 DEBUG NetworkManager:<debug> [1521826847.7772] ifcfg-rh: dbus: aquired D-Bus service com.redhat.ifcfgrh1 and exported /com/redhat/ifcfgrh1 object
17:40:48,117 DEBUG NetworkManager:<debug> [1521826847.7963] sleep-monitor-sd: inhibit: inhibitor fd is 17
17:40:48,118 DEBUG NetworkManager:<debug> [1521826847.7963] firewall: firewall initialized (not running)
17:40:48,120 DEBUG NetworkManager:<debug> [1521826847.8033] device[0x559961236470] (lo): ip4-config: update (commit=0, new-config=0x55996124f540)
17:40:48,121 DEBUG NetworkManager:<debug> [1521826847.8097] device[0x559961236470] (lo): ip4-config: set IP4Config instance (/org/freedesktop/NetworkManager/IP4Config/2)
17:40:48,121 DEBUG NetworkManager:<debug> [1521826847.8097] dns-mgr: (device_ip4_config_changed): queueing DNS updates (1)
17:40:48,125 DEBUG NetworkManager:<debug> [1521826847.8098] dns-mgr: (device_ip4_config_changed): DNS configuration did not change
17:40:48,125 DEBUG NetworkManager:<debug> [1521826847.8098] dns-mgr: (device_ip4_config_changed): no DNS changes to commit (0)
17:40:48,127 DEBUG NetworkManager:<debug> [1521826847.8098] device[0x559961236470] (lo): ip6-config: update (commit=0, new-config=0x559961256700)
17:40:48,128 DEBUG NetworkManager:<debug> [1521826847.8233] device[0x559961236470] (lo): ip6-config: set IP6Config instance (/org/freedesktop/NetworkManager/IP6Config/2)
17:40:48,130 DEBUG NetworkManager:<debug> [1521826847.8234] dns-mgr: (device_ip6_config_changed): queueing DNS updates (1)
17:40:48,131 DEBUG NetworkManager:<debug> [1521826847.8234] dns-mgr: (device_ip6_config_changed): DNS configuration did not change
17:40:48,131 DEBUG NetworkManager:<debug> [1521826847.8234] dns-mgr: (device_ip6_config_changed): no DNS changes to commit (0)
17:40:48,133 DEBUG NetworkManager:<debug> [1521826847.8310] device[0x559961243ce0] (eth0): ip4-config: update (commit=0, new-config=0x55996124f680)
17:40:48,134 DEBUG NetworkManager:<debug> [1521826847.8310] device[0x559961243ce0] (eth0): ip6-config: update (commit=0, new-config=0x559961256a60)
17:40:48,134 DEBUG NetworkManager:<debug> [1521826847.8360] device[0x559961243ce0] (eth0): remove_pending_action (2): 'recheck-available'
17:40:48,136 DEBUG NetworkManager:<debug> [1521826847.8360] device[0x559961243ce0] (eth0): remove_pending_action (1): 'autoactivate'
17:40:48,137 DEBUG NetworkManager:<debug> [1521826847.8360] device[0x559961243ce0] (eth0): activation-stage: invoke activate_stage1_device_prepare,v4 (id 39)
17:40:48,139 INFO NetworkManager:<info>  [1521826847.8361] device (eth0): state change: disconnected -> prepare (reason 'none', sys-iface-state: 'assume')
17:40:48,140 DEBUG NetworkManager:<debug> [1521826847.8379] active-connection[0x559961256420]: set state activating (was unknown)
17:40:48,140 DEBUG NetworkManager:<debug> [1521826847.8383] active-connection[0x559961256420]: check-master-ready: not signalling (state activating, no master)
17:40:48,142 DEBUG NetworkManager:<debug> [1521826847.8383] manager: ActivatingConnection now eth0
17:40:48,143 DEBUG NetworkManager:<debug> [1521826847.8384] device[0x559961243ce0] (eth0): activation-stage: schedule activate_stage2_device_config,v4 (id 79)
17:40:48,143 DEBUG NetworkManager:<debug> [1521826847.8384] device[0x559961243ce0] (eth0): activation-stage: complete activate_stage1_device_prepare,v4 (id 39)
17:40:48,145 DEBUG NetworkManager:<debug> [1521826847.8407] manager: (lo): assume: don't assume because not managed
17:40:48,146 DEBUG NetworkManager:<debug> [1521826847.8418] device[0x559961243ce0] (eth0): activation-stage: invoke activate_stage2_device_config,v4 (id 79)
17:40:48,148 INFO NetworkManager:<info>  [1521826847.8419] device (eth0): state change: prepare -> config (reason 'none', sys-iface-state: 'assume')
17:40:48,149 DEBUG NetworkManager:<debug> [1521826847.8436] firewall: [0x7f118c004400,change*:"eth0"]: firewall zone change eth0:default (not running, simulate success)
17:40:48,149 DEBUG NetworkManager:<debug> [1521826847.8436] device[0x559961243ce0] (eth0): activation-stage: complete activate_stage2_device_config,v4 (id 79)
17:40:48,151 DEBUG NetworkManager:<debug> [1521826847.8459] firewall: [0x7f118c004400,change*:"eth0"]: complete: fake success
17:40:48,152 DEBUG NetworkManager:<debug> [1521826847.8459] device[0x559961243ce0] (eth0): activation-stage: schedule activate_stage3_ip_config_start,v4 (id 84)
17:40:48,152 DEBUG NetworkManager:<debug> [1521826847.8460] device[0x559961243ce0] (eth0): activation-stage: invoke activate_stage3_ip_config_start,v4 (id 84)
17:40:48,154 DEBUG NetworkManager:<debug> [1521826847.8460] active-connection[0x559961256420]: set state-flags layer2-ready (was none)
17:40:48,155 INFO NetworkManager:<info>  [1521826847.8460] device (eth0): state change: config -> ip-config (reason 'none', sys-iface-state: 'assume')
17:40:48,157 DEBUG nm-dispatcher:req:1 'hostname', "/etc/NetworkManager/dispatcher.d/00-netreport": complete
17:40:48,158 DEBUG nm-dispatcher:req:1 'hostname', "/etc/NetworkManager/dispatcher.d/04-iscsi": run script
17:40:48,158 DEBUG NetworkManager:<debug> [1521826847.8494] bus-manager: (dhcp) creating private socket unix:path=/var/run/NetworkManager/private-dhcp
17:40:48,166 DEBUG NetworkManager:<debug> [1521826847.8510] create NMDhcpListener singleton (0x5599611eb400)
17:40:48,167 INFO NetworkManager:<info>  [1521826847.8510] dhcp4 (eth0): activation: beginning transaction (timeout in 45 seconds)
17:40:48,185 DEBUG NetworkManager:<debug> [1521826847.8510] dhcp4 (eth0): creating composite dhclient config /var/lib/NetworkManager/dhclient-eth0.conf
17:40:48,186 DEBUG NetworkManager:<debug> [1521826847.8510] dhcp4 (eth0): looking for existing config /etc/NetworkManager/dhclient-4b47018e-4747-47e9-a982-f864e324ba9a.conf
17:40:48,186 DEBUG NetworkManager:<debug> [1521826847.8511] dhcp4 (eth0): looking for existing config /etc/NetworkManager/dhclient-eth0.conf
17:40:48,188 DEBUG NetworkManager:<debug> [1521826847.8511] dhcp4 (eth0): looking for existing config /etc/NetworkManager/dhclient.conf
17:40:48,189 DEBUG NetworkManager:<debug> [1521826847.8512] dhcp4 (eth0): looking for existing config /etc/dhcp/dhclient-eth0.conf
17:40:48,191 DEBUG NetworkManager:<debug> [1521826847.8530] dhcp4 (eth0): looking for existing config /etc/dhclient-eth0.conf
17:40:48,192 DEBUG NetworkManager:<debug> [1521826847.8530] dhcp4 (eth0): looking for existing config /etc/dhcp/dhclient.conf
17:40:48,192 DEBUG NetworkManager:<debug> [1521826847.8530] dhcp4 (eth0): looking for existing config /etc/dhclient.conf
17:40:48,194 DEBUG NetworkManager:<debug> [1521826847.8530] dhcp4 (eth0): merging existing dhclient config /etc/dhclient.conf
17:40:48,195 DEBUG NetworkManager:<debug> [1521826847.8692] dhcp4 (eth0): running: /sbin/dhclient -d -q -sf /usr/libexec/nm-dhcp-helper -pf /var/run/dhclient-eth0.pid -lf /var/lib/NetworkManager/dhclient-4b47018e-4747-47e9-a982-f864e324ba9a-eth0.lease -cf /var/lib/NetworkManager/dhclient-eth0.conf eth0
17:40:48,195 DEBUG nm-dispatcher:req:1 'hostname', "/etc/NetworkManager/dispatcher.d/04-iscsi": complete
17:40:48,197 DEBUG nm-dispatcher:req:1 'hostname', "/etc/NetworkManager/dispatcher.d/11-dhclient": run script
17:40:48,198 INFO NetworkManager:<info>  [1521826847.8914] dhcp4 (eth0): dhclient started with pid 1452
17:40:48,200 DEBUG NetworkManager:<debug> [1521826847.8918] device[0x559961243ce0] (eth0): add_pending_action (2): 'dhcp4'
17:40:48,203 DEBUG NetworkManager:<debug> [1521826847.8919] platform-linux: sysctl: setting '/proc/sys/net/ipv6/conf/eth0/disable_ipv6' to '0' (current value is identical)
17:40:48,204 DEBUG NetworkManager:<debug> [1521826847.8922] platform-linux: sysctl: reading '/proc/sys/net/ipv6/conf/default/use_tempaddr': '0'
17:40:48,204 DEBUG NetworkManager:<debug> [1521826847.8924] platform-linux: sysctl: reading '/proc/sys/net/ipv6/conf/eth0/router_solicitation_interval': '4'
17:40:48,206 DEBUG NetworkManager:<debug> [1521826847.8925] platform-linux: sysctl: reading '/proc/sys/net/ipv6/conf/eth0/router_solicitations': '3'
17:40:48,207 DEBUG NetworkManager:<debug> [1521826847.8926] platform-linux: sysctl: reading '/proc/sys/net/ipv6/conf/eth0/max_addresses': '16'
17:40:48,207 DEBUG NetworkManager:<debug> [1521826847.8931] device[0x559961243ce0] (eth0): addrconf6: using the device EUI-64 identifier
17:40:48,209 DEBUG NetworkManager:<debug> [1521826847.8932] device[0x559961243ce0] (eth0): ip6-config: update (commit=1, new-config=0x559961256040)
17:40:48,210 DEBUG NetworkManager:<debug> [1521826847.8932] platform-linux: kernel-support: extended-ifa-flags: unable to detect kernel support for handling IPv6 temporary addresses. Assume support
17:40:48,212 DEBUG NetworkManager:<debug> [1521826847.8932] platform: address: adding or updating IPv6 address: fe80::5054:ff:fe7a:b3e/64 lft forever pref forever lifetime 1-0[4294967295,4294967295] dev 2 flags permanent,noprefixroute src unknown
17:40:48,213 DEBUG NetworkManager:<debug> [1521826847.8934] platform: signal: address 6 changed: fe80::5054:ff:fe7a:b3e/64 lft forever pref forever lifetime 1-0[4294967295,4294967295] dev 2 flags permanent,noprefixroute src kernel
17:40:48,213 DEBUG NetworkManager:<debug> [1521826847.8934] device[0x559961243ce0] (eth0): queued IP6 config change
17:40:48,215 DEBUG NetworkManager:<debug> [1521826847.8935] platform: signal: route   6 removed: fe80::/64 via :: dev 2 metric 256 mss 0 rt-src rt-kernel
17:40:48,216 DEBUG NetworkManager:<debug> [1521826847.8935] platform-linux: do-add-ip6-address[2: fe80::5054:ff:fe7a:b3e]: success
17:40:48,216 DEBUG NetworkManager:<debug> [1521826847.8935] platform: route: append     IPv6 route: fe80::/64 via :: dev 2 metric 256 mss 0 rt-src rt-kernel
17:40:48,218 DEBUG NetworkManager:<debug> [1521826847.8936] platform: signal: route   6   added: fe80::/64 via :: dev 2 metric 256 mss 0 rt-src rt-kernel
17:40:48,219 DEBUG NetworkManager:<debug> [1521826847.8937] platform-linux: do-add-ip6-route[fe80::/64 via :: dev 2 metric 256 mss 0 rt-src rt-kernel]: success
17:40:48,221 DEBUG NetworkManager:<debug> [1521826847.8937] platform: route: append     IPv6 route: fe80::/64 via :: dev 2 metric 100 mss 0 rt-src rt-kernel
17:40:48,222 DEBUG NetworkManager:<debug> [1521826847.8937] platform: signal: route   6   added: fe80::/64 via :: dev 2 metric 100 mss 0 rt-src rt-kernel
17:40:48,222 DEBUG NetworkManager:<debug> [1521826847.8938] platform-linux: do-add-ip6-route[fe80::/64 via :: dev 2 metric 100 mss 0 rt-src rt-kernel]: success
17:40:48,224 DEBUG NetworkManager:<debug> [1521826847.8940] device[0x559961243ce0] (eth0): ip6-config: update IP6Config instance (/org/freedesktop/NetworkManager/IP6Config/1)
17:40:48,225 DEBUG NetworkManager:<debug> [1521826847.8940] dns-mgr: (device_ip6_config_changed): queueing DNS updates (1)
17:40:48,225 DEBUG NetworkManager:<debug> [1521826847.8940] dns-mgr: (device_ip6_config_changed): DNS configuration did not change
17:40:48,227 DEBUG NetworkManager:<debug> [1521826847.8941] dns-mgr: (device_ip6_config_changed): no DNS changes to commit (0)
17:40:48,228 DEBUG NetworkManager:<debug> [1521826847.8941] platform-linux: sysctl: setting '/proc/sys/net/ipv6/conf/eth0/accept_ra' to '1' (current value is identical)
17:40:48,228 DEBUG NetworkManager:<debug> [1521826847.8942] platform-linux: sysctl: setting '/proc/sys/net/ipv6/conf/eth0/accept_ra_defrtr' to '0' (current value is '1')
17:40:48,230 DEBUG NetworkManager:<debug> [1521826847.8943] platform-linux: sysctl: setting '/proc/sys/net/ipv6/conf/eth0/accept_ra_pinfo' to '0' (current value is '1')
17:40:48,231 DEBUG NetworkManager:<debug> [1521826847.8943] platform-linux: sysctl: setting '/proc/sys/net/ipv6/conf/eth0/accept_ra_rtr_pref' to '0' (current value is '1')
17:40:48,233 DEBUG NetworkManager:<debug> [1521826847.8944] ndisc[0x559961256b00,"eth0"]: starting neighbor discovery: 2
17:40:48,234 DEBUG NetworkManager:<debug> [1521826847.8944] ndisc-lndp[0x559961256b00,"eth0"]: processing libndp events
17:40:48,234 DEBUG NetworkManager:<debug> [1521826847.8944] ndisc[0x559961256b00,"eth0"]: scheduling RA timeout in 30 seconds
17:40:48,241 DEBUG NetworkManager:<debug> [1521826847.8944] ndisc[0x559961256b00,"eth0"]: scheduling explicit router solicitation request in 0 seconds.
17:40:48,241 DEBUG NetworkManager:<debug> [1521826847.8945] device[0x559961243ce0] (eth0): activation-stage: complete activate_stage3_ip_config_start,v4 (id 84)
17:40:48,242 DEBUG NetworkManager:<debug> [1521826847.9073] device[0x559961243ce0] (eth0): ip6-config: update (commit=0, new-config=0x559961256040)
17:40:48,243 DEBUG NetworkManager:<debug> [1521826847.9097] device[0x559961243ce0] (eth0): ip6-config: update IP6Config instance (/org/freedesktop/NetworkManager/IP6Config/1)
17:40:48,244 DEBUG NetworkManager:<debug> [1521826847.9097] dns-mgr: (device_ip6_config_changed): queueing DNS updates (1)
17:40:48,245 DEBUG NetworkManager:<debug> [1521826847.9097] dns-mgr: (device_ip6_config_changed): DNS configuration did not change
17:40:48,246 DEBUG NetworkManager:<debug> [1521826847.9097] dns-mgr: (device_ip6_config_changed): no DNS changes to commit (0)
17:40:48,247 DEBUG NetworkManager:<debug> [1521826847.9201] manager: check_if_startup_complete returns FALSE because of eth0
17:40:48,247 DEBUG nm-dispatcher:req:1 'hostname', "/etc/NetworkManager/dispatcher.d/11-dhclient": complete
17:40:48,310 DEBUG nm-dispatcher:req:1 'hostname', "/etc/NetworkManager/dispatcher.d/20-chrony": run script
17:40:48,311 DEBUG NetworkManager:<debug> [1521826848.0218] ndisc[0x559961256b00,"eth0"]: router solicitation sent
17:40:48,333 DEBUG NetworkManager:<debug> [1521826848.0218] ndisc[0x559961256b00,"eth0"]: scheduling router solicitation retry in 4 seconds.
17:40:48,334 DEBUG NetworkManager:<debug> [1521826848.1221] ndisc-lndp[0x559961256b00,"eth0"]: processing libndp events
17:40:48,334 DEBUG NetworkManager:<debug> [1521826848.1236] ndisc-lndp[0x559961256b00,"eth0"]: processing libndp events
17:40:48,335 DEBUG NetworkManager:<debug> [1521826848.1237] ndisc-lndp[0x559961256b00,"eth0"]: processing libndp events
17:40:48,336 DEBUG nm-dispatcher:req:1 'hostname', "/etc/NetworkManager/dispatcher.d/20-chrony": complete
17:40:48,338 DEBUG nm-dispatcher:req:1 'hostname': completed (4 scripts)
17:40:48,339 DEBUG NetworkManager:<debug> [1521826848.1248] dispatcher: (1) 00-netreport succeeded
17:40:48,339 DEBUG NetworkManager:<debug> [1521826848.1248] dispatcher: (1) 04-iscsi succeeded
17:40:48,340 DEBUG NetworkManager:<debug> [1521826848.1248] dispatcher: (1) 11-dhclient succeeded
17:40:48,341 DEBUG NetworkManager:<debug> [1521826848.1249] dispatcher: (1) 20-chrony succeeded
17:40:48,369 INFO polkitd:Started polkitd version 0.112
17:40:48,418 NOTICE dbus:[system] Successfully activated service 'org.freedesktop.PolicyKit1'
17:40:48,420 DEBUG NetworkManager:<debug> [1521826848.4202] auth: dbus name owner: ':1.7'
17:40:48,424 INFO systemd:Started Authorization Manager.
17:40:48,424 DEBUG NetworkManager:<debug> [1521826848.4203] auth: emit changed signal
17:40:48,449 DEBUG NetworkManager:<debug> [1521826848.4490] bus-manager: (dhcp) accepted connection 0x5599611da660 on private socket
17:40:48,450 DEBUG NetworkManager:<debug> [1521826848.4502] dhcp4 (eth0): unmapped DHCP state 'PREINIT'
17:40:48,451 DEBUG NetworkManager:<debug> [1521826848.4502] dhcp4 (eth0): DHCP reason 'PREINIT' -> state 'unknown'
17:40:48,452 DEBUG NetworkManager:<debug> [1521826848.4519] bus-manager: (dhcp) closed connection 0x5599611da660 on private socket
17:40:48,455 INFO dhclient:DHCPREQUEST on eth0 to 255.255.255.255 port 67 (xid=0x4519b250)
17:40:48,455 INFO dhclient:DHCPACK from 192.168.122.1 (xid=0x4519b250)
17:40:48,461 DEBUG NetworkManager:<debug> [1521826848.4608] bus-manager: (dhcp) accepted connection 0x5599611da760 on private socket
17:40:48,463 DEBUG NetworkManager:<debug> [1521826848.4622] dhcp4 (eth0): DHCP reason 'REBOOT' -> state 'bound'
17:40:48,464 DEBUG NetworkManager:<debug> [1521826848.4624] dhcp4 (eth0): option 'broadcast_address'=>'192.168.122.255'
17:40:48,464 DEBUG NetworkManager:<debug> [1521826848.4624] dhcp4 (eth0): option 'requested_static_routes'=>'1'
17:40:48,465 DEBUG NetworkManager:<debug> [1521826848.4624] dhcp4 (eth0): option 'requested_routers'=>'1'
17:40:48,465 DEBUG NetworkManager:<debug> [1521826848.4624] dhcp4 (eth0): option 'requested_subnet_mask'=>'1'
17:40:48,468 DEBUG NetworkManager:<debug> [1521826848.4624] dhcp4 (eth0): option 'ip_address'=>'192.168.122.54'
17:40:48,470 DEBUG NetworkManager:<debug> [1521826848.4624] dhcp4 (eth0): option 'domain_name_servers'=>'192.168.122.1'
17:40:48,472 DEBUG NetworkManager:<debug> [1521826848.4624] dhcp4 (eth0): option 'dhcp_message_type'=>'5'
17:40:48,472 DEBUG NetworkManager:<debug> [1521826848.4624] dhcp4 (eth0): option 'routers'=>'192.168.122.1'
17:40:48,475 DEBUG NetworkManager:<debug> [1521826848.4624] dhcp4 (eth0): option 'requested_wpad'=>'1'
17:40:48,476 DEBUG NetworkManager:<debug> [1521826848.4624] dhcp4 (eth0): option 'requested_time_offset'=>'1'
17:40:48,476 DEBUG NetworkManager:<debug> [1521826848.4625] dhcp4 (eth0): option 'requested_broadcast_address'=>'1'
17:40:48,478 DEBUG NetworkManager:<debug> [1521826848.4625] dhcp4 (eth0): option 'expiry'=>'1521830448'
