[    0.000000] Initializing cgroup subsys cpuset
[    0.000000] Initializing cgroup subsys cpu
[    0.000000] Initializing cgroup subsys cpuacct
[    0.000000] Linux version 3.10.0-862.3.2.el7.x86_64 (mockbuild@x86-034.build.eng.bos.redhat.com) (gcc version 4.8.5 20150623 (Red Hat 4.8.5-28) (GCC) ) #1 SMP Tue May 15 18:22:15 EDT 2018
[    0.000000] Command line: BOOT_IMAGE=/boot/vmlinuz-3.10.0-862.3.2.el7.x86_64 root=UUID=50a9826b-3a50-44d0-ad12-28f2056e9927 ro console=ttyS0,115200n8 console=tty0 net.ifnames=0 crashkernel=auto LANG=en_US.UTF-8
[    0.000000] e820: BIOS-provided physical RAM map:
[    0.000000] BIOS-e820: [mem 0x0000000000000000-0x000000000009dfff] usable
[    0.000000] BIOS-e820: [mem 0x000000000009e000-0x000000000009ffff] reserved
[    0.000000] BIOS-e820: [mem 0x00000000000e0000-0x00000000000fffff] reserved
[    0.000000] BIOS-e820: [mem 0x0000000000100000-0x000000003fffffff] usable
[    0.000000] BIOS-e820: [mem 0x00000000fc000000-0x00000000ffffffff] reserved
[    0.000000] NX (Execute Disable) protection: active
[    0.000000] SMBIOS 2.7 present.
[    0.000000] DMI: Xen HVM domU, BIOS 4.2.amazon 08/24/2006
[    0.000000] Hypervisor detected: Xen HVM
[    0.000000] Xen version 4.2.
[    0.000000] Xen Platform PCI: I/O protocol version 1
[    0.000000] Netfront and the Xen platform PCI driver have been compiled for this kernel: unplug emulated NICs.
[    0.000000] Blkfront and the Xen platform PCI driver have been compiled for this kernel: unplug emulated disks.
You might have to change the root device
from /dev/hd[a-d] to /dev/xvd[a-d]
in your root= kernel command line option
[    0.000000] HVMOP_pagetable_dying not supported
[    0.000000] e820: update [mem 0x00000000-0x00000fff] usable ==> reserved
[    0.000000] e820: remove [mem 0x000a0000-0x000fffff] usable
[    0.000000] e820: last_pfn = 0x40000 max_arch_pfn = 0x400000000
[    0.000000] MTRR default type: write-back
[    0.000000] MTRR fixed ranges enabled:
[    0.000000]   00000-9FFFF write-back
[    0.000000]   A0000-BFFFF write-combining
[    0.000000]   C0000-FFFFF write-back
[    0.000000] MTRR variable ranges enabled:
[    0.000000]   0 base 0000F0000000 mask 3FFFF8000000 uncachable
[    0.000000]   1 base 0000F8000000 mask 3FFFFC000000 uncachable
[    0.000000]   2 disabled
[    0.000000]   3 disabled
[    0.000000]   4 disabled
[    0.000000]   5 disabled
[    0.000000]   6 disabled
[    0.000000]   7 disabled
[    0.000000] PAT configuration [0-7]: WB  WC  UC- UC  WB  WP  UC- UC  
[    0.000000] found SMP MP-table at [mem 0x000fbc50-0x000fbc5f] mapped at [ffffffffff200c50]
[    0.000000] Base memory trampoline at [ffff9c61c0098000] 98000 size 24576
[    0.000000] BRK [0x2aa2f000, 0x2aa2ffff] PGTABLE
[    0.000000] BRK [0x2aa30000, 0x2aa30fff] PGTABLE
[    0.000000] BRK [0x2aa31000, 0x2aa31fff] PGTABLE
[    0.000000] BRK [0x2aa32000, 0x2aa32fff] PGTABLE
[    0.000000] RAMDISK: [mem 0x31c11000-0x34e00fff]
[    0.000000] Early table checksum verification disabled
[    0.000000] ACPI: RSDP 00000000000ea020 00024 (v02    Xen)
[    0.000000] ACPI: XSDT 00000000fc00e2a0 00054 (v01    Xen      HVM 00000000 HVML 00000000)
[    0.000000] ACPI: FACP 00000000fc00df60 000F4 (v04    Xen      HVM 00000000 HVML 00000000)
[    0.000000] ACPI: DSDT 00000000fc0021c0 0BD19 (v02    Xen      HVM 00000000 INTL 20090123)
[    0.000000] ACPI: FACS 00000000fc002180 00040
[    0.000000] ACPI: APIC 00000000fc00e060 000D8 (v02    Xen      HVM 00000000 HVML 00000000)
[    0.000000] ACPI: HPET 00000000fc00e1b0 00038 (v01    Xen      HVM 00000000 HVML 00000000)
[    0.000000] ACPI: WAET 00000000fc00e1f0 00028 (v01    Xen      HVM 00000000 HVML 00000000)
[    0.000000] ACPI: SSDT 00000000fc00e220 00031 (v02    Xen      HVM 00000000 INTL 20090123)
[    0.000000] ACPI: SSDT 00000000fc00e260 00033 (v02    Xen      HVM 00000000 INTL 20090123)
[    0.000000] ACPI: Local APIC address 0xfee00000
[    0.000000] No NUMA configuration found
[    0.000000] Faking a node at [mem 0x0000000000000000-0x000000003fffffff]
[    0.000000] NODE_DATA(0) allocated [mem 0x3ffd9000-0x3fffffff]
[    0.000000] crashkernel=auto resulted in zero bytes of reserved memory.
[    0.000000] Zone ranges:
[    0.000000]   DMA      [mem 0x00001000-0x00ffffff]
[    0.000000]   DMA32    [mem 0x01000000-0xffffffff]
[    0.000000]   Normal   empty
[    0.000000] Movable zone start for each node
[    0.000000] Early memory node ranges
[    0.000000]   node   0: [mem 0x00001000-0x0009dfff]
[    0.000000]   node   0: [mem 0x00100000-0x3fffffff]
[    0.000000] Initmem setup node 0 [mem 0x00001000-0x3fffffff]
[    0.000000] On node 0 totalpages: 262045
[    0.000000]   DMA zone: 64 pages used for memmap
[    0.000000]   DMA zone: 21 pages reserved
[    0.000000]   DMA zone: 3997 pages, LIFO batch:0
[    0.000000]   DMA32 zone: 4032 pages used for memmap
[    0.000000]   DMA32 zone: 258048 pages, LIFO batch:31
[    0.000000] ACPI: PM-Timer IO Port: 0xb008
[    0.000000] ACPI: Local APIC address 0xfee00000
[    0.000000] ACPI: LAPIC (acpi_id[0x00] lapic_id[0x00] enabled)
[    0.000000] ACPI: LAPIC (acpi_id[0x01] lapic_id[0x00] disabled)
[    0.000000] ACPI: LAPIC (acpi_id[0x02] lapic_id[0x00] disabled)
[    0.000000] ACPI: LAPIC (acpi_id[0x03] lapic_id[0x00] disabled)
[    0.000000] ACPI: LAPIC (acpi_id[0x04] lapic_id[0x00] disabled)
[    0.000000] ACPI: LAPIC (acpi_id[0x05] lapic_id[0x00] disabled)
[    0.000000] ACPI: LAPIC (acpi_id[0x06] lapic_id[0x00] disabled)
[    0.000000] ACPI: LAPIC (acpi_id[0x07] lapic_id[0x00] disabled)
[    0.000000] ACPI: LAPIC (acpi_id[0x08] lapic_id[0x00] disabled)
[    0.000000] ACPI: LAPIC (acpi_id[0x09] lapic_id[0x00] disabled)
[    0.000000] ACPI: LAPIC (acpi_id[0x0a] lapic_id[0x00] disabled)
[    0.000000] ACPI: LAPIC (acpi_id[0x0b] lapic_id[0x00] disabled)
[    0.000000] ACPI: LAPIC (acpi_id[0x0c] lapic_id[0x00] disabled)
[    0.000000] ACPI: LAPIC (acpi_id[0x0d] lapic_id[0x00] disabled)
[    0.000000] ACPI: LAPIC (acpi_id[0x0e] lapic_id[0x00] disabled)
[    0.000000] ACPI: IOAPIC (id[0x01] address[0xfec00000] gsi_base[0])
[    0.000000] IOAPIC[0]: apic_id 1, version 17, address 0xfec00000, GSI 0-47
[    0.000000] ACPI: INT_SRC_OVR (bus 0 bus_irq 0 global_irq 2 dfl dfl)
[    0.000000] ACPI: INT_SRC_OVR (bus 0 bus_irq 5 global_irq 5 low level)
[    0.000000] ACPI: INT_SRC_OVR (bus 0 bus_irq 10 global_irq 10 low level)
[    0.000000] ACPI: INT_SRC_OVR (bus 0 bus_irq 11 global_irq 11 low level)
[    0.000000] ACPI: IRQ0 used by override.
[    0.000000] ACPI: IRQ5 used by override.
[    0.000000] ACPI: IRQ9 used by override.
[    0.000000] ACPI: IRQ10 used by override.
[    0.000000] ACPI: IRQ11 used by override.
[    0.000000] Using ACPI (MADT) for SMP configuration information
[    0.000000] ACPI: HPET id: 0x8086a201 base: 0xfed00000
[    0.000000] smpboot: Allowing 15 CPUs, 14 hotplug CPUs
[    0.000000] PM: Registered nosave memory: [mem 0x0009e000-0x0009ffff]
[    0.000000] PM: Registered nosave memory: [mem 0x000a0000-0x000dffff]
[    0.000000] PM: Registered nosave memory: [mem 0x000e0000-0x000fffff]
[    0.000000] e820: [mem 0x40000000-0xfbffffff] available for PCI devices
[    0.000000] Booting paravirtualized kernel on Xen HVM
[    0.000000] setup_percpu: NR_CPUS:5120 nr_cpumask_bits:15 nr_cpu_ids:15 nr_node_ids:1
[    0.000000] PERCPU: Embedded 35 pages/cpu @ffff9c61fe200000 s104856 r8192 d30312 u262144
[    0.000000] pcpu-alloc: s104856 r8192 d30312 u262144 alloc=1*2097152
[    0.000000] pcpu-alloc: [0] 00 01 02 03 04 05 06 07 [0] 08 09 10 11 12 13 14 -- 
[    0.000000] PV qspinlock hash table entries: 256 (order: 0, 4096 bytes)
[    0.000000] Built 1 zonelists in Node order, mobility grouping on.  Total pages: 257928
[    0.000000] Policy zone: DMA32
[    0.000000] Kernel command line: BOOT_IMAGE=/boot/vmlinuz-3.10.0-862.3.2.el7.x86_64 root=UUID=50a9826b-3a50-44d0-ad12-28f2056e9927 ro console=ttyS0,115200n8 console=tty0 net.ifnames=0 crashkernel=auto LANG=en_US.UTF-8
[    0.000000] PID hash table entries: 4096 (order: 3, 32768 bytes)
[    0.000000] x86/fpu: xstate_offset[2]: 0240, xstate_sizes[2]: 0100
[    0.000000] xsave: enabled xstate_bv 0x7, cntxt size 0x340 using standard form
[    0.000000] Memory: 959392k/1048576k available (7328k kernel code, 396k absent, 88788k reserved, 6301k data, 1832k init)
[    0.000000] SLUB: HWalign=64, Order=0-3, MinObjects=0, CPUs=15, Nodes=1
[    0.000000] x86/pti: Unmapping kernel while in userspace
[    0.000000] Hierarchical RCU implementation.
[    0.000000] 	RCU restricting CPUs from NR_CPUS=5120 to nr_cpu_ids=15.
[    0.000000] NR_IRQS:327936 nr_irqs:952 0
[    0.000000] xen:events: Xen HVM callback vector for event delivery is enabled
[    0.000000] Console: colour VGA+ 80x25
[    0.000000] console [tty0] enabled
[    0.000000] Cannot get hvm parameter CONSOLE_EVTCHN (18): -22!
[    0.000000] console [ttyS0] enabled
[    0.000000] allocated 4194304 bytes of page_cgroup
[    0.000000] please try 'cgroup_disable=memory' option if you don't want memory cgroups
[    0.000000] hpet clockevent registered
[    0.000000] tsc: Fast TSC calibration using PIT
[    0.000000] tsc: Detected 2400.241 MHz processor
[    0.028000] tsc: Detected 2400.066 MHz TSC
[    0.028000] Calibrating delay loop (skipped), value calculated using timer frequency.. 
[    0.036003] 4800.13 BogoMIPS (lpj=2400066)
[    0.039004] pid_max: default: 32768 minimum: 301
[    0.043046] Security Framework initialized
[    0.048009] SELinux:  Initializing.
[    0.052015] SELinux:  Starting in permissive mode
[    0.052017] Yama: becoming mindful.
[    0.055110] Dentry cache hash table entries: 131072 (order: 8, 1048576 bytes)
[    0.062184] Inode-cache hash table entries: 65536 (order: 7, 524288 bytes)
[    0.068088] Mount-cache hash table entries: 2048 (order: 2, 16384 bytes)
[    0.074007] Mountpoint-cache hash table entries: 2048 (order: 2, 16384 bytes)
[    0.081087] Initializing cgroup subsys memory
[    0.085008] Initializing cgroup subsys devices
[    0.089003] Initializing cgroup subsys freezer
[    0.094003] Initializing cgroup subsys net_cls
[    0.098004] Initializing cgroup subsys blkio
[    0.102003] Initializing cgroup subsys perf_event
[    0.107006] Initializing cgroup subsys hugetlb
[    0.111003] Initializing cgroup subsys pids
[    0.116004] Initializing cgroup subsys net_prio
[    0.120071] CPU: Physical Processor ID: 0
[    0.125635] mce: CPU supports 2 MCE banks
[    0.129026] Last level iTLB entries: 4KB 0, 2MB 0, 4MB 0
[    0.134003] Last level dTLB entries: 4KB 64, 2MB 0, 4MB 0
[    0.140004] tlb_flushall_shift: 6
[    0.143007] Speculative Store Bypass: Vulnerable
[    0.148002] FEATURE SPEC_CTRL Not Present
[    0.152002] FEATURE IBPB_SUPPORT Not Present
[    0.156218] Spectre V2 : Vulnerable: Retpoline without IBPB
[    0.183341] ACPI: Core revision 20130517
[    0.191567] ACPI: All ACPI Tables successfully acquired
[    0.197005] ftrace: allocating 28055 entries in 110 pages
[    0.242964] IRQ remapping doesn't support X2APIC mode, disable x2apic.
[    0.249003] Switched APIC routing to physical flat.
[    0.256001] random: fast init done
[    0.261305] ..TIMER: vector=0x30 apic1=0 pin1=2 apic2=0 pin2=0
[    0.276321] smpboot: CPU0: Intel(R) Xeon(R) CPU E5-2676 v3 @ 2.40GHz (fam: 06, model: 3f, stepping: 02)
[    0.287001] Xen: using vcpuop timer interface
[    0.287009] installing Xen timer for CPU 0
[    0.291105] cpu 0 spinlock event irq 53
[    0.292014] Performance Events: unsupported p6 CPU model 63 no PMU driver, software events only.
[    0.296312] Brought up 1 CPUs
[    0.297007] smpboot: Max logical packages: 15
[    0.298005] smpboot: Total of 1 processors activated (4800.13 BogoMIPS)
[    0.299405] NMI watchdog: disabled (cpu0): hardware events not enabled
[    0.300006] NMI watchdog: Shutting down hard lockup detector on all cpus
[    0.301250] devtmpfs: initialized
[    0.303716] EVM: security.selinux
[    0.304021] EVM: security.ima
[    0.305020] EVM: security.capability
[    0.307139] atomic64 test passed for x86-64 platform with CX8 and with SSE
[    0.308022] pinctrl core: initialized pinctrl subsystem
[    0.309061] RTC time: 20:34:58, date: 03/22/19
[    0.310114] NET: Registered protocol family 16
[    0.311150] ACPI: bus type PCI registered
[    0.312007] acpiphp: ACPI Hot Plug PCI Controller Driver version: 0.5
[    0.313329] PCI: Using configuration type 1 for base access
[    0.315067] ACPI: Added _OSI(Module Device)
[    0.316005] ACPI: Added _OSI(Processor Device)
[    0.317009] ACPI: Added _OSI(3.0 _SCP Extensions)
[    0.318010] ACPI: Added _OSI(Processor Aggregator Device)
[    0.320378] ACPI: EC: Look up EC in DSDT
[    0.323330] ACPI: Interpreter enabled
[    0.324020] ACPI: (supports S0 S3 S4 S5)
[    0.325007] ACPI: Using IOAPIC for interrupt routing
[    0.326041] PCI: Using host bridge windows from ACPI; if necessary, use "pci=nocrs" and report a bug
[    0.327228] ACPI: Enabled 2 GPEs in block 00 to 0F
[    0.397711] ACPI: PCI Root Bridge [PCI0] (domain 0000 [bus 00-ff])
[    0.398014] acpi PNP0A03:00: _OSC: OS supports [ASPM ClockPM Segments MSI]
[    0.399014] acpi PNP0A03:00: _OSC failed (AE_NOT_FOUND); disabling ASPM
[    0.400133] acpi PNP0A03:00: fail to add MMCONFIG information, can't access extended PCI configuration space under this bridge.
[    0.401806] acpiphp: Slot [0] registered
[    0.403021] acpiphp: Slot [3] registered
[    0.404348] acpiphp: Slot [4] registered
[    0.405401] acpiphp: Slot [5] registered
[    0.406378] acpiphp: Slot [6] registered
[    0.407352] acpiphp: Slot [7] registered
[    0.408333] acpiphp: Slot [8] registered
[    0.409323] acpiphp: Slot [9] registered
[    0.410331] acpiphp: Slot [10] registered
[    0.411321] acpiphp: Slot [11] registered
[    0.412346] acpiphp: Slot [12] registered
[    0.413397] acpiphp: Slot [13] registered
[    0.414343] acpiphp: Slot [14] registered
[    0.415339] acpiphp: Slot [15] registered
[    0.416330] acpiphp: Slot [16] registered
[    0.417344] acpiphp: Slot [17] registered
[    0.418366] acpiphp: Slot [18] registered
[    0.419332] acpiphp: Slot [19] registered
[    0.420374] acpiphp: Slot [20] registered
[    0.421338] acpiphp: Slot [21] registered
[    0.422390] acpiphp: Slot [22] registered
[    0.423361] acpiphp: Slot [23] registered
[    0.424332] acpiphp: Slot [24] registered
[    0.425335] acpiphp: Slot [25] registered
[    0.426348] acpiphp: Slot [26] registered
[    0.427348] acpiphp: Slot [27] registered
[    0.428372] acpiphp: Slot [28] registered
[    0.429341] acpiphp: Slot [29] registered
[    0.430322] acpiphp: Slot [30] registered
[    0.431329] acpiphp: Slot [31] registered
[    0.432353] PCI host bridge to bus 0000:00
[    0.433008] pci_bus 0000:00: root bus resource [bus 00-ff]
[    0.434009] pci_bus 0000:00: root bus resource [io  0x0000-0x0cf7 window]
[    0.435008] pci_bus 0000:00: root bus resource [io  0x0d00-0xffff window]
[    0.436006] pci_bus 0000:00: root bus resource [mem 0x000a0000-0x000bffff window]
[    0.437010] pci_bus 0000:00: root bus resource [mem 0xf0000000-0xfbffffff window]
[    0.438175] pci 0000:00:00.0: [8086:1237] type 00 class 0x060000
[    0.439954] pci 0000:00:01.0: [8086:7000] type 00 class 0x060100
[    0.442978] pci 0000:00:01.1: [8086:7010] type 00 class 0x010180
[    0.444325] pci 0000:00:01.1: reg 0x20: [io  0xc100-0xc10f]
[    0.444966] pci 0000:00:01.1: legacy IDE quirk: reg 0x10: [io  0x01f0-0x01f7]
[    0.445012] pci 0000:00:01.1: legacy IDE quirk: reg 0x14: [io  0x03f6]
[    0.446008] pci 0000:00:01.1: legacy IDE quirk: reg 0x18: [io  0x0170-0x0177]
[    0.447011] pci 0000:00:01.1: legacy IDE quirk: reg 0x1c: [io  0x0376]
[    0.448757] pci 0000:00:01.3: [8086:7113] type 00 class 0x068000
[    0.448797] * Found PM-Timer Bug on the chipset. Due to workarounds for a bug,
* this clock source is slow. Consider trying other clock sources
[    0.450532] pci 0000:00:01.3: quirk: [io  0xb000-0xb03f] claimed by PIIX4 ACPI
[    0.452000] pci 0000:00:02.0: [1013:00b8] type 00 class 0x030000
[    0.452374] pci 0000:00:02.0: reg 0x10: [mem 0xf0000000-0xf1ffffff pref]
[    0.452628] pci 0000:00:02.0: reg 0x14: [mem 0xf3000000-0xf3000fff]
[    0.454670] pci 0000:00:03.0: [5853:0001] type 00 class 0xff8000
[    0.455006] pci 0000:00:03.0: reg 0x10: [io  0xc000-0xc0ff]
[    0.455289] pci 0000:00:03.0: reg 0x14: [mem 0xf2000000-0xf2ffffff pref]
[    0.458299] ACPI: PCI Interrupt Link [LNKA] (IRQs *5 10 11)
[    0.462240] ACPI: PCI Interrupt Link [LNKB] (IRQs 5 *10 11)
[    0.466258] ACPI: PCI Interrupt Link [LNKC] (IRQs 5 10 *11)
[    0.470282] ACPI: PCI Interrupt Link [LNKD] (IRQs *5 10 11)
[    0.494027] xen:balloon: Initialising balloon driver
[    0.497155] vgaarb: device added: PCI:0000:00:02.0,decodes=io+mem,owns=io+mem,locks=none
[    0.498007] vgaarb: loaded
[    0.499005] vgaarb: bridge control possible 0000:00:02.0
[    0.500114] SCSI subsystem initialized
[    0.501049] ACPI: bus type USB registered
[    0.502028] usbcore: registered new interface driver usbfs
[    0.503025] usbcore: registered new interface driver hub
[    0.504031] usbcore: registered new device driver usb
[    0.505101] EDAC MC: Ver: 3.0.0
[    0.506572] PCI: Using ACPI for IRQ routing
[    0.507008] PCI: pci_cache_line_size set to 64 bytes
[    0.507466] e820: reserve RAM buffer [mem 0x0009e000-0x0009ffff]
[    0.507606] NetLabel: Initializing
[    0.508006] NetLabel:  domain hash size = 128
[    0.509007] NetLabel:  protocols = UNLABELED CIPSOv4
[    0.510026] NetLabel:  unlabeled traffic allowed by default
[    0.511071] HPET: 3 timers in total, 0 timers will be used for per-cpu timer
[    0.512022] hpet0: at MMIO 0xfed00000, IRQs 2, 8, 0
[    0.515005] hpet0: 3 comparators, 64-bit 62.500000 MHz counter
[    0.518000] amd_nb: Cannot enumerate AMD northbridges
[    0.518019] Switched to clocksource xen
[    0.544944] pnp: PnP ACPI init
[    0.548062] ACPI: bus type PNP registered
[    0.551751] system 00:00: [mem 0x00000000-0x0009ffff] could not be reserved
[    0.557347] system 00:00: Plug and Play ACPI device, IDs PNP0c02 (active)
[    0.557439] system 00:01: [io  0x08a0-0x08a3] has been reserved
[    0.562154] system 00:01: [io  0x0cc0-0x0ccf] has been reserved
[    0.566971] system 00:01: [io  0x04d0-0x04d1] has been reserved
[    0.571622] system 00:01: Plug and Play ACPI device, IDs PNP0c02 (active)
[    0.571656] xen: --> pirq=16 -> irq=8 (gsi=8)
[    0.571683] pnp 00:02: Plug and Play ACPI device, IDs PNP0b00 (active)
[    0.571709] xen: --> pirq=17 -> irq=12 (gsi=12)
[    0.571729] pnp 00:03: Plug and Play ACPI device, IDs PNP0f13 (active)
[    0.571747] xen: --> pirq=18 -> irq=1 (gsi=1)
[    0.571761] pnp 00:04: Plug and Play ACPI device, IDs PNP0303 PNP030b (active)
[    0.571778] xen: --> pirq=19 -> irq=6 (gsi=6)
[    0.571781] pnp 00:05: [dma 2]
[    0.571797] pnp 00:05: Plug and Play ACPI device, IDs PNP0700 (active)
[    0.571825] xen: --> pirq=20 -> irq=4 (gsi=4)
[    0.571839] pnp 00:06: Plug and Play ACPI device, IDs PNP0501 (active)
[    0.571882] system 00:07: [io  0x10c0-0x1141] has been reserved
[    0.576799] system 00:07: [io  0xb044-0xb047] has been reserved
[    0.581680] system 00:07: Plug and Play ACPI device, IDs PNP0c02 (active)
[    0.602138] pnp: PnP ACPI: found 8 devices
[    0.606168] ACPI: bus type PNP unregistered
[    0.616193] pci_bus 0000:00: resource 4 [io  0x0000-0x0cf7 window]
[    0.616196] pci_bus 0000:00: resource 5 [io  0x0d00-0xffff window]
[    0.616199] pci_bus 0000:00: resource 6 [mem 0x000a0000-0x000bffff window]
[    0.616200] pci_bus 0000:00: resource 7 [mem 0xf0000000-0xfbffffff window]
[    0.616238] NET: Registered protocol family 2
[    0.620270] TCP established hash table entries: 8192 (order: 4, 65536 bytes)
[    0.625812] TCP bind hash table entries: 8192 (order: 5, 131072 bytes)
[    0.631116] TCP: Hash tables configured (established 8192 bind 8192)
[    0.636293] TCP: reno registered
[    0.639569] UDP hash table entries: 512 (order: 2, 16384 bytes)
[    0.644461] UDP-Lite hash table entries: 512 (order: 2, 16384 bytes)
[    0.649707] NET: Registered protocol family 1
[    0.653830] pci 0000:00:00.0: Limiting direct PCI/PCI transfers
[    0.658828] pci 0000:00:01.0: PIIX3: Enabling Passive Release
[    0.663721] pci 0000:00:01.0: Activating ISA DMA hang workarounds
[    0.668631] pci 0000:00:02.0: Boot video device
[    0.668709] PCI: CLS 0 bytes, default 64
[    0.668760] Unpacking initramfs...
[    1.190729] Freeing initrd memory: 51136k freed
[    1.206269] RAPL PMU: API unit is 2^-32 Joules, 4 fixed counters, 655360 ms ovfl timer
[    1.214278] RAPL PMU: hw unit of domain pp0-core 2^-14 Joules
[    1.219724] RAPL PMU: hw unit of domain package 2^-14 Joules
[    1.225600] RAPL PMU: hw unit of domain dram 2^-14 Joules
[    1.231015] RAPL PMU: hw unit of domain pp1-gpu 2^-14 Joules
[    1.236746] sha1_ssse3: Using AVX2 optimized SHA-1 implementation
[    1.242725] sha256_ssse3: Using AVX2 optimized SHA-256 implementation
[    1.249212] futex hash table entries: 4096 (order: 6, 262144 bytes)
[    1.255107] Initialise system trusted keyring
[    1.259564] audit: initializing netlink socket (disabled)
[    1.265089] type=2000 audit(1553286899.266:1): initialized
[    1.292179] HugeTLB registered 2 MB page size, pre-allocated 0 pages
[    1.299626] zpool: loaded
[    1.303144] zbud: loaded
[    1.306628] VFS: Disk quotas dquot_6.5.2
[    1.310929] Dquot-cache hash table entries: 512 (order 0, 4096 bytes)
[    1.317674] msgmni has been set to 1973
[    1.322188] Key type big_key registered
[    1.326460] SELinux:  Registering netfilter hooks
[    1.326886] NET: Registered protocol family 38
[    1.331661] Key type asymmetric registered
[    1.336143] Asymmetric key parser 'x509' registered
[    1.341337] Block layer SCSI generic (bsg) driver version 0.4 loaded (major 248)
[    1.348871] io scheduler noop registered
[    1.353041] io scheduler deadline registered (default)
[    1.358077] io scheduler cfq registered
[    1.362568] io scheduler mq-deadline registered
[    1.367234] io scheduler kyber registered
[    1.371889] pci_hotplug: PCI Hot Plug PCI Core version: 0.5
[    1.377495] pciehp: PCI Express Hot Plug Controller Driver version: 0.4
[    1.383857] intel_idle: does not run on family 6 model 63
[    1.383942] input: Power Button as /devices/LNXSYSTM:00/LNXPWRBN:00/input/input0
[    1.391628] ACPI: Power Button [PWRF]
[    1.395873] input: Sleep Button as /devices/LNXSYSTM:00/LNXSLPBN:00/input/input1
[    1.403690] ACPI: Sleep Button [SLPF]
[    1.407981] GHES: HEST is not enabled!
[    1.412354] xen: --> pirq=21 -> irq=28 (gsi=28)
[    1.412477] xen:grant_table: Grant tables using version 1 layout
[    1.418069] Grant table initialized
[    1.422262] Cannot get hvm parameter CONSOLE_EVTCHN (18): -22!
[    1.427818] Serial: 8250/16550 driver, 4 ports, IRQ sharing enabled
[    1.464288] 00:06: ttyS0 at I/O 0x3f8 (irq = 4) is a 16550A
[    1.470763] Non-volatile memory driver v1.3
[    1.475252] Linux agpgart interface v0.103
[    1.479979] crash memory driver: version 1.1
[    1.484821] rdac: device handler registered
[    1.489214] hp_sw: device handler registered
[    1.493954] emc: device handler registered
[    1.498334] alua: device handler registered
[    1.502838] libphy: Fixed MDIO Bus: probed
[    1.507262] ehci_hcd: USB 2.0 'Enhanced' Host Controller (EHCI) Driver
[    1.513943] ehci-pci: EHCI PCI platform driver
[    1.518700] ohci_hcd: USB 1.1 'Open' Host Controller (OHCI) Driver
[    1.524646] ohci-pci: OHCI PCI platform driver
[    1.529317] uhci_hcd: USB Universal Host Controller Interface driver
[    1.535491] usbcore: registered new interface driver usbserial
[    1.541344] usbcore: registered new interface driver usbserial_generic
[    1.547337] usbserial: USB Serial support registered for generic
[    1.552980] i8042: PNP: PS/2 Controller [PNP0303:PS2K,PNP0f13:PS2M] at 0x60,0x64 irq 1,12
[    1.563407] serio: i8042 KBD port at 0x60,0x64 irq 1
[    1.568248] serio: i8042 AUX port at 0x60,0x64 irq 12
[    1.573177] mousedev: PS/2 mouse device common for all mice
[    1.579598] input: AT Translated Set 2 keyboard as /devices/platform/i8042/serio0/input/input2
[    1.587904] rtc_cmos 00:02: rtc core: registered rtc_cmos as rtc0
[    1.593855] rtc_cmos 00:02: alarms up to one day, 114 bytes nvram, hpet irqs
[    1.609208] cpuidle: using governor menu
[    1.614238] hidraw: raw HID events driver (C) Jiri Kosina
[    1.619666] usbcore: registered new interface driver usbhid
[    1.625263] usbhid: USB HID core driver
[    1.629647] drop_monitor: Initializing network drop monitor service
[    1.635905] TCP: cubic registered
[    1.639772] Initializing XFRM netlink socket
[    1.644537] NET: Registered protocol family 10
[    1.649383] NET: Registered protocol family 17
[    1.654104] mpls_gso: MPLS GSO support
[    1.658869] intel_rdt: Intel RDT L3 allocation detected
[    1.664237] microcode: CPU0 sig=0x306f2, pf=0x1, revision=0x41
[    1.670315] microcode: Microcode Update Driver: v2.01 <tigran@aivazian.fsnet.co.uk>, Peter Oruba
[    1.679430] PM: Hibernation image not present or could not be loaded.
[    1.679434] Loading compiled-in X.509 certificates
[    1.685557] Loaded X.509 cert 'Red Hat Enterprise Linux Driver Update Program (key 3): bf57f3e87362bc7229d9f465321773dfd1f77a80'
[    1.696514] Loaded X.509 cert 'Red Hat Enterprise Linux kpatch signing key: 4d38fd864ebe18c5f0b72e3852e2014c3a676fc8'
[    1.706947] Loaded X.509 cert 'Red Hat Enterprise Linux kernel signing key: 36a5451c2e1c6862c3690b5501554fcae60bb459'
[    1.718065] registered taskstats version 1
[    1.724132] Key type trusted registered
[    1.729895] Key type encrypted registered
[    1.734213] IMA: No TPM chip found, activating TPM-bypass! (rc=-19)
[    1.740387] xenbus_probe_frontend: Device with no driver: device/vbd/768
[    1.746814] xenbus_probe_frontend: Device with no driver: device/vif/0
[    1.752960]   Magic number: 11:785:599
[    1.757072] serial8250 serial8250: hash matches
[    1.762048] rtc_cmos 00:02: setting system clock to 2019-03-22 20:35:00 UTC (1553286900)
[    1.770855] Freeing unused kernel memory: 1832k freed
[    1.776529] Write protecting the kernel read-only data: 12288k
[    1.784103] Freeing unused kernel memory: 852k freed
[    1.790793] Freeing unused kernel memory: 680k freed
[    1.799149] systemd[1]: systemd 219 running in system mode. (+PAM +AUDIT +SELINUX +IMA -APPARMOR +SMACK +SYSVINIT +UTMP +LIBCRYPTSETUP +GCRYPT +GNUTLS +ACL +XZ +LZ4 -SECCOMP +BLKID +ELFUTILS +KMOD +IDN)
[    1.818581] systemd[1]: Detected virtualization xen.
[    1.823889] systemd[1]: Detected architecture x86-64.
[    1.829400] systemd[1]: Running in initial RAM disk.
[    1.841696] systemd[1]: No hostname configured.
[    1.846577] systemd[1]: Set hostname to <localhost>.
[    1.851539] systemd[1]: Initializing machine ID from random generator.
[    1.890022] systemd[1]: Created slice Root Slice.
[    1.894897] systemd[1]: Starting Root Slice.
[    1.899447] systemd[1]: Started Dispatch Password Requests to Console Directory Watch.
[    1.907313] systemd[1]: Starting Dispatch Password Requests to Console Directory Watch.
[    1.920193] systemd[1]: Listening on udev Control Socket.
[    1.925579] systemd[1]: Starting udev Control Socket.
[    1.935247] systemd[1]: Listening on udev Kernel Socket.
[    1.940612] systemd[1]: Starting udev Kernel Socket.
[    1.950034] systemd[1]: Created slice System Slice.
[    1.955175] systemd[1]: Starting System Slice.
[    1.964754] systemd[1]: Reached target Paths.
[    1.969447] systemd[1]: Starting Paths.
[    1.977732] systemd[1]: Reached target Timers.
[    1.982425] systemd[1]: Starting Timers.
[    1.991042] systemd[1]: Reached target Local File Systems.
[    1.996442] systemd[1]: Starting Local File Systems.
[    2.005301] systemd[1]: Reached target Swap.
[    2.010007] systemd[1]: Starting Swap.
[    2.017882] systemd[1]: Listening on Journal Socket.
[    2.025620] systemd[1]: Starting Journal Socket.
[    2.034071] systemd[1]: Reached target Sockets.
[    2.038181] systemd[1]: Starting Sockets.
[    2.042213] systemd[1]: Starting Journal Service...
[    2.053872] systemd[1]: Starting Create list of required static device nodes for the current kernel...
[    2.073802] systemd[1]: Starting dracut cmdline hook...
[    2.104412] systemd[1]: Starting Apply Kernel Variables...
[    2.126919] systemd[1]: Reached target Slices.
[    2.132476] systemd[1]: Starting Slices.
[    2.142825] systemd[1]: Started Journal Service.
[    2.238084] tsc: Refined TSC clocksource calibration: 2399.999 MHz
[    2.383144] FDC 0 is a S82078B
[    2.447376] xen_netfront: Initialising Xen virtual ethernet driver
[    2.479483] blkfront: xvda: barrier or flush: disabled; persistent grants: disabled; indirect descriptors: enabled;
[    2.484269] input: ImExPS/2 Generic Explorer Mouse as /devices/platform/i8042/serio1/input/input3
[    2.531967] libata version 3.00 loaded.
[    2.537783] ata_piix 0000:00:01.1: version 2.13
[    2.539256] scsi host0: ata_piix
[    2.544386]  xvda: xvda1 xvda2
[    2.549197] scsi host1: ata_piix
[    2.560008] ata1: PATA max MWDMA2 cmd 0x1f0 ctl 0x3f6 bmdma 0xc100 irq 14
[    2.568744] ata2: PATA max MWDMA2 cmd 0x170 ctl 0x376 bmdma 0xc108 irq 15
[    2.825123] SGI XFS with ACLs, security attributes, no debug enabled
[    2.836665] XFS (xvda2): Mounting V5 Filesystem
[    2.868787] XFS (xvda2): Ending clean mount
[    3.386836] systemd-journald[84]: Received SIGTERM from PID 1 (systemd).
[    3.462989] type=1404 audit(1553286902.200:2): enforcing=1 old_enforcing=0 auid=4294967295 ses=4294967295
[    3.490726] SELinux: 2048 avtab hash slots, 106465 rules.
[    3.538084] SELinux: 2048 avtab hash slots, 106465 rules.
[    3.564746] SELinux:  8 users, 14 roles, 5009 types, 310 bools, 1 sens, 1024 cats
[    3.564751] SELinux:  97 classes, 106465 rules
[    3.568818] SELinux:  Completing initialization.
[    3.568819] SELinux:  Setting up existing superblocks.
[    3.572113] type=1403 audit(1553286902.310:3): policy loaded auid=4294967295 ses=4294967295
[    3.588207] systemd[1]: Successfully loaded SELinux policy in 125.464ms.
[    3.633467] ip_tables: (C) 2000-2006 Netfilter Core Team
[    3.640788] systemd[1]: Inserted module 'ip_tables'
[    3.666961] systemd[1]: Relabelled /dev and /run in 12.949ms.
[    3.988820] random: crng init done
[    4.313175] systemd-journald[316]: Received request to flush runtime journal from PID 1
[    4.593821] input: PC Speaker as /devices/platform/pcspkr/input/input4
[    4.637385] piix4_smbus 0000:00:01.3: SMBus base address uninitialized - upgrade BIOS or use force_addr=0xaddr
[    4.718143] ppdev: user-space parallel port driver
[    4.845130] cryptd: max_cpu_qlen set to 100
[    4.920085] AVX2 version of gcm_enc/dec engaged.
[    4.925065] AES CTR mode by8 optimization enabled
[    4.936827] [TTM] Zone  kernel: Available graphics memory: 506946 kiB
[    4.944736] [TTM] Initializing pool allocator
[    4.966117] [TTM] Initializing DMA pool allocator
[    4.993772] [drm] fb mappable at 0xF0000000
[    4.999509] [drm] vram aper at 0xF0000000
[    5.005261] [drm] size 33554432
[    5.009807] [drm] fb depth is 24
[    5.015255] [drm]    pitch is 3072
[    5.029066] alg: No test for __gcm-aes-aesni (__driver-gcm-aes-aesni)
[    5.057791] fbcon: cirrusdrmfb (fb0) is primary device
[    5.076544] Console: switching to colour frame buffer device 128x48
[    5.098948] cirrus 0000:00:02.0: fb0: cirrusdrmfb frame buffer device
[    5.114070] type=1305 audit(1553286903.852:4): audit_pid=416 old=0 auid=4294967295 ses=4294967295 subj=system_u:system_r:auditd_t:s0 res=1
[    5.143073] [drm] Initialized cirrus 1.0.0 20110418 for 0000:00:02.0 on minor 0
[    5.164070] alg: No test for __generic-gcm-aes-aesni (__driver-generic-gcm-aes-aesni)
[    5.198932] intel_rapl: Found RAPL domain package
[    5.203499] intel_rapl: Found RAPL domain dram
[    5.208044] intel_rapl: DRAM domain energy unit 15300pj
[    5.216292] EDAC sbridge: Seeking for: PCI ID 8086:2fa0
[    5.216296] EDAC sbridge:  Ver: 1.1.1 
