Apr 18 19:48:28 ip-172-31-95-246 journal: Runtime journal is using 6.1M (max allowed 49.5M, trying to leave 74.2M free of 488.8M available → current limit 49.5M).
Apr 18 19:48:28 ip-172-31-95-246 kernel: Initializing cgroup subsys cpuset
Apr 18 19:48:28 ip-172-31-95-246 kernel: Initializing cgroup subsys cpu
Apr 18 19:48:28 ip-172-31-95-246 kernel: Initializing cgroup subsys cpuacct
Apr 18 19:48:28 ip-172-31-95-246 kernel: Linux version 3.10.0-862.el7.x86_64 (mockbuild@x86-034.build.eng.bos.redhat.com) (gcc version 4.8.5 20150623 (Red Hat 4.8.5-28) (GCC) ) #1 SMP Wed Mar 21 18:14:51 EDT 2018
Apr 18 19:48:28 ip-172-31-95-246 kernel: Command line: BOOT_IMAGE=/boot/vmlinuz-3.10.0-862.el7.x86_64 root=UUID=50a9826b-3a50-44d0-ad12-28f2056e9927 ro console=ttyS0,115200n8 console=tty0 net.ifnames=0 crashkernel=auto LANG=en_US.UTF-8
Apr 18 19:48:28 ip-172-31-95-246 kernel: e820: BIOS-provided physical RAM map:
Apr 18 19:48:28 ip-172-31-95-246 kernel: BIOS-e820: [mem 0x0000000000000000-0x000000000009dfff] usable
Apr 18 19:48:28 ip-172-31-95-246 kernel: BIOS-e820: [mem 0x000000000009e000-0x000000000009ffff] reserved
Apr 18 19:48:28 ip-172-31-95-246 kernel: BIOS-e820: [mem 0x00000000000e0000-0x00000000000fffff] reserved
Apr 18 19:48:28 ip-172-31-95-246 kernel: BIOS-e820: [mem 0x0000000000100000-0x000000003fffffff] usable
Apr 18 19:48:28 ip-172-31-95-246 kernel: BIOS-e820: [mem 0x00000000fc000000-0x00000000ffffffff] reserved
Apr 18 19:48:28 ip-172-31-95-246 kernel: NX (Execute Disable) protection: active
Apr 18 19:48:28 ip-172-31-95-246 kernel: SMBIOS 2.7 present.
Apr 18 19:48:28 ip-172-31-95-246 kernel: Hypervisor detected: Xen HVM
Apr 18 19:48:28 ip-172-31-95-246 kernel: Xen version 4.2.
Apr 18 19:48:28 ip-172-31-95-246 kernel: Netfront and the Xen platform PCI driver have been compiled for this kernel: unplug emulated NICs.
Apr 18 19:48:28 ip-172-31-95-246 kernel: Blkfront and the Xen platform PCI driver have been compiled for this kernel: unplug emulated disks.#012You might have to change the root device#012from /dev/hd[a-d] to /dev/xvd[a-d]#012in your root= kernel command line option
Apr 18 19:48:28 ip-172-31-95-246 kernel: e820: last_pfn = 0x40000 max_arch_pfn = 0x400000000
Apr 18 19:48:28 ip-172-31-95-246 kernel: PAT configuration [0-7]: WB  WC  UC- UC  WB  WP  UC- UC  
Apr 18 19:48:28 ip-172-31-95-246 kernel: found SMP MP-table at [mem 0x000fbc20-0x000fbc2f] mapped at [ffffffffff200c20]
Apr 18 19:48:28 ip-172-31-95-246 kernel: RAMDISK: [mem 0x32fcd000-0x357defff]
Apr 18 19:48:28 ip-172-31-95-246 kernel: Early table checksum verification disabled
Apr 18 19:48:28 ip-172-31-95-246 kernel: ACPI: RSDP 00000000000ea020 00024 (v02    Xen)
Apr 18 19:48:28 ip-172-31-95-246 kernel: ACPI: XSDT 00000000fc00ddc0 00054 (v01    Xen      HVM 00000000 HVML 00000000)
Apr 18 19:48:28 ip-172-31-95-246 kernel: ACPI: FACP 00000000fc00da80 000F4 (v04    Xen      HVM 00000000 HVML 00000000)
Apr 18 19:48:28 ip-172-31-95-246 kernel: ACPI: DSDT 00000000fc001ce0 0BD19 (v02    Xen      HVM 00000000 INTL 20090123)
Apr 18 19:48:28 ip-172-31-95-246 kernel: ACPI: FACS 00000000fc001ca0 00040
Apr 18 19:48:28 ip-172-31-95-246 kernel: ACPI: APIC 00000000fc00db80 000D8 (v02    Xen      HVM 00000000 HVML 00000000)
Apr 18 19:48:28 ip-172-31-95-246 kernel: ACPI: HPET 00000000fc00dcd0 00038 (v01    Xen      HVM 00000000 HVML 00000000)
Apr 18 19:48:28 ip-172-31-95-246 kernel: ACPI: WAET 00000000fc00dd10 00028 (v01    Xen      HVM 00000000 HVML 00000000)
Apr 18 19:48:28 ip-172-31-95-246 kernel: ACPI: SSDT 00000000fc00dd40 00031 (v02    Xen      HVM 00000000 INTL 20090123)
Apr 18 19:48:28 ip-172-31-95-246 kernel: ACPI: SSDT 00000000fc00dd80 00031 (v02    Xen      HVM 00000000 INTL 20090123)
Apr 18 19:48:28 ip-172-31-95-246 kernel: No NUMA configuration found
Apr 18 19:48:28 ip-172-31-95-246 kernel: Faking a node at [mem 0x0000000000000000-0x000000003fffffff]
Apr 18 19:48:28 ip-172-31-95-246 kernel: NODE_DATA(0) allocated [mem 0x3ffd9000-0x3fffffff]
Apr 18 19:48:28 ip-172-31-95-246 kernel: crashkernel=auto resulted in zero bytes of reserved memory.
Apr 18 19:48:28 ip-172-31-95-246 kernel: Zone ranges:
Apr 18 19:48:28 ip-172-31-95-246 kernel:  DMA      [mem 0x00001000-0x00ffffff]
Apr 18 19:48:28 ip-172-31-95-246 kernel:  DMA32    [mem 0x01000000-0xffffffff]
Apr 18 19:48:28 ip-172-31-95-246 kernel:  Normal   empty
Apr 18 19:48:28 ip-172-31-95-246 kernel: Movable zone start for each node
Apr 18 19:48:28 ip-172-31-95-246 kernel: Early memory node ranges
Apr 18 19:48:28 ip-172-31-95-246 kernel:  node   0: [mem 0x00001000-0x0009dfff]
Apr 18 19:48:28 ip-172-31-95-246 kernel:  node   0: [mem 0x00100000-0x3fffffff]
Apr 18 19:48:28 ip-172-31-95-246 kernel: Initmem setup node 0 [mem 0x00001000-0x3fffffff]
Apr 18 19:48:28 ip-172-31-95-246 kernel: ACPI: PM-Timer IO Port: 0xb008
Apr 18 19:48:28 ip-172-31-95-246 kernel: ACPI: LAPIC (acpi_id[0x00] lapic_id[0x00] enabled)
Apr 18 19:48:28 ip-172-31-95-246 kernel: ACPI: LAPIC (acpi_id[0x01] lapic_id[0x00] disabled)
Apr 18 19:48:28 ip-172-31-95-246 kernel: ACPI: LAPIC (acpi_id[0x02] lapic_id[0x00] disabled)
Apr 18 19:48:28 ip-172-31-95-246 kernel: ACPI: LAPIC (acpi_id[0x03] lapic_id[0x00] disabled)
Apr 18 19:48:28 ip-172-31-95-246 kernel: ACPI: LAPIC (acpi_id[0x04] lapic_id[0x00] disabled)
Apr 18 19:48:28 ip-172-31-95-246 kernel: ACPI: LAPIC (acpi_id[0x05] lapic_id[0x00] disabled)
Apr 18 19:48:28 ip-172-31-95-246 kernel: ACPI: LAPIC (acpi_id[0x06] lapic_id[0x00] disabled)
Apr 18 19:48:28 ip-172-31-95-246 kernel: ACPI: LAPIC (acpi_id[0x07] lapic_id[0x00] disabled)
Apr 18 19:48:28 ip-172-31-95-246 kernel: ACPI: LAPIC (acpi_id[0x08] lapic_id[0x00] disabled)
Apr 18 19:48:28 ip-172-31-95-246 kernel: ACPI: LAPIC (acpi_id[0x09] lapic_id[0x00] disabled)
Apr 18 19:48:28 ip-172-31-95-246 kernel: ACPI: LAPIC (acpi_id[0x0a] lapic_id[0x00] disabled)
Apr 18 19:48:28 ip-172-31-95-246 kernel: ACPI: LAPIC (acpi_id[0x0b] lapic_id[0x00] disabled)
Apr 18 19:48:28 ip-172-31-95-246 kernel: ACPI: LAPIC (acpi_id[0x0c] lapic_id[0x00] disabled)
Apr 18 19:48:28 ip-172-31-95-246 kernel: ACPI: LAPIC (acpi_id[0x0d] lapic_id[0x00] disabled)
Apr 18 19:48:28 ip-172-31-95-246 kernel: ACPI: LAPIC (acpi_id[0x0e] lapic_id[0x00] disabled)
Apr 18 19:48:28 ip-172-31-95-246 kernel: ACPI: IOAPIC (id[0x01] address[0xfec00000] gsi_base[0])
Apr 18 19:48:28 ip-172-31-95-246 kernel: IOAPIC[0]: apic_id 1, version 17, address 0xfec00000, GSI 0-47
Apr 18 19:48:28 ip-172-31-95-246 kernel: ACPI: INT_SRC_OVR (bus 0 bus_irq 0 global_irq 2 dfl dfl)
Apr 18 19:48:28 ip-172-31-95-246 kernel: ACPI: INT_SRC_OVR (bus 0 bus_irq 5 global_irq 5 low level)
Apr 18 19:48:28 ip-172-31-95-246 kernel: ACPI: INT_SRC_OVR (bus 0 bus_irq 10 global_irq 10 low level)
Apr 18 19:48:28 ip-172-31-95-246 kernel: ACPI: INT_SRC_OVR (bus 0 bus_irq 11 global_irq 11 low level)
Apr 18 19:48:28 ip-172-31-95-246 kernel: Using ACPI (MADT) for SMP configuration information
Apr 18 19:48:28 ip-172-31-95-246 kernel: ACPI: HPET id: 0x8086a201 base: 0xfed00000
Apr 18 19:48:28 ip-172-31-95-246 kernel: smpboot: Allowing 15 CPUs, 14 hotplug CPUs
Apr 18 19:48:28 ip-172-31-95-246 kernel: PM: Registered nosave memory: [mem 0x0009e000-0x0009ffff]
Apr 18 19:48:28 ip-172-31-95-246 kernel: PM: Registered nosave memory: [mem 0x000a0000-0x000dffff]
Apr 18 19:48:28 ip-172-31-95-246 kernel: PM: Registered nosave memory: [mem 0x000e0000-0x000fffff]
Apr 18 19:48:28 ip-172-31-95-246 kernel: e820: [mem 0x40000000-0xfbffffff] available for PCI devices
Apr 18 19:48:28 ip-172-31-95-246 kernel: Booting paravirtualized kernel on Xen HVM
Apr 18 19:48:28 ip-172-31-95-246 kernel: setup_percpu: NR_CPUS:5120 nr_cpumask_bits:15 nr_cpu_ids:15 nr_node_ids:1
Apr 18 19:48:28 ip-172-31-95-246 kernel: PERCPU: Embedded 35 pages/cpu @ffff9aed3e200000 s104856 r8192 d30312 u262144
Apr 18 19:48:28 ip-172-31-95-246 kernel: PV qspinlock hash table entries: 256 (order: 0, 4096 bytes)
Apr 18 19:48:28 ip-172-31-95-246 kernel: Built 1 zonelists in Node order, mobility grouping on.  Total pages: 257928
Apr 18 19:48:28 ip-172-31-95-246 kernel: Policy zone: DMA32
Apr 18 19:48:28 ip-172-31-95-246 kernel: Kernel command line: BOOT_IMAGE=/boot/vmlinuz-3.10.0-862.el7.x86_64 root=UUID=50a9826b-3a50-44d0-ad12-28f2056e9927 ro console=ttyS0,115200n8 console=tty0 net.ifnames=0 crashkernel=auto LANG=en_US.UTF-8
Apr 18 19:48:28 ip-172-31-95-246 kernel: PID hash table entries: 4096 (order: 3, 32768 bytes)
Apr 18 19:48:28 ip-172-31-95-246 kernel: x86/fpu: xstate_offset[2]: 0240, xstate_sizes[2]: 0100
Apr 18 19:48:28 ip-172-31-95-246 kernel: xsave: enabled xstate_bv 0x7, cntxt size 0x340 using standard form
Apr 18 19:48:28 ip-172-31-95-246 kernel: Memory: 969496k/1048576k available (7324k kernel code, 396k absent, 78684k reserved, 6305k data, 1832k init)
Apr 18 19:48:28 ip-172-31-95-246 kernel: SLUB: HWalign=64, Order=0-3, MinObjects=0, CPUs=15, Nodes=1
Apr 18 19:48:28 ip-172-31-95-246 kernel: x86/pti: Unmapping kernel while in userspace
Apr 18 19:48:28 ip-172-31-95-246 kernel: Hierarchical RCU implementation.
Apr 18 19:48:28 ip-172-31-95-246 kernel: #011RCU restricting CPUs from NR_CPUS=5120 to nr_cpu_ids=15.
Apr 18 19:48:28 ip-172-31-95-246 kernel: NR_IRQS:327936 nr_irqs:952 0
Apr 18 19:48:28 ip-172-31-95-246 kernel: xen:events: Xen HVM callback vector for event delivery is enabled
Apr 18 19:48:28 ip-172-31-95-246 kernel: Console: colour VGA+ 80x25
Apr 18 19:48:28 ip-172-31-95-246 kernel: console [tty0] enabled
Apr 18 19:48:28 ip-172-31-95-246 kernel: Cannot get hvm parameter CONSOLE_EVTCHN (18): -22!
Apr 18 19:48:28 ip-172-31-95-246 kernel: console [ttyS0] enabled
Apr 18 19:48:28 ip-172-31-95-246 kernel: allocated 4194304 bytes of page_cgroup
Apr 18 19:48:28 ip-172-31-95-246 kernel: please try 'cgroup_disable=memory' option if you don't want memory cgroups
Apr 18 19:48:28 ip-172-31-95-246 kernel: tsc: Fast TSC calibration using PIT
Apr 18 19:48:28 ip-172-31-95-246 kernel: tsc: Detected 2400.158 MHz processor
Apr 18 19:48:28 ip-172-31-95-246 kernel: Calibrating delay loop (skipped), value calculated using timer frequency.. 4800.10 BogoMIPS (lpj=2400052)
Apr 18 19:48:28 ip-172-31-95-246 kernel: pid_max: default: 32768 minimum: 301
Apr 18 19:48:28 ip-172-31-95-246 kernel: Security Framework initialized
Apr 18 19:48:28 ip-172-31-95-246 kernel: SELinux:  Initializing.
Apr 18 19:48:28 ip-172-31-95-246 kernel: Yama: becoming mindful.
Apr 18 19:48:28 ip-172-31-95-246 kernel: Dentry cache hash table entries: 131072 (order: 8, 1048576 bytes)
Apr 18 19:48:28 ip-172-31-95-246 kernel: Inode-cache hash table entries: 65536 (order: 7, 524288 bytes)
Apr 18 19:48:28 ip-172-31-95-246 kernel: Mount-cache hash table entries: 2048 (order: 2, 16384 bytes)
Apr 18 19:48:28 ip-172-31-95-246 kernel: Mountpoint-cache hash table entries: 2048 (order: 2, 16384 bytes)
Apr 18 19:48:28 ip-172-31-95-246 kernel: Initializing cgroup subsys memory
Apr 18 19:48:28 ip-172-31-95-246 kernel: Initializing cgroup subsys devices
Apr 18 19:48:28 ip-172-31-95-246 kernel: Initializing cgroup subsys freezer
Apr 18 19:48:28 ip-172-31-95-246 kernel: Initializing cgroup subsys net_cls
Apr 18 19:48:28 ip-172-31-95-246 kernel: Initializing cgroup subsys blkio
Apr 18 19:48:28 ip-172-31-95-246 kernel: Initializing cgroup subsys perf_event
Apr 18 19:48:28 ip-172-31-95-246 kernel: Initializing cgroup subsys hugetlb
Apr 18 19:48:28 ip-172-31-95-246 kernel: Initializing cgroup subsys pids
Apr 18 19:48:28 ip-172-31-95-246 kernel: Initializing cgroup subsys net_prio
Apr 18 19:48:28 ip-172-31-95-246 kernel: CPU: Physical Processor ID: 0
Apr 18 19:48:28 ip-172-31-95-246 kernel: mce: CPU supports 2 MCE banks
Apr 18 19:48:28 ip-172-31-95-246 kernel: Last level iTLB entries: 4KB 0, 2MB 0, 4MB 0
Apr 18 19:48:28 ip-172-31-95-246 kernel: Last level dTLB entries: 4KB 64, 2MB 0, 4MB 0
Apr 18 19:48:28 ip-172-31-95-246 kernel: tlb_flushall_shift: 6
Apr 18 19:48:28 ip-172-31-95-246 kernel: FEATURE SPEC_CTRL Not Present
Apr 18 19:48:28 ip-172-31-95-246 kernel: FEATURE IBPB_SUPPORT Not Present
Apr 18 19:48:28 ip-172-31-95-246 kernel: Spectre V2 : Vulnerable: Retpoline without IBPB
Apr 18 19:48:28 ip-172-31-95-246 kernel: ACPI: Core revision 20130517
Apr 18 19:48:28 ip-172-31-95-246 kernel: ACPI: All ACPI Tables successfully acquired
Apr 18 19:48:28 ip-172-31-95-246 kernel: ftrace: allocating 28047 entries in 110 pages
Apr 18 19:48:28 ip-172-31-95-246 kernel: IRQ remapping doesn't support X2APIC mode, disable x2apic.
Apr 18 19:48:28 ip-172-31-95-246 kernel: Switched APIC routing to physical flat.
Apr 18 19:48:28 ip-172-31-95-246 kernel: ..TIMER: vector=0x30 apic1=0 pin1=2 apic2=0 pin2=0
Apr 18 19:48:28 ip-172-31-95-246 kernel: random: fast init done
Apr 18 19:48:28 ip-172-31-95-246 kernel: smpboot: CPU0: Intel(R) Xeon(R) CPU E5-2676 v3 @ 2.40GHz (fam: 06, model: 3f, stepping: 02)
Apr 18 19:48:28 ip-172-31-95-246 kernel: installing Xen timer for CPU 0
Apr 18 19:48:28 ip-172-31-95-246 kernel: cpu 0 spinlock event irq 53
Apr 18 19:48:28 ip-172-31-95-246 kernel: Performance Events: unsupported p6 CPU model 63 no PMU driver, software events only.
Apr 18 19:48:28 ip-172-31-95-246 kernel: Brought up 1 CPUs
Apr 18 19:48:28 ip-172-31-95-246 kernel: smpboot: Max logical packages: 15
Apr 18 19:48:28 ip-172-31-95-246 kernel: smpboot: Total of 1 processors activated (4800.10 BogoMIPS)
Apr 18 19:48:28 ip-172-31-95-246 kernel: NMI watchdog: disabled (cpu0): hardware events not enabled
Apr 18 19:48:28 ip-172-31-95-246 kernel: NMI watchdog: Shutting down hard lockup detector on all cpus
Apr 18 19:48:28 ip-172-31-95-246 kernel: devtmpfs: initialized
Apr 18 19:48:28 ip-172-31-95-246 kernel: EVM: security.selinux
Apr 18 19:48:28 ip-172-31-95-246 kernel: EVM: security.ima
Apr 18 19:48:28 ip-172-31-95-246 kernel: EVM: security.capability
Apr 18 19:48:28 ip-172-31-95-246 kernel: atomic64 test passed for x86-64 platform with CX8 and with SSE
Apr 18 19:48:28 ip-172-31-95-246 kernel: pinctrl core: initialized pinctrl subsystem
Apr 18 19:48:28 ip-172-31-95-246 kernel: RTC time: 19:48:26, date: 04/18/18
Apr 18 19:48:28 ip-172-31-95-246 kernel: NET: Registered protocol family 16
Apr 18 19:48:28 ip-172-31-95-246 kernel: ACPI: bus type PCI registered
Apr 18 19:48:28 ip-172-31-95-246 kernel: acpiphp: ACPI Hot Plug PCI Controller Driver version: 0.5
Apr 18 19:48:28 ip-172-31-95-246 kernel: PCI: Using configuration type 1 for base access
Apr 18 19:48:28 ip-172-31-95-246 kernel: ACPI: Added _OSI(Module Device)
Apr 18 19:48:28 ip-172-31-95-246 kernel: ACPI: Added _OSI(Processor Device)
Apr 18 19:48:28 ip-172-31-95-246 kernel: ACPI: Added _OSI(3.0 _SCP Extensions)
Apr 18 19:48:28 ip-172-31-95-246 kernel: ACPI: Added _OSI(Processor Aggregator Device)
Apr 18 19:48:28 ip-172-31-95-246 kernel: ACPI: Interpreter enabled
Apr 18 19:48:28 ip-172-31-95-246 kernel: ACPI: (supports S0 S3 S4 S5)
Apr 18 19:48:28 ip-172-31-95-246 kernel: ACPI: Using IOAPIC for interrupt routing
Apr 18 19:48:28 ip-172-31-95-246 kernel: PCI: Using host bridge windows from ACPI; if necessary, use "pci=nocrs" and report a bug
Apr 18 19:48:28 ip-172-31-95-246 kernel: ACPI: Enabled 2 GPEs in block 00 to 0F
Apr 18 19:48:28 ip-172-31-95-246 kernel: ACPI: PCI Root Bridge [PCI0] (domain 0000 [bus 00-ff])
Apr 18 19:48:28 ip-172-31-95-246 kernel: acpi PNP0A03:00: _OSC: OS supports [ASPM ClockPM Segments MSI]
Apr 18 19:48:28 ip-172-31-95-246 kernel: acpi PNP0A03:00: _OSC failed (AE_NOT_FOUND); disabling ASPM
Apr 18 19:48:28 ip-172-31-95-246 kernel: acpi PNP0A03:00: fail to add MMCONFIG information, can't access extended PCI configuration space under this bridge.
Apr 18 19:48:28 ip-172-31-95-246 kernel: acpiphp: Slot [0] registered
Apr 18 19:48:28 ip-172-31-95-246 kernel: acpiphp: Slot [3] registered
Apr 18 19:48:28 ip-172-31-95-246 kernel: acpiphp: Slot [4] registered
Apr 18 19:48:28 ip-172-31-95-246 kernel: acpiphp: Slot [5] registered
Apr 18 19:48:28 ip-172-31-95-246 kernel: acpiphp: Slot [6] registered
Apr 18 19:48:28 ip-172-31-95-246 kernel: acpiphp: Slot [7] registered
Apr 18 19:48:28 ip-172-31-95-246 kernel: acpiphp: Slot [8] registered
Apr 18 19:48:28 ip-172-31-95-246 kernel: acpiphp: Slot [9] registered
Apr 18 19:48:28 ip-172-31-95-246 kernel: acpiphp: Slot [10] registered
Apr 18 19:48:28 ip-172-31-95-246 kernel: acpiphp: Slot [11] registered
Apr 18 19:48:28 ip-172-31-95-246 kernel: acpiphp: Slot [12] registered
Apr 18 19:48:28 ip-172-31-95-246 kernel: acpiphp: Slot [13] registered
Apr 18 19:48:28 ip-172-31-95-246 kernel: acpiphp: Slot [14] registered
Apr 18 19:48:28 ip-172-31-95-246 kernel: acpiphp: Slot [15] registered
Apr 18 19:48:28 ip-172-31-95-246 kernel: acpiphp: Slot [16] registered
Apr 18 19:48:28 ip-172-31-95-246 kernel: acpiphp: Slot [17] registered
Apr 18 19:48:28 ip-172-31-95-246 kernel: acpiphp: Slot [18] registered
Apr 18 19:48:28 ip-172-31-95-246 kernel: acpiphp: Slot [19] registered
Apr 18 19:48:28 ip-172-31-95-246 kernel: acpiphp: Slot [20] registered
Apr 18 19:48:28 ip-172-31-95-246 kernel: acpiphp: Slot [21] registered
Apr 18 19:48:28 ip-172-31-95-246 kernel: acpiphp: Slot [22] registered
Apr 18 19:48:28 ip-172-31-95-246 kernel: acpiphp: Slot [23] registered
Apr 18 19:48:28 ip-172-31-95-246 kernel: acpiphp: Slot [24] registered
Apr 18 19:48:28 ip-172-31-95-246 kernel: acpiphp: Slot [25] registered
Apr 18 19:48:28 ip-172-31-95-246 kernel: acpiphp: Slot [26] registered
Apr 18 19:48:28 ip-172-31-95-246 kernel: acpiphp: Slot [27] registered
Apr 18 19:48:28 ip-172-31-95-246 kernel: acpiphp: Slot [28] registered
Apr 18 19:48:28 ip-172-31-95-246 kernel: acpiphp: Slot [29] registered
Apr 18 19:48:28 ip-172-31-95-246 kernel: acpiphp: Slot [30] registered
Apr 18 19:48:28 ip-172-31-95-246 kernel: acpiphp: Slot [31] registered
Apr 18 19:48:28 ip-172-31-95-246 kernel: PCI host bridge to bus 0000:00
Apr 18 19:48:28 ip-172-31-95-246 kernel: pci_bus 0000:00: root bus resource [bus 00-ff]
Apr 18 19:48:28 ip-172-31-95-246 kernel: pci_bus 0000:00: root bus resource [io  0x0000-0x0cf7 window]
Apr 18 19:48:28 ip-172-31-95-246 kernel: pci_bus 0000:00: root bus resource [io  0x0d00-0xffff window]
Apr 18 19:48:28 ip-172-31-95-246 kernel: pci_bus 0000:00: root bus resource [mem 0x000a0000-0x000bffff window]
Apr 18 19:48:28 ip-172-31-95-246 kernel: pci_bus 0000:00: root bus resource [mem 0xf0000000-0xfbffffff window]
Apr 18 19:48:28 ip-172-31-95-246 kernel: pci 0000:00:01.1: legacy IDE quirk: reg 0x10: [io  0x01f0-0x01f7]
Apr 18 19:48:28 ip-172-31-95-246 kernel: pci 0000:00:01.1: legacy IDE quirk: reg 0x14: [io  0x03f6]
Apr 18 19:48:28 ip-172-31-95-246 kernel: pci 0000:00:01.1: legacy IDE quirk: reg 0x18: [io  0x0170-0x0177]
Apr 18 19:48:28 ip-172-31-95-246 kernel: pci 0000:00:01.1: legacy IDE quirk: reg 0x1c: [io  0x0376]
Apr 18 19:48:28 ip-172-31-95-246 kernel: * Found PM-Timer Bug on the chipset. Due to workarounds for a bug,#012* this clock source is slow. Consider trying other clock sources
Apr 18 19:48:28 ip-172-31-95-246 kernel: pci 0000:00:01.3: quirk: [io  0xb000-0xb03f] claimed by PIIX4 ACPI
Apr 18 19:48:28 ip-172-31-95-246 kernel: ACPI: PCI Interrupt Link [LNKA] (IRQs *5 10 11)
Apr 18 19:48:28 ip-172-31-95-246 kernel: ACPI: PCI Interrupt Link [LNKB] (IRQs 5 *10 11)
Apr 18 19:48:28 ip-172-31-95-246 kernel: ACPI: PCI Interrupt Link [LNKC] (IRQs 5 10 *11)
Apr 18 19:48:28 ip-172-31-95-246 kernel: ACPI: PCI Interrupt Link [LNKD] (IRQs *5 10 11)
Apr 18 19:48:28 ip-172-31-95-246 kernel: xen:balloon: Initialising balloon driver
Apr 18 19:48:28 ip-172-31-95-246 kernel: vgaarb: device added: PCI:0000:00:02.0,decodes=io+mem,owns=io+mem,locks=none
Apr 18 19:48:28 ip-172-31-95-246 kernel: vgaarb: loaded
Apr 18 19:48:28 ip-172-31-95-246 kernel: vgaarb: bridge control possible 0000:00:02.0
Apr 18 19:48:28 ip-172-31-95-246 kernel: SCSI subsystem initialized
Apr 18 19:48:28 ip-172-31-95-246 kernel: ACPI: bus type USB registered
Apr 18 19:48:28 ip-172-31-95-246 kernel: usbcore: registered new interface driver usbfs
Apr 18 19:48:28 ip-172-31-95-246 kernel: usbcore: registered new interface driver hub
Apr 18 19:48:28 ip-172-31-95-246 kernel: usbcore: registered new device driver usb
Apr 18 19:48:28 ip-172-31-95-246 kernel: EDAC MC: Ver: 3.0.0
Apr 18 19:48:28 ip-172-31-95-246 kernel: PCI: Using ACPI for IRQ routing
Apr 18 19:48:28 ip-172-31-95-246 kernel: NetLabel: Initializing
Apr 18 19:48:28 ip-172-31-95-246 kernel: NetLabel:  domain hash size = 128
Apr 18 19:48:28 ip-172-31-95-246 kernel: NetLabel:  protocols = UNLABELED CIPSOv4
Apr 18 19:48:28 ip-172-31-95-246 kernel: NetLabel:  unlabeled traffic allowed by default
Apr 18 19:48:28 ip-172-31-95-246 kernel: HPET: 3 timers in total, 0 timers will be used for per-cpu timer
Apr 18 19:48:28 ip-172-31-95-246 kernel: hpet0: at MMIO 0xfed00000, IRQs 2, 8, 0
Apr 18 19:48:28 ip-172-31-95-246 kernel: hpet0: 3 comparators, 64-bit 62.500000 MHz counter
Apr 18 19:48:28 ip-172-31-95-246 kernel: amd_nb: Cannot enumerate AMD northbridges
Apr 18 19:48:28 ip-172-31-95-246 kernel: Switched to clocksource xen
Apr 18 19:48:28 ip-172-31-95-246 kernel: pnp: PnP ACPI init
Apr 18 19:48:28 ip-172-31-95-246 kernel: ACPI: bus type PNP registered
Apr 18 19:48:28 ip-172-31-95-246 kernel: system 00:00: [mem 0x00000000-0x0009ffff] could not be reserved
Apr 18 19:48:28 ip-172-31-95-246 kernel: system 00:01: [io  0x08a0-0x08a3] has been reserved
Apr 18 19:48:28 ip-172-31-95-246 kernel: system 00:01: [io  0x0cc0-0x0ccf] has been reserved
Apr 18 19:48:28 ip-172-31-95-246 kernel: system 00:01: [io  0x04d0-0x04d1] has been reserved
Apr 18 19:48:28 ip-172-31-95-246 kernel: system 00:07: [io  0x10c0-0x1141] has been reserved
Apr 18 19:48:28 ip-172-31-95-246 kernel: system 00:07: [io  0xb044-0xb047] has been reserved
Apr 18 19:48:28 ip-172-31-95-246 kernel: pnp: PnP ACPI: found 8 devices
Apr 18 19:48:28 ip-172-31-95-246 kernel: ACPI: bus type PNP unregistered
Apr 18 19:48:28 ip-172-31-95-246 kernel: NET: Registered protocol family 2
Apr 18 19:48:28 ip-172-31-95-246 kernel: TCP established hash table entries: 8192 (order: 4, 65536 bytes)
Apr 18 19:48:28 ip-172-31-95-246 kernel: TCP bind hash table entries: 8192 (order: 5, 131072 bytes)
Apr 18 19:48:28 ip-172-31-95-246 kernel: TCP: Hash tables configured (established 8192 bind 8192)
Apr 18 19:48:28 ip-172-31-95-246 kernel: TCP: reno registered
Apr 18 19:48:28 ip-172-31-95-246 kernel: UDP hash table entries: 512 (order: 2, 16384 bytes)
Apr 18 19:48:28 ip-172-31-95-246 kernel: UDP-Lite hash table entries: 512 (order: 2, 16384 bytes)
Apr 18 19:48:28 ip-172-31-95-246 kernel: NET: Registered protocol family 1
Apr 18 19:48:28 ip-172-31-95-246 kernel: pci 0000:00:00.0: Limiting direct PCI/PCI transfers
Apr 18 19:48:28 ip-172-31-95-246 kernel: pci 0000:00:01.0: PIIX3: Enabling Passive Release
Apr 18 19:48:28 ip-172-31-95-246 kernel: pci 0000:00:01.0: Activating ISA DMA hang workarounds
Apr 18 19:48:28 ip-172-31-95-246 kernel: Unpacking initramfs...
Apr 18 19:48:28 ip-172-31-95-246 kernel: Freeing initrd memory: 41032k freed
Apr 18 19:48:28 ip-172-31-95-246 kernel: RAPL PMU: API unit is 2^-32 Joules, 4 fixed counters, 655360 ms ovfl timer
Apr 18 19:48:28 ip-172-31-95-246 kernel: RAPL PMU: hw unit of domain pp0-core 2^-14 Joules
Apr 18 19:48:28 ip-172-31-95-246 kernel: RAPL PMU: hw unit of domain package 2^-14 Joules
Apr 18 19:48:28 ip-172-31-95-246 kernel: RAPL PMU: hw unit of domain dram 2^-14 Joules
Apr 18 19:48:28 ip-172-31-95-246 kernel: RAPL PMU: hw unit of domain pp1-gpu 2^-14 Joules
Apr 18 19:48:28 ip-172-31-95-246 kernel: sha1_ssse3: Using AVX2 optimized SHA-1 implementation
Apr 18 19:48:28 ip-172-31-95-246 kernel: sha256_ssse3: Using AVX2 optimized SHA-256 implementation
Apr 18 19:48:28 ip-172-31-95-246 kernel: futex hash table entries: 4096 (order: 6, 262144 bytes)
Apr 18 19:48:28 ip-172-31-95-246 kernel: Initialise system trusted keyring
Apr 18 19:48:28 ip-172-31-95-246 kernel: audit: initializing netlink socket (disabled)
Apr 18 19:48:28 ip-172-31-95-246 kernel: type=2000 audit(1524080907.611:1): initialized
Apr 18 19:48:28 ip-172-31-95-246 kernel: HugeTLB registered 2 MB page size, pre-allocated 0 pages
Apr 18 19:48:28 ip-172-31-95-246 kernel: zpool: loaded
Apr 18 19:48:28 ip-172-31-95-246 kernel: zbud: loaded
Apr 18 19:48:28 ip-172-31-95-246 kernel: VFS: Disk quotas dquot_6.5.2
Apr 18 19:48:28 ip-172-31-95-246 kernel: Dquot-cache hash table entries: 512 (order 0, 4096 bytes)
Apr 18 19:48:28 ip-172-31-95-246 kernel: msgmni has been set to 1973
Apr 18 19:48:28 ip-172-31-95-246 kernel: Key type big_key registered
Apr 18 19:48:28 ip-172-31-95-246 kernel: NET: Registered protocol family 38
Apr 18 19:48:28 ip-172-31-95-246 kernel: Key type asymmetric registered
Apr 18 19:48:28 ip-172-31-95-246 kernel: Asymmetric key parser 'x509' registered
Apr 18 19:48:28 ip-172-31-95-246 kernel: Block layer SCSI generic (bsg) driver version 0.4 loaded (major 248)
Apr 18 19:48:28 ip-172-31-95-246 kernel: io scheduler noop registered
Apr 18 19:48:28 ip-172-31-95-246 kernel: io scheduler deadline registered (default)
Apr 18 19:48:28 ip-172-31-95-246 kernel: io scheduler cfq registered
Apr 18 19:48:28 ip-172-31-95-246 kernel: io scheduler mq-deadline registered
Apr 18 19:48:28 ip-172-31-95-246 kernel: io scheduler kyber registered
Apr 18 19:48:28 ip-172-31-95-246 kernel: pci_hotplug: PCI Hot Plug PCI Core version: 0.5
Apr 18 19:48:28 ip-172-31-95-246 kernel: pciehp: PCI Express Hot Plug Controller Driver version: 0.4
Apr 18 19:48:28 ip-172-31-95-246 kernel: input: Power Button as /devices/LNXSYSTM:00/LNXPWRBN:00/input/input0
Apr 18 19:48:28 ip-172-31-95-246 kernel: ACPI: Power Button [PWRF]
Apr 18 19:48:28 ip-172-31-95-246 kernel: input: Sleep Button as /devices/LNXSYSTM:00/LNXSLPBN:00/input/input1
Apr 18 19:48:28 ip-172-31-95-246 kernel: ACPI: Sleep Button [SLPF]
Apr 18 19:48:28 ip-172-31-95-246 kernel: GHES: HEST is not enabled!
Apr 18 19:48:28 ip-172-31-95-246 kernel: xen:grant_table: Grant tables using version 1 layout
Apr 18 19:48:28 ip-172-31-95-246 kernel: Grant table initialized
Apr 18 19:48:28 ip-172-31-95-246 kernel: Cannot get hvm parameter CONSOLE_EVTCHN (18): -22!
Apr 18 19:48:28 ip-172-31-95-246 kernel: Serial: 8250/16550 driver, 4 ports, IRQ sharing enabled
Apr 18 19:48:28 ip-172-31-95-246 kernel: 00:06: ttyS0 at I/O 0x3f8 (irq = 4) is a 16550A
Apr 18 19:48:28 ip-172-31-95-246 kernel: Non-volatile memory driver v1.3
Apr 18 19:48:28 ip-172-31-95-246 kernel: Linux agpgart interface v0.103
Apr 18 19:48:28 ip-172-31-95-246 kernel: crash memory driver: version 1.1
Apr 18 19:48:28 ip-172-31-95-246 kernel: rdac: device handler registered
Apr 18 19:48:28 ip-172-31-95-246 kernel: hp_sw: device handler registered
Apr 18 19:48:28 ip-172-31-95-246 kernel: emc: device handler registered
Apr 18 19:48:28 ip-172-31-95-246 kernel: alua: device handler registered
Apr 18 19:48:28 ip-172-31-95-246 kernel: libphy: Fixed MDIO Bus: probed
Apr 18 19:48:28 ip-172-31-95-246 kernel: ehci_hcd: USB 2.0 'Enhanced' Host Controller (EHCI) Driver
Apr 18 19:48:28 ip-172-31-95-246 kernel: ehci-pci: EHCI PCI platform driver
Apr 18 19:48:28 ip-172-31-95-246 kernel: ohci_hcd: USB 1.1 'Open' Host Controller (OHCI) Driver
Apr 18 19:48:28 ip-172-31-95-246 kernel: ohci-pci: OHCI PCI platform driver
Apr 18 19:48:28 ip-172-31-95-246 kernel: uhci_hcd: USB Universal Host Controller Interface driver
Apr 18 19:48:28 ip-172-31-95-246 kernel: usbcore: registered new interface driver usbserial
Apr 18 19:48:28 ip-172-31-95-246 kernel: usbcore: registered new interface driver usbserial_generic
Apr 18 19:48:28 ip-172-31-95-246 kernel: usbserial: USB Serial support registered for generic
Apr 18 19:48:28 ip-172-31-95-246 kernel: i8042: PNP: PS/2 Controller [PNP0303:PS2K,PNP0f13:PS2M] at 0x60,0x64 irq 1,12
Apr 18 19:48:28 ip-172-31-95-246 kernel: serio: i8042 KBD port at 0x60,0x64 irq 1
Apr 18 19:48:28 ip-172-31-95-246 kernel: serio: i8042 AUX port at 0x60,0x64 irq 12
Apr 18 19:48:28 ip-172-31-95-246 kernel: mousedev: PS/2 mouse device common for all mice
Apr 18 19:48:28 ip-172-31-95-246 kernel: input: AT Translated Set 2 keyboard as /devices/platform/i8042/serio0/input/input2
Apr 18 19:48:28 ip-172-31-95-246 kernel: rtc_cmos 00:02: rtc core: registered rtc_cmos as rtc0
Apr 18 19:48:28 ip-172-31-95-246 kernel: rtc_cmos 00:02: alarms up to one day, 114 bytes nvram, hpet irqs
Apr 18 19:48:28 ip-172-31-95-246 kernel: cpuidle: using governor menu
Apr 18 19:48:28 ip-172-31-95-246 kernel: hidraw: raw HID events driver (C) Jiri Kosina
Apr 18 19:48:28 ip-172-31-95-246 kernel: usbcore: registered new interface driver usbhid
Apr 18 19:48:28 ip-172-31-95-246 kernel: usbhid: USB HID core driver
Apr 18 19:48:28 ip-172-31-95-246 kernel: drop_monitor: Initializing network drop monitor service
Apr 18 19:48:28 ip-172-31-95-246 kernel: TCP: cubic registered
Apr 18 19:48:28 ip-172-31-95-246 kernel: Initializing XFRM netlink socket
Apr 18 19:48:28 ip-172-31-95-246 kernel: NET: Registered protocol family 10
Apr 18 19:48:28 ip-172-31-95-246 kernel: NET: Registered protocol family 17
Apr 18 19:48:28 ip-172-31-95-246 kernel: mpls_gso: MPLS GSO support
Apr 18 19:48:28 ip-172-31-95-246 kernel: intel_rdt: Intel RDT L3 allocation detected
Apr 18 19:48:28 ip-172-31-95-246 kernel: microcode: CPU0 sig=0x306f2, pf=0x1, revision=0x3c
Apr 18 19:48:28 ip-172-31-95-246 kernel: microcode: Microcode Update Driver: v2.01 <tigran@aivazian.fsnet.co.uk>, Peter Oruba
Apr 18 19:48:28 ip-172-31-95-246 kernel: Loading compiled-in X.509 certificates
Apr 18 19:48:28 ip-172-31-95-246 kernel: Loaded X.509 cert 'Red Hat Enterprise Linux Driver Update Program (key 3): bf57f3e87362bc7229d9f465321773dfd1f77a80'
Apr 18 19:48:28 ip-172-31-95-246 kernel: Loaded X.509 cert 'Red Hat Enterprise Linux kpatch signing key: 4d38fd864ebe18c5f0b72e3852e2014c3a676fc8'
Apr 18 19:48:28 ip-172-31-95-246 kernel: Loaded X.509 cert 'Red Hat Enterprise Linux kernel signing key: 5173023bf81637d7bf3c5150134eec841b96fd0b'
Apr 18 19:48:28 ip-172-31-95-246 kernel: registered taskstats version 1
Apr 18 19:48:28 ip-172-31-95-246 kernel: Key type trusted registered
Apr 18 19:48:28 ip-172-31-95-246 kernel: Key type encrypted registered
Apr 18 19:48:28 ip-172-31-95-246 kernel: IMA: No TPM chip found, activating TPM-bypass! (rc=-19)
Apr 18 19:48:28 ip-172-31-95-246 kernel: xenbus_probe_frontend: Device with no driver: device/vbd/768
Apr 18 19:48:28 ip-172-31-95-246 kernel: xenbus_probe_frontend: Device with no driver: device/vif/0
Apr 18 19:48:28 ip-172-31-95-246 kernel:  Magic number: 14:144:850
Apr 18 19:48:28 ip-172-31-95-246 kernel: rtc_cmos 00:02: setting system clock to 2018-04-18 19:48:28 UTC (1524080908)
Apr 18 19:48:28 ip-172-31-95-246 kernel: Freeing unused kernel memory: 1832k freed
Apr 18 19:48:28 ip-172-31-95-246 kernel: Write protecting the kernel read-only data: 12288k
Apr 18 19:48:28 ip-172-31-95-246 kernel: Freeing unused kernel memory: 856k freed
Apr 18 19:48:28 ip-172-31-95-246 kernel: Freeing unused kernel memory: 684k freed
Apr 18 19:48:28 ip-172-31-95-246 systemd[1]: systemd 219 running in system mode. (+PAM +AUDIT +SELINUX +IMA -APPARMOR +SMACK +SYSVINIT +UTMP +LIBCRYPTSETUP +GCRYPT +GNUTLS +ACL +XZ +LZ4 -SECCOMP +BLKID +ELFUTILS +KMOD +IDN)
Apr 18 19:48:28 ip-172-31-95-246 systemd[1]: Detected virtualization xen.
Apr 18 19:48:28 ip-172-31-95-246 systemd[1]: Detected architecture x86-64.
Apr 18 19:48:28 ip-172-31-95-246 systemd[1]: Running in initial RAM disk.
Apr 18 19:48:28 ip-172-31-95-246 systemd[1]: No hostname configured.
Apr 18 19:48:28 ip-172-31-95-246 systemd[1]: Set hostname to <localhost>.
Apr 18 19:48:28 ip-172-31-95-246 systemd[1]: Initializing machine ID from random generator.
Apr 18 19:48:28 ip-172-31-95-246 systemd[1]: Reached target Timers.
Apr 18 19:48:28 ip-172-31-95-246 systemd[1]: Starting Timers.
Apr 18 19:48:28 ip-172-31-95-246 systemd[1]: Reached target Local File Systems.
Apr 18 19:48:28 ip-172-31-95-246 systemd[1]: Starting Local File Systems.
Apr 18 19:48:28 ip-172-31-95-246 systemd[1]: Created slice Root Slice.
Apr 18 19:48:28 ip-172-31-95-246 systemd[1]: Starting Root Slice.
Apr 18 19:48:28 ip-172-31-95-246 systemd[1]: Listening on udev Kernel Socket.
Apr 18 19:48:28 ip-172-31-95-246 systemd[1]: Starting udev Kernel Socket.
Apr 18 19:48:28 ip-172-31-95-246 systemd[1]: Created slice System Slice.
Apr 18 19:48:28 ip-172-31-95-246 systemd[1]: Starting System Slice.
Apr 18 19:48:28 ip-172-31-95-246 systemd[1]: Listening on Journal Socket.
Apr 18 19:48:28 ip-172-31-95-246 systemd[1]: Starting Journal Socket.
Apr 18 19:48:28 ip-172-31-95-246 systemd[1]: Starting Journal Service...
Apr 18 19:48:28 ip-172-31-95-246 systemd[1]: Starting Create list of required static device nodes for the current kernel...
Apr 18 19:48:28 ip-172-31-95-246 journal: Journal started
Apr 18 19:48:28 ip-172-31-95-246 systemd[1]: Reached target Slices.
Apr 18 19:48:28 ip-172-31-95-246 systemd[1]: Starting Slices.
Apr 18 19:48:28 ip-172-31-95-246 systemd[1]: Started Dispatch Password Requests to Console Directory Watch.
Apr 18 19:48:28 ip-172-31-95-246 systemd[1]: Starting Dispatch Password Requests to Console Directory Watch.
Apr 18 19:48:28 ip-172-31-95-246 systemd[1]: Reached target Paths.
Apr 18 19:48:28 ip-172-31-95-246 systemd[1]: Starting Paths.
Apr 18 19:48:28 ip-172-31-95-246 systemd[1]: Reached target Swap.
Apr 18 19:48:28 ip-172-31-95-246 systemd[1]: Starting Swap.
Apr 18 19:48:28 ip-172-31-95-246 systemd[1]: Starting Apply Kernel Variables...
Apr 18 19:48:28 ip-172-31-95-246 systemd[1]: Listening on udev Control Socket.
Apr 18 19:48:28 ip-172-31-95-246 systemd[1]: Starting udev Control Socket.
Apr 18 19:48:28 ip-172-31-95-246 systemd[1]: Reached target Sockets.
Apr 18 19:48:28 ip-172-31-95-246 systemd[1]: Starting Sockets.
Apr 18 19:48:28 ip-172-31-95-246 systemd[1]: Starting dracut cmdline hook...
Apr 18 19:48:28 ip-172-31-95-246 systemd[1]: Started Journal Service.
Apr 18 19:48:28 ip-172-31-95-246 systemd: Started Create list of required static device nodes for the current kernel.
Apr 18 19:48:28 ip-172-31-95-246 systemd: Started Apply Kernel Variables.
Apr 18 19:48:28 ip-172-31-95-246 systemd: Starting Create Static Device Nodes in /dev...
Apr 18 19:48:28 ip-172-31-95-246 systemd: Started Create Static Device Nodes in /dev.
Apr 18 19:48:28 ip-172-31-95-246 systemd: Started dracut cmdline hook.
Apr 18 19:48:28 ip-172-31-95-246 systemd: Starting dracut pre-udev hook...
Apr 18 19:48:28 ip-172-31-95-246 systemd: Started dracut pre-udev hook.
Apr 18 19:48:28 ip-172-31-95-246 systemd: Starting udev Kernel Device Manager...
Apr 18 19:48:28 ip-172-31-95-246 systemd-udevd: starting version 219
Apr 18 19:48:28 ip-172-31-95-246 systemd-udevd: Network interface NamePolicy= disabled on kernel command line, ignoring.
Apr 18 19:48:28 ip-172-31-95-246 systemd: Started udev Kernel Device Manager.
Apr 18 19:48:28 ip-172-31-95-246 systemd: Starting udev Coldplug all Devices...
Apr 18 19:48:29 ip-172-31-95-246 systemd: Mounting Configuration File System...
Apr 18 19:48:29 ip-172-31-95-246 kernel: tsc: Refined TSC clocksource calibration: 2399.998 MHz
Apr 18 19:48:29 ip-172-31-95-246 systemd: Mounted Configuration File System.
Apr 18 19:48:29 ip-172-31-95-246 systemd: Started udev Coldplug all Devices.
Apr 18 19:48:29 ip-172-31-95-246 systemd: Reached target System Initialization.
Apr 18 19:48:29 ip-172-31-95-246 systemd: Starting System Initialization.
Apr 18 19:48:29 ip-172-31-95-246 kernel: xen_netfront: Initialising Xen virtual ethernet driver
Apr 18 19:48:29 ip-172-31-95-246 kernel: FDC 0 is a S82078B
Apr 18 19:48:29 ip-172-31-95-246 kernel: blkfront: xvda: barrier or flush: disabled; persistent grants: disabled; indirect descriptors: enabled;
Apr 18 19:48:29 ip-172-31-95-246 kernel: xvda: xvda1 xvda2
Apr 18 19:48:29 ip-172-31-95-246 systemd: Reached target Basic System.
Apr 18 19:48:29 ip-172-31-95-246 systemd: Starting Basic System.
Apr 18 19:48:29 ip-172-31-95-246 systemd: Starting dracut initqueue hook...
Apr 18 19:48:29 ip-172-31-95-246 kernel: input: ImExPS/2 Generic Explorer Mouse as /devices/platform/i8042/serio1/input/input3
Apr 18 19:48:29 ip-172-31-95-246 kernel: scsi host0: ata_piix
Apr 18 19:48:29 ip-172-31-95-246 kernel: scsi host1: ata_piix
Apr 18 19:48:29 ip-172-31-95-246 kernel: ata1: PATA max MWDMA2 cmd 0x1f0 ctl 0x3f6 bmdma 0xc100 irq 14
Apr 18 19:48:29 ip-172-31-95-246 kernel: ata2: PATA max MWDMA2 cmd 0x170 ctl 0x376 bmdma 0xc108 irq 15
Apr 18 19:48:29 ip-172-31-95-246 systemd: Found device /dev/disk/by-uuid/50a9826b-3a50-44d0-ad12-28f2056e9927.
Apr 18 19:48:29 ip-172-31-95-246 systemd: Starting File System Check on /dev/disk/by-uuid/50a9826b-3a50-44d0-ad12-28f2056e9927...
Apr 18 19:48:29 ip-172-31-95-246 systemd-fsck: /sbin/fsck.xfs: XFS file system.
Apr 18 19:48:29 ip-172-31-95-246 systemd: Started File System Check on /dev/disk/by-uuid/50a9826b-3a50-44d0-ad12-28f2056e9927.
Apr 18 19:48:29 ip-172-31-95-246 systemd: Started dracut initqueue hook.
Apr 18 19:48:29 ip-172-31-95-246 systemd: Mounting /sysroot...
Apr 18 19:48:29 ip-172-31-95-246 systemd: Reached target Remote File Systems (Pre).
Apr 18 19:48:29 ip-172-31-95-246 systemd: Starting Remote File Systems (Pre).
Apr 18 19:48:29 ip-172-31-95-246 systemd: Reached target Remote File Systems.
Apr 18 19:48:29 ip-172-31-95-246 systemd: Starting Remote File Systems.
Apr 18 19:48:29 ip-172-31-95-246 kernel: SGI XFS with ACLs, security attributes, no debug enabled
Apr 18 19:48:29 ip-172-31-95-246 kernel: XFS (xvda2): Mounting V5 Filesystem
Apr 18 19:48:30 ip-172-31-95-246 kernel: XFS (xvda2): Ending clean mount
Apr 18 19:48:30 ip-172-31-95-246 systemd: Mounted /sysroot.
Apr 18 19:48:30 ip-172-31-95-246 systemd: Reached target Initrd Root File System.
Apr 18 19:48:30 ip-172-31-95-246 systemd: Starting Initrd Root File System.
Apr 18 19:48:30 ip-172-31-95-246 systemd: Starting Reload Configuration from the Real Root...
Apr 18 19:48:30 ip-172-31-95-246 systemd: Reloading.
Apr 18 19:48:30 ip-172-31-95-246 systemd: Started Reload Configuration from the Real Root.
Apr 18 19:48:30 ip-172-31-95-246 systemd: Reached target Initrd File Systems.
Apr 18 19:48:30 ip-172-31-95-246 systemd: Starting Initrd File Systems.
Apr 18 19:48:30 ip-172-31-95-246 systemd: Reached target Initrd Default Target.
Apr 18 19:48:30 ip-172-31-95-246 systemd: Starting Initrd Default Target.
Apr 18 19:48:30 ip-172-31-95-246 systemd: Starting dracut pre-pivot and cleanup hook...
Apr 18 19:48:30 ip-172-31-95-246 systemd: Started dracut pre-pivot and cleanup hook.
Apr 18 19:48:30 ip-172-31-95-246 systemd: Starting Cleaning Up and Shutting Down Daemons...
Apr 18 19:48:30 ip-172-31-95-246 systemd: Stopped target Timers.
Apr 18 19:48:30 ip-172-31-95-246 systemd: Stopping Timers.
Apr 18 19:48:30 ip-172-31-95-246 systemd: Stopped Cleaning Up and Shutting Down Daemons.
Apr 18 19:48:30 ip-172-31-95-246 systemd: Stopped dracut pre-pivot and cleanup hook.
Apr 18 19:48:30 ip-172-31-95-246 systemd: Stopping dracut pre-pivot and cleanup hook...
Apr 18 19:48:30 ip-172-31-95-246 systemd: Stopped target Remote File Systems.
Apr 18 19:48:30 ip-172-31-95-246 systemd: Stopping Remote File Systems.
Apr 18 19:48:30 ip-172-31-95-246 systemd: Stopped target Remote File Systems (Pre).
Apr 18 19:48:30 ip-172-31-95-246 systemd: Stopping Remote File Systems (Pre).
Apr 18 19:48:30 ip-172-31-95-246 systemd: Stopped target Initrd Default Target.
Apr 18 19:48:30 ip-172-31-95-246 systemd: Stopping Initrd Default Target.
Apr 18 19:48:30 ip-172-31-95-246 systemd: Stopped dracut initqueue hook.
Apr 18 19:48:30 ip-172-31-95-246 systemd: Stopping dracut initqueue hook...
Apr 18 19:48:30 ip-172-31-95-246 systemd: Stopped target Basic System.
Apr 18 19:48:30 ip-172-31-95-246 systemd: Stopping Basic System.
Apr 18 19:48:30 ip-172-31-95-246 systemd: Stopped target Slices.
Apr 18 19:48:30 ip-172-31-95-246 systemd: Stopping Slices.
Apr 18 19:48:30 ip-172-31-95-246 systemd: Stopped target Sockets.
Apr 18 19:48:30 ip-172-31-95-246 systemd: Stopping Sockets.
Apr 18 19:48:30 ip-172-31-95-246 systemd: Stopped target System Initialization.
Apr 18 19:48:30 ip-172-31-95-246 systemd: Stopping System Initialization.
Apr 18 19:48:30 ip-172-31-95-246 systemd: Stopped udev Coldplug all Devices.
Apr 18 19:48:30 ip-172-31-95-246 systemd: Stopping udev Coldplug all Devices...
Apr 18 19:48:30 ip-172-31-95-246 systemd: Stopped target Local File Systems.
Apr 18 19:48:30 ip-172-31-95-246 systemd: Stopping Local File Systems.
Apr 18 19:48:30 ip-172-31-95-246 systemd: Stopped target Swap.
Apr 18 19:48:30 ip-172-31-95-246 systemd: Stopping Swap.
Apr 18 19:48:30 ip-172-31-95-246 systemd: Stopped Apply Kernel Variables.
Apr 18 19:48:30 ip-172-31-95-246 systemd: Stopping Apply Kernel Variables...
Apr 18 19:48:30 ip-172-31-95-246 systemd: Stopping udev Kernel Device Manager...
Apr 18 19:48:30 ip-172-31-95-246 systemd: Stopped target Paths.
Apr 18 19:48:30 ip-172-31-95-246 systemd: Stopping Paths.
Apr 18 19:48:30 ip-172-31-95-246 systemd: Stopped Dispatch Password Requests to Console Directory Watch.
Apr 18 19:48:30 ip-172-31-95-246 systemd: Stopping Dispatch Password Requests to Console Directory Watch.
Apr 18 19:48:30 ip-172-31-95-246 systemd: Stopped udev Kernel Device Manager.
Apr 18 19:48:30 ip-172-31-95-246 systemd: Stopped dracut pre-udev hook.
Apr 18 19:48:30 ip-172-31-95-246 systemd: Stopping dracut pre-udev hook...
Apr 18 19:48:30 ip-172-31-95-246 systemd: Stopped dracut cmdline hook.
Apr 18 19:48:30 ip-172-31-95-246 systemd: Stopping dracut cmdline hook...
Apr 18 19:48:30 ip-172-31-95-246 systemd: Stopped Create Static Device Nodes in /dev.
Apr 18 19:48:30 ip-172-31-95-246 systemd: Stopping Create Static Device Nodes in /dev...
Apr 18 19:48:30 ip-172-31-95-246 systemd: Stopped Create list of required static device nodes for the current kernel.
Apr 18 19:48:30 ip-172-31-95-246 systemd: Stopping Create list of required static device nodes for the current kernel...
Apr 18 19:48:30 ip-172-31-95-246 systemd: Closed udev Kernel Socket.
Apr 18 19:48:30 ip-172-31-95-246 systemd: Stopping udev Kernel Socket.
Apr 18 19:48:30 ip-172-31-95-246 systemd: Closed udev Control Socket.
Apr 18 19:48:30 ip-172-31-95-246 systemd: Stopping udev Control Socket.
Apr 18 19:48:30 ip-172-31-95-246 systemd: Starting Cleanup udevd DB...
Apr 18 19:48:30 ip-172-31-95-246 systemd: Started Cleanup udevd DB.
Apr 18 19:48:30 ip-172-31-95-246 systemd: Reached target Switch Root.
Apr 18 19:48:30 ip-172-31-95-246 systemd: Starting Switch Root.
Apr 18 19:48:30 ip-172-31-95-246 systemd: Starting Switch Root...
Apr 18 19:48:30 ip-172-31-95-246 systemd: Switching root.
Apr 18 19:48:30 ip-172-31-95-246 journal: Journal stopped
Apr 18 19:48:31 ip-172-31-95-246 journal: Runtime journal is using 6.1M (max allowed 49.5M, trying to leave 74.2M free of 482.6M available → current limit 49.5M).
Apr 18 19:48:31 ip-172-31-95-246 systemd-journald[84]: Received SIGTERM from PID 1 (systemd).
Apr 18 19:48:31 ip-172-31-95-246 kernel: type=1404 audit(1524080910.952:2): enforcing=1 old_enforcing=0 auid=4294967295 ses=4294967295
Apr 18 19:48:31 ip-172-31-95-246 kernel: type=1403 audit(1524080911.072:3): policy loaded auid=4294967295 ses=4294967295
Apr 18 19:48:31 ip-172-31-95-246 systemd[1]: Successfully loaded SELinux policy in 139.198ms.
Apr 18 19:48:31 ip-172-31-95-246 kernel: ip_tables: (C) 2000-2006 Netfilter Core Team
Apr 18 19:48:31 ip-172-31-95-246 systemd[1]: Inserted module 'ip_tables'
Apr 18 19:48:31 ip-172-31-95-246 systemd[1]: Relabelled /dev and /run in 12.645ms.
Apr 18 19:48:31 ip-172-31-95-246 journal: Journal started
Apr 18 19:48:31 ip-172-31-95-246 systemd: systemd 219 running in system mode. (+PAM +AUDIT +SELINUX +IMA -APPARMOR +SMACK +SYSVINIT +UTMP +LIBCRYPTSETUP +GCRYPT +GNUTLS +ACL +XZ +LZ4 -SECCOMP +BLKID +ELFUTILS +KMOD +IDN)
Apr 18 19:48:31 ip-172-31-95-246 systemd: Detected virtualization xen.
Apr 18 19:48:31 ip-172-31-95-246 systemd: Detected architecture x86-64.
Apr 18 19:48:31 ip-172-31-95-246 systemd: Set hostname to <localhost.localdomain>.
Apr 18 19:48:31 ip-172-31-95-246 systemd: Initializing machine ID from random generator.
Apr 18 19:48:31 ip-172-31-95-246 systemd: Installed transient /etc/machine-id file.
Apr 18 19:48:31 ip-172-31-95-246 kernel: random: crng init done
Apr 18 19:48:31 ip-172-31-95-246 systemd: Started Read and set NIS domainname from /etc/sysconfig/network.
Apr 18 19:48:31 ip-172-31-95-246 systemd: Started Create list of required static device nodes for the current kernel.
Apr 18 19:48:31 ip-172-31-95-246 systemd: Started Apply Kernel Variables.
Apr 18 19:48:31 ip-172-31-95-246 systemd: Started Remount Root and Kernel File Systems.
Apr 18 19:48:31 ip-172-31-95-246 systemd: Starting Rebuild Hardware Database...
Apr 18 19:48:31 ip-172-31-95-246 systemd: Starting Load/Save Random Seed...
Apr 18 19:48:31 ip-172-31-95-246 systemd: Starting Configure read-only root support...
Apr 18 19:48:31 ip-172-31-95-246 systemd: Starting Create Static Device Nodes in /dev...
Apr 18 19:48:31 ip-172-31-95-246 systemd: Starting Flush Journal to Persistent Storage...
Apr 18 19:48:31 ip-172-31-95-246 systemd: Started Load/Save Random Seed.
Apr 18 19:48:31 ip-172-31-95-246 systemd: Started Configure read-only root support.
Apr 18 19:48:31 ip-172-31-95-246 systemd: Started Create Static Device Nodes in /dev.
Apr 18 19:48:31 ip-172-31-95-246 systemd: Started Flush Journal to Persistent Storage.
Apr 18 19:48:31 ip-172-31-95-246 systemd: Starting udev Kernel Device Manager...
Apr 18 19:48:31 ip-172-31-95-246 systemd: Reached target Local File Systems (Pre).
Apr 18 19:48:31 ip-172-31-95-246 systemd: Starting Local File Systems (Pre).
Apr 18 19:48:31 ip-172-31-95-246 systemd: Reached target Local File Systems.
Apr 18 19:48:31 ip-172-31-95-246 systemd: Starting Local File Systems.
Apr 18 19:48:31 ip-172-31-95-246 systemd: Starting Rebuild Journal Catalog...
Apr 18 19:48:31 ip-172-31-95-246 systemd-udevd: starting version 219
Apr 18 19:48:31 ip-172-31-95-246 systemd-udevd: Network interface NamePolicy= disabled on kernel command line, ignoring.
Apr 18 19:48:31 ip-172-31-95-246 systemd: Starting Migrate local SELinux policy changes from the old store structure to the new structure...
Apr 18 19:48:31 ip-172-31-95-246 systemd: Starting Commit a transient machine-id on disk...
Apr 18 19:48:31 ip-172-31-95-246 systemd: Starting Import network configuration from initramfs...
Apr 18 19:48:31 ip-172-31-95-246 systemd: Started udev Kernel Device Manager.
Apr 18 19:48:31 ip-172-31-95-246 systemd: Started Setup Virtual Console.
Apr 18 19:48:31 ip-172-31-95-246 systemd: Started Rebuild Journal Catalog.
Apr 18 19:48:31 ip-172-31-95-246 systemd: Started Migrate local SELinux policy changes from the old store structure to the new structure.
Apr 18 19:48:32 ip-172-31-95-246 systemd: Started Commit a transient machine-id on disk.
Apr 18 19:48:32 ip-172-31-95-246 systemd: Started Import network configuration from initramfs.
Apr 18 19:48:32 ip-172-31-95-246 systemd: Starting Create Volatile Files and Directories...
Apr 18 19:48:32 ip-172-31-95-246 systemd: Started Create Volatile Files and Directories.
Apr 18 19:48:32 ip-172-31-95-246 systemd: Starting Security Auditing Service...
Apr 18 19:48:32 ip-172-31-95-246 auditd[382]: Started dispatcher: /sbin/audispd pid: 384
Apr 18 19:48:32 ip-172-31-95-246 kernel: type=1305 audit(1524080912.116:4): audit_pid=382 old=0 auid=4294967295 ses=4294967295 subj=system_u:system_r:auditd_t:s0 res=1
Apr 18 19:48:32 ip-172-31-95-246 audispd: No plugins found, exiting
Apr 18 19:48:32 ip-172-31-95-246 auditd[382]: dispatcher 384 reaped
Apr 18 19:48:32 ip-172-31-95-246 auditd[382]: Init complete, auditd 2.8.1 listening for events (startup state enable)
Apr 18 19:48:32 ip-172-31-95-246 augenrules: No rules
Apr 18 19:48:32 ip-172-31-95-246 augenrules: enabled 1
Apr 18 19:48:32 ip-172-31-95-246 augenrules: failure 1
Apr 18 19:48:32 ip-172-31-95-246 augenrules: pid 382
Apr 18 19:48:32 ip-172-31-95-246 augenrules: rate_limit 0
Apr 18 19:48:32 ip-172-31-95-246 augenrules: backlog_limit 8192
Apr 18 19:48:32 ip-172-31-95-246 augenrules: lost 0
Apr 18 19:48:32 ip-172-31-95-246 augenrules: backlog 1
Apr 18 19:48:32 ip-172-31-95-246 augenrules: enabled 1
Apr 18 19:48:32 ip-172-31-95-246 augenrules: failure 1
Apr 18 19:48:32 ip-172-31-95-246 augenrules: pid 382
Apr 18 19:48:32 ip-172-31-95-246 augenrules: rate_limit 0
Apr 18 19:48:32 ip-172-31-95-246 augenrules: backlog_limit 8192
Apr 18 19:48:32 ip-172-31-95-246 augenrules: lost 0
Apr 18 19:48:32 ip-172-31-95-246 augenrules: backlog 1
Apr 18 19:48:32 ip-172-31-95-246 systemd: Started Security Auditing Service.
Apr 18 19:48:32 ip-172-31-95-246 systemd: Starting Update UTMP about System Boot/Shutdown...
Apr 18 19:48:32 ip-172-31-95-246 systemd: Started Rebuild Hardware Database.
Apr 18 19:48:32 ip-172-31-95-246 systemd: Started Update UTMP about System Boot/Shutdown.
Apr 18 19:48:32 ip-172-31-95-246 systemd: Starting Update is Completed...
Apr 18 19:48:32 ip-172-31-95-246 systemd: Starting udev Coldplug all Devices...
Apr 18 19:48:32 ip-172-31-95-246 systemd: Started Update is Completed.
Apr 18 19:48:32 ip-172-31-95-246 systemd-udevd: Network interface NamePolicy= disabled on kernel command line, ignoring.
Apr 18 19:48:32 ip-172-31-95-246 systemd: Started udev Coldplug all Devices.
Apr 18 19:48:32 ip-172-31-95-246 systemd: Reached target System Initialization.
Apr 18 19:48:32 ip-172-31-95-246 systemd: Starting System Initialization.
Apr 18 19:48:32 ip-172-31-95-246 systemd: Started Flexible branding.
Apr 18 19:48:32 ip-172-31-95-246 systemd: Starting Flexible branding.
Apr 18 19:48:32 ip-172-31-95-246 systemd: Reached target Paths.
Apr 18 19:48:32 ip-172-31-95-246 systemd: Starting Paths.
Apr 18 19:48:32 ip-172-31-95-246 kernel: input: PC Speaker as /devices/platform/pcspkr/input/input4
Apr 18 19:48:32 ip-172-31-95-246 kernel: piix4_smbus 0000:00:01.3: SMBus base address uninitialized - upgrade BIOS or use force_addr=0xaddr
Apr 18 19:48:32 ip-172-31-95-246 systemd: Listening on D-Bus System Message Bus Socket.
Apr 18 19:48:32 ip-172-31-95-246 systemd: Starting D-Bus System Message Bus Socket.
Apr 18 19:48:32 ip-172-31-95-246 systemd: Starting Initial cloud-init job (pre-networking)...
Apr 18 19:48:32 ip-172-31-95-246 kernel: ppdev: user-space parallel port driver
Apr 18 19:48:32 ip-172-31-95-246 systemd: Reached target Sockets.
Apr 18 19:48:32 ip-172-31-95-246 systemd: Starting Sockets.
Apr 18 19:48:32 ip-172-31-95-246 systemd: Reached target Basic System.
Apr 18 19:48:32 ip-172-31-95-246 systemd: Starting Basic System.
Apr 18 19:48:32 ip-172-31-95-246 systemd: Started irqbalance daemon.
Apr 18 19:48:32 ip-172-31-95-246 systemd: Starting irqbalance daemon...
Apr 18 19:48:32 ip-172-31-95-246 /usr/sbin/irqbalance: Balancing is ineffective on systems with a single cpu.  Shutting down
Apr 18 19:48:32 ip-172-31-95-246 systemd: Starting Authorization Manager...
Apr 18 19:48:32 ip-172-31-95-246 systemd: Starting NTP client/server...
Apr 18 19:48:32 ip-172-31-95-246 kernel: [TTM] Zone  kernel: Available graphics memory: 506950 kiB
Apr 18 19:48:32 ip-172-31-95-246 kernel: [TTM] Initializing pool allocator
Apr 18 19:48:32 ip-172-31-95-246 kernel: [TTM] Initializing DMA pool allocator
Apr 18 19:48:32 ip-172-31-95-246 systemd: Started D-Bus System Message Bus.
Apr 18 19:48:32 ip-172-31-95-246 polkitd[441]: Started polkitd version 0.112
Apr 18 19:48:32 ip-172-31-95-246 chronyd[447]: chronyd version 3.2 starting (+CMDMON +NTP +REFCLOCK +RTC +PRIVDROP +SCFILTER +SECHASH +SIGND +ASYNCDNS +IPV6 +DEBUG)
Apr 18 19:48:33 ip-172-31-95-246 kernel: [drm] fb mappable at 0xF0000000
Apr 18 19:48:33 ip-172-31-95-246 kernel: [drm] vram aper at 0xF0000000
Apr 18 19:48:33 ip-172-31-95-246 kernel: [drm] size 33554432
Apr 18 19:48:33 ip-172-31-95-246 kernel: [drm] fb depth is 24
Apr 18 19:48:33 ip-172-31-95-246 kernel: [drm]    pitch is 3072
Apr 18 19:48:33 ip-172-31-95-246 kernel: fbcon: cirrusdrmfb (fb0) is primary device
Apr 18 19:48:33 ip-172-31-95-246 kernel: Console: switching to colour frame buffer device 128x48
Apr 18 19:48:33 ip-172-31-95-246 kernel: cirrus 0000:00:02.0: fb0: cirrusdrmfb frame buffer device
Apr 18 19:48:33 ip-172-31-95-246 kernel: [drm] Initialized cirrus 1.0.0 20110418 for 0000:00:02.0 on minor 0
Apr 18 19:48:33 ip-172-31-95-246 systemd: Starting D-Bus System Message Bus...
Apr 18 19:48:33 ip-172-31-95-246 systemd: Starting Dump dmesg to /var/log/dmesg...
Apr 18 19:48:33 ip-172-31-95-246 systemd: Starting Login Service...
Apr 18 19:48:33 ip-172-31-95-246 systemd: Started Daily Cleanup of Temporary Directories.
Apr 18 19:48:33 ip-172-31-95-246 systemd: Starting Daily Cleanup of Temporary Directories.
Apr 18 19:48:33 ip-172-31-95-246 systemd: Reached target Timers.
Apr 18 19:48:33 ip-172-31-95-246 systemd: Starting Timers.
Apr 18 19:48:33 ip-172-31-95-246 systemd: Found device /dev/ttyS0.
Apr 18 19:48:33 ip-172-31-95-246 systemd: Started Dump dmesg to /var/log/dmesg.
Apr 18 19:48:33 ip-172-31-95-246 systemd: Started NTP client/server.
Apr 18 19:48:33 ip-172-31-95-246 systemd: Started Authorization Manager.
Apr 18 19:48:33 ip-172-31-95-246 systemd-logind: New seat seat0.
Apr 18 19:48:33 ip-172-31-95-246 systemd-logind: Watching system buttons on /dev/input/event0 (Power Button)
Apr 18 19:48:33 ip-172-31-95-246 systemd-logind: Watching system buttons on /dev/input/event1 (Sleep Button)
Apr 18 19:48:33 ip-172-31-95-246 systemd: Started Login Service.
Apr 18 19:48:33 ip-172-31-95-246 kernel: cryptd: max_cpu_qlen set to 100
Apr 18 19:48:33 ip-172-31-95-246 kernel: AVX2 version of gcm_enc/dec engaged.
Apr 18 19:48:33 ip-172-31-95-246 kernel: AES CTR mode by8 optimization enabled
Apr 18 19:48:33 ip-172-31-95-246 kernel: alg: No test for __gcm-aes-aesni (__driver-gcm-aes-aesni)
Apr 18 19:48:33 ip-172-31-95-246 kernel: alg: No test for __generic-gcm-aes-aesni (__driver-generic-gcm-aes-aesni)
Apr 18 19:48:33 ip-172-31-95-246 kernel: intel_rapl: Found RAPL domain package
Apr 18 19:48:33 ip-172-31-95-246 kernel: intel_rapl: Found RAPL domain dram
Apr 18 19:48:33 ip-172-31-95-246 kernel: intel_rapl: DRAM domain energy unit 15300pj
Apr 18 19:48:33 ip-172-31-95-246 kernel: EDAC sbridge:  Ver: 1.1.1 
Apr 18 19:48:33 ip-172-31-95-246 cloud-init: Cloud-init v. 0.7.9 running 'init-local' at Wed, 18 Apr 2018 19:48:33 +0000. Up 6.69 seconds.
Apr 18 19:48:33 ip-172-31-95-246 kernel: ISOFS: Unable to identify CD-ROM format.
Apr 18 19:48:33 ip-172-31-95-246 systemd: Started Initial cloud-init job (pre-networking).
Apr 18 19:48:33 ip-172-31-95-246 systemd: Reached target Network (Pre).
Apr 18 19:48:33 ip-172-31-95-246 systemd: Starting Network (Pre).
Apr 18 19:48:33 ip-172-31-95-246 systemd: Starting Network Manager...
Apr 18 19:48:34 ip-172-31-95-246 NetworkManager[542]: <info>  [1524080914.0300] NetworkManager (version 1.10.2-13.el7) is starting... (for the first time)
Apr 18 19:48:34 ip-172-31-95-246 NetworkManager[542]: <info>  [1524080914.0316] Read config: /etc/NetworkManager/NetworkManager.conf (lib: 00-server.conf, 10-slaves-order.conf)
Apr 18 19:48:34 ip-172-31-95-246 NetworkManager[542]: <info>  [1524080914.0446] manager[0x55bbe0fcb0e0]: monitoring kernel firmware directory '/lib/firmware'.
Apr 18 19:48:34 ip-172-31-95-246 dbus[445]: [system] Activating via systemd: service name='org.freedesktop.hostname1' unit='dbus-org.freedesktop.hostname1.service'
Apr 18 19:48:34 ip-172-31-95-246 systemd: Starting Hostname Service...
Apr 18 19:48:34 ip-172-31-95-246 dbus[445]: [system] Successfully activated service 'org.freedesktop.hostname1'
Apr 18 19:48:34 ip-172-31-95-246 systemd: Started Hostname Service.
Apr 18 19:48:34 ip-172-31-95-246 NetworkManager[542]: <info>  [1524080914.0937] hostname: hostname: using hostnamed
Apr 18 19:48:34 ip-172-31-95-246 NetworkManager[542]: <info>  [1524080914.0937] hostname: hostname changed from (none) to "localhost.localdomain"
Apr 18 19:48:34 ip-172-31-95-246 NetworkManager[542]: <info>  [1524080914.0943] dns-mgr[0x55bbe0fe2150]: init: dns=default, rc-manager=file
Apr 18 19:48:34 ip-172-31-95-246 dbus[445]: [system] Activating via systemd: service name='org.freedesktop.nm_dispatcher' unit='dbus-org.freedesktop.nm-dispatcher.service'
Apr 18 19:48:34 ip-172-31-95-246 systemd: Started Network Manager.
Apr 18 19:48:34 ip-172-31-95-246 systemd: Starting Network Manager Script Dispatcher Service...
Apr 18 19:48:34 ip-172-31-95-246 systemd: Starting Network Manager Wait Online...
Apr 18 19:48:34 ip-172-31-95-246 dbus[445]: [system] Successfully activated service 'org.freedesktop.nm_dispatcher'
Apr 18 19:48:34 ip-172-31-95-246 systemd: Started Network Manager Script Dispatcher Service.
Apr 18 19:48:34 ip-172-31-95-246 NetworkManager[542]: <info>  [1524080914.1283] settings: loaded plugin ifcfg-rh: (c) 2007 - 2015 Red Hat, Inc.  To report bugs please use the NetworkManager mailing list. (/usr/lib64/NetworkManager/libnm-settings-plugin-ifcfg-rh.so)
Apr 18 19:48:34 ip-172-31-95-246 NetworkManager[542]: <info>  [1524080914.1299] settings: loaded plugin iBFT: (c) 2014 Red Hat, Inc.  To report bugs please use the NetworkManager mailing list. (/usr/lib64/NetworkManager/libnm-settings-plugin-ibft.so)
Apr 18 19:48:34 ip-172-31-95-246 NetworkManager[542]: <info>  [1524080914.1299] settings: loaded plugin keyfile: (c) 2007 - 2016 Red Hat, Inc.  To report bugs please use the NetworkManager mailing list.
Apr 18 19:48:34 ip-172-31-95-246 NetworkManager[542]: <info>  [1524080914.1311] ifcfg-rh: new connection /etc/sysconfig/network-scripts/ifcfg-eth0 (5fb06bd0-0bb0-7ffb-45f1-d6edd65f3e03,"System eth0")
Apr 18 19:48:34 ip-172-31-95-246 NetworkManager[542]: <info>  [1524080914.1374] manager: rfkill: WiFi enabled by radio killswitch; enabled by state file
Apr 18 19:48:34 ip-172-31-95-246 NetworkManager[542]: <info>  [1524080914.1374] manager: rfkill: WWAN enabled by radio killswitch; enabled by state file
Apr 18 19:48:34 ip-172-31-95-246 NetworkManager[542]: <info>  [1524080914.1374] manager: Networking is enabled by state file
Apr 18 19:48:34 ip-172-31-95-246 NetworkManager[542]: <info>  [1524080914.1377] dhcp-init: Using DHCP client 'dhclient'
Apr 18 19:48:34 ip-172-31-95-246 NetworkManager[542]: <info>  [1524080914.1386] Loaded device plugin: NMBondDeviceFactory (internal)
Apr 18 19:48:34 ip-172-31-95-246 NetworkManager[542]: <info>  [1524080914.1386] Loaded device plugin: NMBridgeDeviceFactory (internal)
Apr 18 19:48:34 ip-172-31-95-246 NetworkManager[542]: <info>  [1524080914.1386] Loaded device plugin: NMDummyDeviceFactory (internal)
Apr 18 19:48:34 ip-172-31-95-246 NetworkManager[542]: <info>  [1524080914.1387] Loaded device plugin: NMEthernetDeviceFactory (internal)
Apr 18 19:48:34 ip-172-31-95-246 NetworkManager[542]: <info>  [1524080914.1387] Loaded device plugin: NMInfinibandDeviceFactory (internal)
Apr 18 19:48:34 ip-172-31-95-246 NetworkManager[542]: <info>  [1524080914.1387] Loaded device plugin: NMIPTunnelDeviceFactory (internal)
Apr 18 19:48:34 ip-172-31-95-246 NetworkManager[542]: <info>  [1524080914.1387] Loaded device plugin: NMMacsecDeviceFactory (internal)
Apr 18 19:48:34 ip-172-31-95-246 NetworkManager[542]: <info>  [1524080914.1387] Loaded device plugin: NMMacvlanDeviceFactory (internal)
Apr 18 19:48:34 ip-172-31-95-246 NetworkManager[542]: <info>  [1524080914.1387] Loaded device plugin: NMPppDeviceFactory (internal)
Apr 18 19:48:34 ip-172-31-95-246 NetworkManager[542]: <info>  [1524080914.1387] Loaded device plugin: NMTunDeviceFactory (internal)
Apr 18 19:48:34 ip-172-31-95-246 NetworkManager[542]: <info>  [1524080914.1387] Loaded device plugin: NMVethDeviceFactory (internal)
Apr 18 19:48:34 ip-172-31-95-246 NetworkManager[542]: <info>  [1524080914.1388] Loaded device plugin: NMVlanDeviceFactory (internal)
Apr 18 19:48:34 ip-172-31-95-246 NetworkManager[542]: <info>  [1524080914.1388] Loaded device plugin: NMVxlanDeviceFactory (internal)
Apr 18 19:48:34 ip-172-31-95-246 nm-dispatcher: req:1 'hostname': new request (4 scripts)
Apr 18 19:48:34 ip-172-31-95-246 nm-dispatcher: req:1 'hostname': start running ordered scripts...
Apr 18 19:48:34 ip-172-31-95-246 NetworkManager[542]: <info>  [1524080914.1447] Loaded device plugin: NMTeamFactory (/usr/lib64/NetworkManager/libnm-device-plugin-team.so)
Apr 18 19:48:34 ip-172-31-95-246 NetworkManager[542]: <info>  [1524080914.1479] device (lo): carrier: link connected
Apr 18 19:48:34 ip-172-31-95-246 NetworkManager[542]: <info>  [1524080914.1495] manager: (lo): new Generic device (/org/freedesktop/NetworkManager/Devices/1)
Apr 18 19:48:34 ip-172-31-95-246 NetworkManager[542]: <info>  [1524080914.1536] manager: (eth0): new Ethernet device (/org/freedesktop/NetworkManager/Devices/2)
Apr 18 19:48:34 ip-172-31-95-246 NetworkManager[542]: <info>  [1524080914.1569] device (eth0): state change: unmanaged -> unavailable (reason 'managed', sys-iface-state: 'external')
Apr 18 19:48:34 ip-172-31-95-246 NetworkManager[542]: <info>  [1524080914.1617] device (eth0): carrier: link connected
Apr 18 19:48:34 ip-172-31-95-246 kernel: IPv6: ADDRCONF(NETDEV_UP): eth0: link is not ready
Apr 18 19:48:34 ip-172-31-95-246 NetworkManager[542]: <info>  [1524080914.1899] device (eth0): state change: unavailable -> disconnected (reason 'none', sys-iface-state: 'managed')
Apr 18 19:48:34 ip-172-31-95-246 NetworkManager[542]: <info>  [1524080914.1932] policy: auto-activating connection 'System eth0'
Apr 18 19:48:34 ip-172-31-95-246 NetworkManager[542]: <info>  [1524080914.1959] device (eth0): Activation: starting connection 'System eth0' (5fb06bd0-0bb0-7ffb-45f1-d6edd65f3e03)
Apr 18 19:48:34 ip-172-31-95-246 NetworkManager[542]: <info>  [1524080914.1967] device (eth0): state change: disconnected -> prepare (reason 'none', sys-iface-state: 'managed')
Apr 18 19:48:34 ip-172-31-95-246 NetworkManager[542]: <info>  [1524080914.1975] manager: NetworkManager state is now CONNECTING
Apr 18 19:48:34 ip-172-31-95-246 NetworkManager[542]: <info>  [1524080914.1993] device (eth0): state change: prepare -> config (reason 'none', sys-iface-state: 'managed')
Apr 18 19:48:34 ip-172-31-95-246 NetworkManager[542]: <info>  [1524080914.2005] device (eth0): state change: config -> ip-config (reason 'none', sys-iface-state: 'managed')
Apr 18 19:48:34 ip-172-31-95-246 NetworkManager[542]: <info>  [1524080914.2023] dhcp4 (eth0): activation: beginning transaction (timeout in 45 seconds)
Apr 18 19:48:34 ip-172-31-95-246 NetworkManager[542]: <info>  [1524080914.2107] dhcp4 (eth0): dhclient started with pid 560
Apr 18 19:48:34 ip-172-31-95-246 dhclient[560]: DHCPDISCOVER on eth0 to 255.255.255.255 port 67 interval 5 (xid=0x49016a6d)
Apr 18 19:48:34 ip-172-31-95-246 dhclient[560]: DHCPREQUEST on eth0 to 255.255.255.255 port 67 (xid=0x49016a6d)
Apr 18 19:48:34 ip-172-31-95-246 dhclient[560]: DHCPOFFER from 172.31.80.1
Apr 18 19:48:34 ip-172-31-95-246 dhclient[560]: DHCPACK from 172.31.80.1 (xid=0x49016a6d)
Apr 18 19:48:34 ip-172-31-95-246 NetworkManager[542]: <info>  [1524080914.2652] dhcp4 (eth0):   address 172.31.95.246
Apr 18 19:48:34 ip-172-31-95-246 NetworkManager[542]: <info>  [1524080914.2652] dhcp4 (eth0):   plen 20 (255.255.240.0)
Apr 18 19:48:34 ip-172-31-95-246 NetworkManager[542]: <info>  [1524080914.2652] dhcp4 (eth0):   gateway 172.31.80.1
Apr 18 19:48:34 ip-172-31-95-246 NetworkManager[542]: <info>  [1524080914.2652] dhcp4 (eth0):   lease time 3600
Apr 18 19:48:34 ip-172-31-95-246 NetworkManager[542]: <info>  [1524080914.2652] dhcp4 (eth0):   hostname 'ip-172-31-95-246'
Apr 18 19:48:34 ip-172-31-95-246 NetworkManager[542]: <info>  [1524080914.2652] dhcp4 (eth0):   nameserver '172.31.0.2'
Apr 18 19:48:34 ip-172-31-95-246 NetworkManager[542]: <info>  [1524080914.2652] dhcp4 (eth0):   domain name 'ec2.internal'
Apr 18 19:48:34 ip-172-31-95-246 NetworkManager[542]: <info>  [1524080914.2653] dhcp4 (eth0): state changed unknown -> bound
Apr 18 19:48:34 ip-172-31-95-246 NetworkManager[542]: <info>  [1524080914.2683] device (eth0): state change: ip-config -> ip-check (reason 'none', sys-iface-state: 'managed')
Apr 18 19:48:34 ip-172-31-95-246 NetworkManager[542]: <info>  [1524080914.2720] device (eth0): state change: ip-check -> secondaries (reason 'none', sys-iface-state: 'managed')
Apr 18 19:48:34 ip-172-31-95-246 NetworkManager[542]: <info>  [1524080914.2731] device (eth0): state change: secondaries -> activated (reason 'none', sys-iface-state: 'managed')
Apr 18 19:48:34 ip-172-31-95-246 NetworkManager[542]: <info>  [1524080914.2738] manager: NetworkManager state is now CONNECTED_LOCAL
Apr 18 19:48:34 ip-172-31-95-246 NetworkManager[542]: <info>  [1524080914.2746] manager: NetworkManager state is now CONNECTED_SITE
Apr 18 19:48:34 ip-172-31-95-246 NetworkManager[542]: <info>  [1524080914.2753] policy: set 'System eth0' (eth0) as default for IPv4 routing and DNS
Apr 18 19:48:34 ip-172-31-95-246 NetworkManager[542]: <info>  [1524080914.2754] policy: set-hostname: set hostname to 'ip-172-31-95-246' (from DHCPv4)
Apr 18 19:48:34 ip-172-31-95-246 systemd-hostnamed: Changed host name to 'ip-172-31-95-246'
Apr 18 19:48:34 ip-172-31-95-246 dhclient[560]: bound to 172.31.95.246 -- renewal in 1369 seconds.
Apr 18 19:48:34 ip-172-31-95-246 NetworkManager[542]: <info>  [1524080914.2820] device (eth0): Activation: successful, device activated.
Apr 18 19:48:34 ip-172-31-95-246 nm-dispatcher: req:2 'up' [eth0]: new request (4 scripts)
Apr 18 19:48:34 ip-172-31-95-246 nm-dispatcher: req:2 'up' [eth0]: start running ordered scripts...
Apr 18 19:48:34 ip-172-31-95-246 NetworkManager[542]: <info>  [1524080914.2840] manager: startup complete
Apr 18 19:48:34 ip-172-31-95-246 NetworkManager[542]: <info>  [1524080914.2872] manager: NetworkManager state is now CONNECTED_GLOBAL
Apr 18 19:48:34 ip-172-31-95-246 nm-dispatcher: req:3 'hostname': new request (4 scripts)
Apr 18 19:48:34 ip-172-31-95-246 nm-dispatcher: req:4 'connectivity-change': new request (4 scripts)
Apr 18 19:48:34 ip-172-31-95-246 systemd: Started Network Manager Wait Online.
Apr 18 19:48:34 ip-172-31-95-246 systemd: Starting LSB: Bring up/down networking...
Apr 18 19:48:34 ip-172-31-95-246 nm-dispatcher: req:3 'hostname': start running ordered scripts...
Apr 18 19:48:34 ip-172-31-95-246 nm-dispatcher: req:4 'connectivity-change': start running ordered scripts...
Apr 18 19:48:34 ip-172-31-95-246 network: Bringing up loopback interface:  [  OK  ]
Apr 18 19:48:34 ip-172-31-95-246 network: Bringing up interface eth0:  [  OK  ]
Apr 18 19:48:34 ip-172-31-95-246 systemd: Started LSB: Bring up/down networking.
Apr 18 19:48:34 ip-172-31-95-246 systemd: Starting Initial cloud-init job (metadata service crawler)...
Apr 18 19:48:34 ip-172-31-95-246 systemd: Reached target Network.
Apr 18 19:48:34 ip-172-31-95-246 systemd: Starting Network.
Apr 18 19:48:34 ip-172-31-95-246 systemd: Starting Postfix Mail Transport Agent...
Apr 18 19:48:34 ip-172-31-95-246 systemd: Starting Dynamic System Tuning Daemon...
Apr 18 19:48:35 ip-172-31-95-246 cloud-init: Cloud-init v. 0.7.9 running 'init' at Wed, 18 Apr 2018 19:48:35 +0000. Up 8.24 seconds.
Apr 18 19:48:35 ip-172-31-95-246 cloud-init: ci-info: +++++++++++++++++++++++++++++++Net device info+++++++++++++++++++++++++++++++
Apr 18 19:48:35 ip-172-31-95-246 cloud-init: ci-info: +--------+------+---------------+---------------+-------+-------------------+
Apr 18 19:48:35 ip-172-31-95-246 cloud-init: ci-info: | Device |  Up  |    Address    |      Mask     | Scope |     Hw-Address    |
Apr 18 19:48:35 ip-172-31-95-246 cloud-init: ci-info: +--------+------+---------------+---------------+-------+-------------------+
Apr 18 19:48:35 ip-172-31-95-246 cloud-init: ci-info: |  lo:   | True |   127.0.0.1   |   255.0.0.0   |   .   |         .         |
Apr 18 19:48:35 ip-172-31-95-246 cloud-init: ci-info: |  lo:   | True |       .       |       .       |   d   |         .         |
Apr 18 19:48:35 ip-172-31-95-246 cloud-init: ci-info: | eth0:  | True | 172.31.95.246 | 255.255.240.0 |   .   | 12:8a:ce:d0:08:20 |
Apr 18 19:48:35 ip-172-31-95-246 cloud-init: ci-info: | eth0:  | True |       .       |       .       |   d   | 12:8a:ce:d0:08:20 |
Apr 18 19:48:35 ip-172-31-95-246 cloud-init: ci-info: +--------+------+---------------+---------------+-------+-------------------+
Apr 18 19:48:35 ip-172-31-95-246 cloud-init: ci-info: +++++++++++++++++++++++++++++Route IPv4 info+++++++++++++++++++++++++++++
Apr 18 19:48:35 ip-172-31-95-246 cloud-init: ci-info: +-------+-------------+-------------+---------------+-----------+-------+
Apr 18 19:48:35 ip-172-31-95-246 cloud-init: ci-info: | Route | Destination |   Gateway   |    Genmask    | Interface | Flags |
Apr 18 19:48:35 ip-172-31-95-246 cloud-init: ci-info: +-------+-------------+-------------+---------------+-----------+-------+
Apr 18 19:48:35 ip-172-31-95-246 cloud-init: ci-info: |   0   |   0.0.0.0   | 172.31.80.1 |    0.0.0.0    |    eth0   |   UG  |
Apr 18 19:48:35 ip-172-31-95-246 cloud-init: ci-info: |   1   | 172.31.80.0 |   0.0.0.0   | 255.255.240.0 |    eth0   |   U   |
Apr 18 19:48:35 ip-172-31-95-246 cloud-init: ci-info: +-------+-------------+-------------+---------------+-----------+-------+
Apr 18 19:48:35 ip-172-31-95-246 kernel: ISOFS: Unable to identify CD-ROM format.
Apr 18 19:48:35 ip-172-31-95-246 systemd: Started Dynamic System Tuning Daemon.
Apr 18 19:48:35 ip-172-31-95-246 systemd: Started Postfix Mail Transport Agent.
Apr 18 19:48:35 ip-172-31-95-246 systemd-udevd: Network interface NamePolicy= disabled on kernel command line, ignoring.
Apr 18 19:48:37 ip-172-31-95-246 systemd-hostnamed: Changed static host name to 'ip-172-31-95-246.ec2.internal'
Apr 18 19:48:37 ip-172-31-95-246 NetworkManager[542]: <info>  [1524080917.1980] hostname: hostname changed from "localhost.localdomain" to "ip-172-31-95-246.ec2.internal"
Apr 18 19:48:37 ip-172-31-95-246 nm-dispatcher: req:5 'hostname': new request (4 scripts)
Apr 18 19:48:37 ip-172-31-95-246 nm-dispatcher: req:5 'hostname': start running ordered scripts...
Apr 18 19:48:37 ip-172-31-95-246 NetworkManager[542]: <info>  [1524080917.2010] policy: set-hostname: set hostname to 'ip-172-31-95-246.ec2.internal' (from system configuration)
Apr 18 19:48:37 ip-172-31-95-246 systemd-hostnamed: Changed host name to 'ip-172-31-95-246.ec2.internal'
Apr 18 19:48:37 ip-172-31-95-246 nm-dispatcher: req:6 'hostname': new request (4 scripts)
Apr 18 19:48:37 ip-172-31-95-246 nm-dispatcher: req:6 'hostname': start running ordered scripts...
Apr 18 19:48:37 ip-172-31-95-246 systemd: Started Initial cloud-init job (metadata service crawler).
Apr 18 19:48:37 ip-172-31-95-246 systemd: Starting OpenSSH Server Key Generation...
Apr 18 19:48:37 ip-172-31-95-246 systemd: Reached target Network is Online.
Apr 18 19:48:37 ip-172-31-95-246 systemd: Starting Network is Online.
Apr 18 19:48:37 ip-172-31-95-246 systemd: Starting System Logging Service...
Apr 18 19:48:37 ip-172-31-95-246 systemd: Starting Crash recovery kernel arming...
Apr 18 19:48:37 ip-172-31-95-246 systemd: Starting SYSV: Firstboot runs the first time a cloud instance is booted after installation.  It checks for the existance of an /etc/sysconfig/rh-cloud-firstboot file.  If the file exists and contains RUN_FIRSTBOOT=NO, firstboot will not run.  Otherwise rh-cloud-firstboot will be run....
Apr 18 19:48:37 ip-172-31-95-246 systemd: Starting Permit User Sessions...
Apr 18 19:48:37 ip-172-31-95-246 systemd: Reached target Cloud-config availability.
Apr 18 19:48:37 ip-172-31-95-246 systemd: Starting Cloud-config availability.
Apr 18 19:48:37 ip-172-31-95-246 systemd: Starting Apply the settings specified in cloud-config...
Apr 18 19:48:37 ip-172-31-95-246 systemd: Started Permit User Sessions.
Apr 18 19:48:37 ip-172-31-95-246 systemd: Started Getty on tty1.
Apr 18 19:48:37 ip-172-31-95-246 systemd: Starting Getty on tty1...
Apr 18 19:48:37 ip-172-31-95-246 systemd: Started Command Scheduler.
Apr 18 19:48:37 ip-172-31-95-246 systemd: Starting Command Scheduler...
Apr 18 19:48:37 ip-172-31-95-246 systemd: Started Serial Getty on ttyS0.
Apr 18 19:48:37 ip-172-31-95-246 systemd: Starting Serial Getty on ttyS0...
Apr 18 19:48:37 ip-172-31-95-246 systemd: Reached target Login Prompts.
Apr 18 19:48:37 ip-172-31-95-246 systemd: Starting Login Prompts.
Apr 18 19:48:37 ip-172-31-95-246 rsyslogd: [origin software="rsyslogd" swVersion="8.24.0" x-pid="1173" x-info="http://www.rsyslog.com"] start
Apr 18 19:48:37 ip-172-31-95-246 systemd: Started System Logging Service.
Apr 18 19:48:37 ip-172-31-95-246 kdumpctl: No memory reserved for crash kernel
Apr 18 19:48:37 ip-172-31-95-246 kdumpctl: Starting kdump: [FAILED]
Apr 18 19:48:37 ip-172-31-95-246 systemd: kdump.service: main process exited, code=exited, status=1/FAILURE
Apr 18 19:48:37 ip-172-31-95-246 systemd: Failed to start Crash recovery kernel arming.
Apr 18 19:48:37 ip-172-31-95-246 systemd: Unit kdump.service entered failed state.
Apr 18 19:48:37 ip-172-31-95-246 systemd: kdump.service failed.
Apr 18 19:48:38 ip-172-31-95-246 cloud-init: Cloud-init v. 0.7.9 running 'modules:config' at Wed, 18 Apr 2018 19:48:38 +0000. Up 11.11 seconds.
Apr 18 19:48:38 ip-172-31-95-246 rh-cloud-firstboot: [  OK  ]
Apr 18 19:48:38 ip-172-31-95-246 sshd-keygen: Generating SSH2 RSA host key: [  OK  ]
Apr 18 19:48:38 ip-172-31-95-246 systemd: Reloading.
Apr 18 19:48:38 ip-172-31-95-246 sshd-keygen: Generating SSH2 ECDSA host key: [  OK  ]
Apr 18 19:48:38 ip-172-31-95-246 systemd: Starting LSB: Starts the Spacewalk Daemon...
Apr 18 19:48:38 ip-172-31-95-246 systemd: Starting LSB: Initializes the correct repo depending on the region....
Apr 18 19:48:38 ip-172-31-95-246 systemd: Started SYSV: Firstboot runs the first time a cloud instance is booted after installation.  It checks for the existance of an /etc/sysconfig/rh-cloud-firstboot file.  If the file exists and contains RUN_FIRSTBOOT=NO, firstboot will not run.  Otherwise rh-cloud-firstboot will be run..
Apr 18 19:48:38 ip-172-31-95-246 sshd-keygen: Generating SSH2 ED25519 host key: [  OK  ]
Apr 18 19:48:38 ip-172-31-95-246 systemd: Started OpenSSH Server Key Generation.
Apr 18 19:48:38 ip-172-31-95-246 systemd: Starting OpenSSH server daemon...
Apr 18 19:48:38 ip-172-31-95-246 systemd: Stopping OpenSSH Server Key Generation...
Apr 18 19:48:38 ip-172-31-95-246 systemd: Starting OpenSSH server daemon...
Apr 18 19:48:38 ip-172-31-95-246 choose_repo: [INFO:choose_repo] choose_repo:39 2018-04-18 19:48:38,544: Zone [us-east-1b]
Apr 18 19:48:38 ip-172-31-95-246 choose_repo: [INFO:choose_repo] choose_repo:67 2018-04-18 19:48:38,547: Enabling binary repos in redhat-rhui.repo
Apr 18 19:48:38 ip-172-31-95-246 choose_repo: [INFO:choose_repo] choose_repo:86 2018-04-18 19:48:38,551: Enabling load balancer plugin
Apr 18 19:48:38 ip-172-31-95-246 choose_repo: [INFO:choose_repo] choose_repo:88 2018-04-18 19:48:38,552: Executing [sed -i 's/enabled=0/enabled=1/' /etc/yum/pluginconf.d/rhui-lb.conf]
Apr 18 19:48:38 ip-172-31-95-246 systemd: Started OpenSSH server daemon.
Apr 18 19:48:38 ip-172-31-95-246 choose_repo: [INFO:choose_repo] choose_repo:92 2018-04-18 19:48:38,584: Setting region in load balancer config
Apr 18 19:48:38 ip-172-31-95-246 choose_repo: [INFO:choose_repo] choose_repo:94 2018-04-18 19:48:38,584: Executing [sed -i 's/REGION/us-east-1/' /etc/yum.repos.d/rhui-load-balancers.conf]
Apr 18 19:48:38 ip-172-31-95-246 rhnsd: Starting Spacewalk Daemon: [  OK  ]
Apr 18 19:48:38 ip-172-31-95-246 choose_repo: [INFO:choose_repo] choose_repo:98 2018-04-18 19:48:38,605: Enabling client config repo
Apr 18 19:48:38 ip-172-31-95-246 choose_repo: [INFO:choose_repo] choose_repo:101 2018-04-18 19:48:38,605: Executing [sed -i 's/enabled=0/enabled=1/' /etc/yum.repos.d/redhat-rhui-client-config.repo]
Apr 18 19:48:38 ip-172-31-95-246 systemd: PID file /var/run/rhnsd.pid not readable (yet?) after start.
Apr 18 19:48:38 ip-172-31-95-246 rhnsd[1263]: Spacewalk Services Daemon starting up, check in interval 240 minutes.
Apr 18 19:48:38 ip-172-31-95-246 systemd: Started LSB: Starts the Spacewalk Daemon.
Apr 18 19:48:38 ip-172-31-95-246 systemd: Started Apply the settings specified in cloud-config.
Apr 18 19:48:38 ip-172-31-95-246 systemd: Starting Execute cloud user/final scripts...
Apr 18 19:48:38 ip-172-31-95-246 systemd: Started LSB: Initializes the correct repo depending on the region..
Apr 18 19:48:38 ip-172-31-95-246 cloud-init: Cloud-init v. 0.7.9 running 'modules:final' at Wed, 18 Apr 2018 19:48:38 +0000. Up 11.85 seconds.
Apr 18 19:48:38 ip-172-31-95-246 ec2: 
Apr 18 19:48:38 ip-172-31-95-246 ec2: #############################################################
Apr 18 19:48:38 ip-172-31-95-246 ec2: -----BEGIN SSH HOST KEY FINGERPRINTS-----
Apr 18 19:48:38 ip-172-31-95-246 ec2: 256 SHA256:Z2bbat4jDWO3rWTAAFMcz6HtuWXxygyfTFp+tUuTz0Q no comment (ECDSA)
Apr 18 19:48:38 ip-172-31-95-246 ec2: 256 SHA256:7g02i73i61/ARHqkcfndK0Yv1xoUWn5FBfRvDUJf8oU no comment (ED25519)
Apr 18 19:48:38 ip-172-31-95-246 ec2: 2048 SHA256:Ypklb/FyvCaPxMxvNnz5anPD0xN99xPev8LnuwvbjNw no comment (RSA)
Apr 18 19:48:38 ip-172-31-95-246 ec2: -----END SSH HOST KEY FINGERPRINTS-----
Apr 18 19:48:38 ip-172-31-95-246 ec2: #############################################################
Apr 18 19:48:38 ip-172-31-95-246 cloud-init: Cloud-init v. 0.7.9 finished at Wed, 18 Apr 2018 19:48:38 +0000. Datasource DataSourceEc2.  Up 11.98 seconds
Apr 18 19:48:39 ip-172-31-95-246 systemd: Started Execute cloud user/final scripts.
Apr 18 19:48:39 ip-172-31-95-246 systemd: Reached target Multi-User System.
Apr 18 19:48:39 ip-172-31-95-246 systemd: Starting Multi-User System.
Apr 18 19:48:39 ip-172-31-95-246 systemd: Starting Update UTMP about System Runlevel Changes...
Apr 18 19:48:39 ip-172-31-95-246 systemd: Started Update UTMP about System Runlevel Changes.
Apr 18 19:48:39 ip-172-31-95-246 systemd: Startup finished in 1.553s (kernel) + 2.421s (initrd) + 8.060s (userspace) = 12.034s.
Apr 18 19:48:40 ip-172-31-95-246 chronyd[447]: Selected source 104.131.155.175
Apr 18 19:49:34 ip-172-31-95-246 systemd: Created slice User Slice of ec2-user.
Apr 18 19:49:34 ip-172-31-95-246 systemd: Starting User Slice of ec2-user.
Apr 18 19:49:34 ip-172-31-95-246 systemd: Started Session 1 of user ec2-user.
Apr 18 19:49:34 ip-172-31-95-246 systemd-logind: New session 1 of user ec2-user.
Apr 18 19:49:34 ip-172-31-95-246 systemd: Starting Session 1 of user ec2-user.
Apr 18 19:50:10 ip-172-31-95-246 yum[1314]: Updated: selinux-policy-3.13.1-192.el7_5.3.noarch
Apr 18 19:50:10 ip-172-31-95-246 yum[1314]: Updated: subscription-manager-rhsm-certificates-1.20.11-1.el7_5.x86_64
Apr 18 19:50:10 ip-172-31-95-246 yum[1314]: Updated: subscription-manager-rhsm-1.20.11-1.el7_5.x86_64
Apr 18 19:50:10 ip-172-31-95-246 dbus[445]: [system] Reloaded configuration
Apr 18 19:50:11 ip-172-31-95-246 dbus[445]: [system] Reloaded configuration
Apr 18 19:50:11 ip-172-31-95-246 dbus[445]: [system] Reloaded configuration
Apr 18 19:50:11 ip-172-31-95-246 yum[1314]: Updated: subscription-manager-1.20.11-1.el7_5.x86_64
Apr 18 19:50:23 ip-172-31-95-246 dbus[445]: [system] Reloaded configuration
Apr 18 19:50:23 ip-172-31-95-246 yum[1314]: Updated: selinux-policy-targeted-3.13.1-192.el7_5.3.noarch
Apr 18 19:50:24 ip-172-31-95-246 yum[1314]: Updated: tzdata-2018d-1.el7.noarch
Apr 18 19:50:24 ip-172-31-95-246 yum[1314]: Updated: krb5-libs-1.15.1-19.el7.x86_64
Apr 18 19:50:25 ip-172-31-95-246 systemd: Reloading.
Apr 18 20:31:27 ip-172-31-94-65 kernel: Initializing cgroup subsys cpuset
Apr 18 20:31:27 ip-172-31-94-65 kernel: Initializing cgroup subsys cpu
Apr 18 20:31:27 ip-172-31-94-65 kernel: Initializing cgroup subsys cpuacct
Apr 18 20:31:27 ip-172-31-94-65 kernel: Linux version 3.10.0-862.el7.x86_64 (mockbuild@x86-034.build.eng.bos.redhat.com) (gcc version 4.8.5 20150623 (Red Hat 4.8.5-28) (GCC) ) #1 SMP Wed Mar 21 18:14:51 EDT 2018
Apr 18 20:31:27 ip-172-31-94-65 kernel: Command line: BOOT_IMAGE=/boot/vmlinuz-3.10.0-862.el7.x86_64 root=UUID=50a9826b-3a50-44d0-ad12-28f2056e9927 ro console=ttyS0,115200n8 console=tty0 net.ifnames=0 crashkernel=auto LANG=en_US.UTF-8
Apr 18 20:31:27 ip-172-31-94-65 kernel: e820: BIOS-provided physical RAM map:
Apr 18 20:31:27 ip-172-31-94-65 kernel: BIOS-e820: [mem 0x0000000000000000-0x000000000009dfff] usable
Apr 18 20:31:27 ip-172-31-94-65 kernel: BIOS-e820: [mem 0x000000000009e000-0x000000000009ffff] reserved
Apr 18 20:31:27 ip-172-31-94-65 kernel: BIOS-e820: [mem 0x00000000000e0000-0x00000000000fffff] reserved
Apr 18 20:31:27 ip-172-31-94-65 kernel: BIOS-e820: [mem 0x0000000000100000-0x000000003fffffff] usable
Apr 18 20:31:27 ip-172-31-94-65 kernel: BIOS-e820: [mem 0x00000000fc000000-0x00000000ffffffff] reserved
Apr 18 20:31:27 ip-172-31-94-65 kernel: NX (Execute Disable) protection: active
Apr 18 20:31:27 ip-172-31-94-65 kernel: SMBIOS 2.7 present.
Apr 18 20:31:27 ip-172-31-94-65 kernel: Hypervisor detected: Xen HVM
Apr 18 20:31:27 ip-172-31-94-65 kernel: Xen version 4.2.
Apr 18 20:31:27 ip-172-31-94-65 kernel: Netfront and the Xen platform PCI driver have been compiled for this kernel: unplug emulated NICs.
Apr 18 20:31:27 ip-172-31-94-65 kernel: Blkfront and the Xen platform PCI driver have been compiled for this kernel: unplug emulated disks.#012You might have to change the root device#012from /dev/hd[a-d] to /dev/xvd[a-d]#012in your root= kernel command line option
Apr 18 20:31:27 ip-172-31-94-65 kernel: e820: last_pfn = 0x40000 max_arch_pfn = 0x400000000
Apr 18 20:31:27 ip-172-31-94-65 kernel: PAT configuration [0-7]: WB  WC  UC- UC  WB  WP  UC- UC  
Apr 18 20:31:27 ip-172-31-94-65 kernel: found SMP MP-table at [mem 0x000fbc20-0x000fbc2f] mapped at [ffffffffff200c20]
Apr 18 20:31:27 ip-172-31-94-65 kernel: RAMDISK: [mem 0x32fcd000-0x357defff]
Apr 18 20:31:27 ip-172-31-94-65 kernel: Early table checksum verification disabled
Apr 18 20:31:27 ip-172-31-94-65 kernel: ACPI: RSDP 00000000000ea020 00024 (v02    Xen)
Apr 18 20:31:27 ip-172-31-94-65 kernel: ACPI: XSDT 00000000fc00ddc0 00054 (v01    Xen      HVM 00000000 HVML 00000000)
Apr 18 20:31:27 ip-172-31-94-65 kernel: ACPI: FACP 00000000fc00da80 000F4 (v04    Xen      HVM 00000000 HVML 00000000)
Apr 18 20:31:27 ip-172-31-94-65 kernel: ACPI: DSDT 00000000fc001ce0 0BD19 (v02    Xen      HVM 00000000 INTL 20090123)
Apr 18 20:31:27 ip-172-31-94-65 kernel: ACPI: FACS 00000000fc001ca0 00040
Apr 18 20:31:27 ip-172-31-94-65 kernel: ACPI: APIC 00000000fc00db80 000D8 (v02    Xen      HVM 00000000 HVML 00000000)
Apr 18 20:31:27 ip-172-31-94-65 kernel: ACPI: HPET 00000000fc00dcd0 00038 (v01    Xen      HVM 00000000 HVML 00000000)
Apr 18 20:31:27 ip-172-31-94-65 kernel: ACPI: WAET 00000000fc00dd10 00028 (v01    Xen      HVM 00000000 HVML 00000000)
Apr 18 20:31:27 ip-172-31-94-65 kernel: ACPI: SSDT 00000000fc00dd40 00031 (v02    Xen      HVM 00000000 INTL 20090123)
Apr 18 20:31:27 ip-172-31-94-65 kernel: ACPI: SSDT 00000000fc00dd80 00031 (v02    Xen      HVM 00000000 INTL 20090123)
Apr 18 20:31:27 ip-172-31-94-65 kernel: No NUMA configuration found
Apr 18 20:31:27 ip-172-31-94-65 kernel: Faking a node at [mem 0x0000000000000000-0x000000003fffffff]
Apr 18 20:31:27 ip-172-31-94-65 kernel: NODE_DATA(0) allocated [mem 0x3ffd9000-0x3fffffff]
Apr 18 20:31:27 ip-172-31-94-65 kernel: crashkernel=auto resulted in zero bytes of reserved memory.
Apr 18 20:31:27 ip-172-31-94-65 kernel: Zone ranges:
Apr 18 20:31:27 ip-172-31-94-65 kernel:  DMA      [mem 0x00001000-0x00ffffff]
Apr 18 20:31:27 ip-172-31-94-65 kernel:  DMA32    [mem 0x01000000-0xffffffff]
Apr 18 20:31:27 ip-172-31-94-65 kernel:  Normal   empty
Apr 18 20:31:27 ip-172-31-94-65 kernel: Movable zone start for each node
Apr 18 20:31:27 ip-172-31-94-65 kernel: Early memory node ranges
Apr 18 20:31:27 ip-172-31-94-65 kernel:  node   0: [mem 0x00001000-0x0009dfff]
Apr 18 20:31:27 ip-172-31-94-65 kernel:  node   0: [mem 0x00100000-0x3fffffff]
Apr 18 20:31:27 ip-172-31-94-65 kernel: Initmem setup node 0 [mem 0x00001000-0x3fffffff]
Apr 18 20:31:27 ip-172-31-94-65 kernel: ACPI: PM-Timer IO Port: 0xb008
Apr 18 20:31:27 ip-172-31-94-65 kernel: ACPI: LAPIC (acpi_id[0x00] lapic_id[0x00] enabled)
Apr 18 20:31:27 ip-172-31-94-65 kernel: ACPI: LAPIC (acpi_id[0x01] lapic_id[0x00] disabled)
Apr 18 20:31:27 ip-172-31-94-65 kernel: ACPI: LAPIC (acpi_id[0x02] lapic_id[0x00] disabled)
Apr 18 20:31:27 ip-172-31-94-65 kernel: ACPI: LAPIC (acpi_id[0x03] lapic_id[0x00] disabled)
Apr 18 20:31:27 ip-172-31-94-65 kernel: ACPI: LAPIC (acpi_id[0x04] lapic_id[0x00] disabled)
Apr 18 20:31:27 ip-172-31-94-65 kernel: ACPI: LAPIC (acpi_id[0x05] lapic_id[0x00] disabled)
Apr 18 20:31:27 ip-172-31-94-65 kernel: ACPI: LAPIC (acpi_id[0x06] lapic_id[0x00] disabled)
Apr 18 20:31:27 ip-172-31-94-65 kernel: ACPI: LAPIC (acpi_id[0x07] lapic_id[0x00] disabled)
Apr 18 20:31:27 ip-172-31-94-65 kernel: ACPI: LAPIC (acpi_id[0x08] lapic_id[0x00] disabled)
Apr 18 20:31:27 ip-172-31-94-65 kernel: ACPI: LAPIC (acpi_id[0x09] lapic_id[0x00] disabled)
Apr 18 20:31:27 ip-172-31-94-65 kernel: ACPI: LAPIC (acpi_id[0x0a] lapic_id[0x00] disabled)
Apr 18 20:31:27 ip-172-31-94-65 kernel: ACPI: LAPIC (acpi_id[0x0b] lapic_id[0x00] disabled)
Apr 18 20:31:27 ip-172-31-94-65 kernel: ACPI: LAPIC (acpi_id[0x0c] lapic_id[0x00] disabled)
Apr 18 20:31:27 ip-172-31-94-65 kernel: ACPI: LAPIC (acpi_id[0x0d] lapic_id[0x00] disabled)
Apr 18 20:31:27 ip-172-31-94-65 kernel: ACPI: LAPIC (acpi_id[0x0e] lapic_id[0x00] disabled)
Apr 18 20:31:27 ip-172-31-94-65 kernel: ACPI: IOAPIC (id[0x01] address[0xfec00000] gsi_base[0])
Apr 18 20:31:27 ip-172-31-94-65 kernel: IOAPIC[0]: apic_id 1, version 17, address 0xfec00000, GSI 0-47
Apr 18 20:31:27 ip-172-31-94-65 kernel: ACPI: INT_SRC_OVR (bus 0 bus_irq 0 global_irq 2 dfl dfl)
Apr 18 20:31:27 ip-172-31-94-65 kernel: ACPI: INT_SRC_OVR (bus 0 bus_irq 5 global_irq 5 low level)
Apr 18 20:31:27 ip-172-31-94-65 kernel: ACPI: INT_SRC_OVR (bus 0 bus_irq 10 global_irq 10 low level)
Apr 18 20:31:27 ip-172-31-94-65 kernel: ACPI: INT_SRC_OVR (bus 0 bus_irq 11 global_irq 11 low level)
Apr 18 20:31:27 ip-172-31-94-65 kernel: Using ACPI (MADT) for SMP configuration information
Apr 18 20:31:27 ip-172-31-94-65 kernel: ACPI: HPET id: 0x8086a201 base: 0xfed00000
Apr 18 20:31:27 ip-172-31-94-65 kernel: smpboot: Allowing 15 CPUs, 14 hotplug CPUs
Apr 18 20:31:27 ip-172-31-94-65 kernel: PM: Registered nosave memory: [mem 0x0009e000-0x0009ffff]
Apr 18 20:31:27 ip-172-31-94-65 kernel: PM: Registered nosave memory: [mem 0x000a0000-0x000dffff]
Apr 18 20:31:27 ip-172-31-94-65 kernel: PM: Registered nosave memory: [mem 0x000e0000-0x000fffff]
Apr 18 20:31:27 ip-172-31-94-65 kernel: e820: [mem 0x40000000-0xfbffffff] available for PCI devices
Apr 18 20:31:27 ip-172-31-94-65 kernel: Booting paravirtualized kernel on Xen HVM
Apr 18 20:31:27 ip-172-31-94-65 kernel: setup_percpu: NR_CPUS:5120 nr_cpumask_bits:15 nr_cpu_ids:15 nr_node_ids:1
Apr 18 20:31:27 ip-172-31-94-65 kernel: PERCPU: Embedded 35 pages/cpu @ffff96e03e200000 s104856 r8192 d30312 u262144
Apr 18 20:31:27 ip-172-31-94-65 kernel: PV qspinlock hash table entries: 256 (order: 0, 4096 bytes)
Apr 18 20:31:27 ip-172-31-94-65 kernel: Built 1 zonelists in Node order, mobility grouping on.  Total pages: 257928
Apr 18 20:31:27 ip-172-31-94-65 kernel: Policy zone: DMA32
Apr 18 20:31:27 ip-172-31-94-65 kernel: Kernel command line: BOOT_IMAGE=/boot/vmlinuz-3.10.0-862.el7.x86_64 root=UUID=50a9826b-3a50-44d0-ad12-28f2056e9927 ro console=ttyS0,115200n8 console=tty0 net.ifnames=0 crashkernel=auto LANG=en_US.UTF-8
Apr 18 20:31:27 ip-172-31-94-65 kernel: PID hash table entries: 4096 (order: 3, 32768 bytes)
Apr 18 20:31:27 ip-172-31-94-65 kernel: x86/fpu: xstate_offset[2]: 0240, xstate_sizes[2]: 0100
Apr 18 20:31:27 ip-172-31-94-65 kernel: xsave: enabled xstate_bv 0x7, cntxt size 0x340 using standard form
Apr 18 20:31:27 ip-172-31-94-65 kernel: Memory: 969496k/1048576k available (7324k kernel code, 396k absent, 78684k reserved, 6305k data, 1832k init)
Apr 18 20:31:27 ip-172-31-94-65 kernel: SLUB: HWalign=64, Order=0-3, MinObjects=0, CPUs=15, Nodes=1
Apr 18 20:31:27 ip-172-31-94-65 kernel: x86/pti: Unmapping kernel while in userspace
Apr 18 20:31:27 ip-172-31-94-65 kernel: Hierarchical RCU implementation.
Apr 18 20:31:27 ip-172-31-94-65 kernel: #011RCU restricting CPUs from NR_CPUS=5120 to nr_cpu_ids=15.
Apr 18 20:31:27 ip-172-31-94-65 kernel: NR_IRQS:327936 nr_irqs:952 0
Apr 18 20:31:27 ip-172-31-94-65 kernel: xen:events: Xen HVM callback vector for event delivery is enabled
Apr 18 20:31:27 ip-172-31-94-65 kernel: Console: colour VGA+ 80x25
Apr 18 20:31:27 ip-172-31-94-65 kernel: console [tty0] enabled
Apr 18 20:31:27 ip-172-31-94-65 kernel: Cannot get hvm parameter CONSOLE_EVTCHN (18): -22!
Apr 18 20:31:27 ip-172-31-94-65 kernel: console [ttyS0] enabled
Apr 18 20:31:27 ip-172-31-94-65 kernel: allocated 4194304 bytes of page_cgroup
Apr 18 20:31:27 ip-172-31-94-65 kernel: please try 'cgroup_disable=memory' option if you don't want memory cgroups
Apr 18 20:31:27 ip-172-31-94-65 kernel: tsc: Fast TSC calibration using PIT
Apr 18 20:31:27 ip-172-31-94-65 kernel: tsc: Detected 2400.035 MHz processor
Apr 18 20:31:27 ip-172-31-94-65 kernel: Calibrating delay loop (skipped), value calculated using timer frequency.. 4800.10 BogoMIPS (lpj=2400050)
Apr 18 20:31:27 ip-172-31-94-65 kernel: pid_max: default: 32768 minimum: 301
Apr 18 20:31:27 ip-172-31-94-65 kernel: Security Framework initialized
Apr 18 20:31:27 ip-172-31-94-65 kernel: SELinux:  Initializing.
Apr 18 20:31:27 ip-172-31-94-65 kernel: Yama: becoming mindful.
Apr 18 20:31:27 ip-172-31-94-65 kernel: Dentry cache hash table entries: 131072 (order: 8, 1048576 bytes)
Apr 18 20:31:27 ip-172-31-94-65 kernel: Inode-cache hash table entries: 65536 (order: 7, 524288 bytes)
Apr 18 20:31:27 ip-172-31-94-65 kernel: Mount-cache hash table entries: 2048 (order: 2, 16384 bytes)
Apr 18 20:31:27 ip-172-31-94-65 kernel: Mountpoint-cache hash table entries: 2048 (order: 2, 16384 bytes)
Apr 18 20:31:27 ip-172-31-94-65 kernel: Initializing cgroup subsys memory
Apr 18 20:31:27 ip-172-31-94-65 kernel: Initializing cgroup subsys devices
Apr 18 20:31:27 ip-172-31-94-65 kernel: Initializing cgroup subsys freezer
Apr 18 20:31:27 ip-172-31-94-65 kernel: Initializing cgroup subsys net_cls
Apr 18 20:31:27 ip-172-31-94-65 kernel: Initializing cgroup subsys blkio
Apr 18 20:31:27 ip-172-31-94-65 kernel: Initializing cgroup subsys perf_event
Apr 18 20:31:27 ip-172-31-94-65 kernel: Initializing cgroup subsys hugetlb
Apr 18 20:31:27 ip-172-31-94-65 kernel: Initializing cgroup subsys pids
Apr 18 20:31:27 ip-172-31-94-65 kernel: Initializing cgroup subsys net_prio
Apr 18 20:31:27 ip-172-31-94-65 kernel: CPU: Physical Processor ID: 0
Apr 18 20:31:27 ip-172-31-94-65 kernel: mce: CPU supports 2 MCE banks
Apr 18 20:31:27 ip-172-31-94-65 kernel: Last level iTLB entries: 4KB 0, 2MB 0, 4MB 0
Apr 18 20:31:27 ip-172-31-94-65 kernel: Last level dTLB entries: 4KB 64, 2MB 0, 4MB 0
Apr 18 20:31:27 ip-172-31-94-65 kernel: tlb_flushall_shift: 6
Apr 18 20:31:27 ip-172-31-94-65 kernel: FEATURE SPEC_CTRL Not Present
Apr 18 20:31:27 ip-172-31-94-65 kernel: FEATURE IBPB_SUPPORT Not Present
Apr 18 20:31:27 ip-172-31-94-65 kernel: Spectre V2 : Vulnerable: Retpoline without IBPB
Apr 18 20:31:27 ip-172-31-94-65 kernel: ACPI: Core revision 20130517
Apr 18 20:31:27 ip-172-31-94-65 kernel: ACPI: All ACPI Tables successfully acquired
Apr 18 20:31:27 ip-172-31-94-65 kernel: ftrace: allocating 28047 entries in 110 pages
Apr 18 20:31:27 ip-172-31-94-65 kernel: IRQ remapping doesn't support X2APIC mode, disable x2apic.
Apr 18 20:31:27 ip-172-31-94-65 kernel: Switched APIC routing to physical flat.
Apr 18 20:31:27 ip-172-31-94-65 kernel: ..TIMER: vector=0x30 apic1=0 pin1=2 apic2=0 pin2=0
Apr 18 20:31:27 ip-172-31-94-65 kernel: smpboot: CPU0: Intel(R) Xeon(R) CPU E5-2676 v3 @ 2.40GHz (fam: 06, model: 3f, stepping: 02)
Apr 18 20:31:27 ip-172-31-94-65 kernel: installing Xen timer for CPU 0
Apr 18 20:31:27 ip-172-31-94-65 kernel: cpu 0 spinlock event irq 53
Apr 18 20:31:27 ip-172-31-94-65 kernel: Performance Events: unsupported p6 CPU model 63 no PMU driver, software events only.
Apr 18 20:31:27 ip-172-31-94-65 kernel: random: fast init done
Apr 18 20:31:27 ip-172-31-94-65 kernel: Brought up 1 CPUs
Apr 18 20:31:27 ip-172-31-94-65 kernel: smpboot: Max logical packages: 15
Apr 18 20:31:27 ip-172-31-94-65 kernel: smpboot: Total of 1 processors activated (4800.10 BogoMIPS)
Apr 18 20:31:27 ip-172-31-94-65 kernel: NMI watchdog: disabled (cpu0): hardware events not enabled
Apr 18 20:31:27 ip-172-31-94-65 kernel: NMI watchdog: Shutting down hard lockup detector on all cpus
Apr 18 20:31:27 ip-172-31-94-65 kernel: devtmpfs: initialized
Apr 18 20:31:27 ip-172-31-94-65 kernel: EVM: security.selinux
Apr 18 20:31:27 ip-172-31-94-65 kernel: EVM: security.ima
Apr 18 20:31:27 ip-172-31-94-65 kernel: EVM: security.capability
Apr 18 20:31:27 ip-172-31-94-65 kernel: atomic64 test passed for x86-64 platform with CX8 and with SSE
Apr 18 20:31:27 ip-172-31-94-65 kernel: pinctrl core: initialized pinctrl subsystem
Apr 18 20:31:27 ip-172-31-94-65 kernel: RTC time: 20:31:26, date: 04/18/18
Apr 18 20:31:27 ip-172-31-94-65 kernel: NET: Registered protocol family 16
Apr 18 20:31:27 ip-172-31-94-65 kernel: ACPI: bus type PCI registered
Apr 18 20:31:27 ip-172-31-94-65 kernel: acpiphp: ACPI Hot Plug PCI Controller Driver version: 0.5
Apr 18 20:31:27 ip-172-31-94-65 kernel: PCI: Using configuration type 1 for base access
Apr 18 20:31:27 ip-172-31-94-65 kernel: ACPI: Added _OSI(Module Device)
Apr 18 20:31:27 ip-172-31-94-65 kernel: ACPI: Added _OSI(Processor Device)
Apr 18 20:31:27 ip-172-31-94-65 kernel: ACPI: Added _OSI(3.0 _SCP Extensions)
Apr 18 20:31:27 ip-172-31-94-65 kernel: ACPI: Added _OSI(Processor Aggregator Device)
Apr 18 20:31:27 ip-172-31-94-65 kernel: ACPI: Interpreter enabled
Apr 18 20:31:27 ip-172-31-94-65 kernel: ACPI: (supports S0 S3 S4 S5)
Apr 18 20:31:27 ip-172-31-94-65 kernel: ACPI: Using IOAPIC for interrupt routing
Apr 18 20:31:27 ip-172-31-94-65 kernel: PCI: Using host bridge windows from ACPI; if necessary, use "pci=nocrs" and report a bug
Apr 18 20:31:27 ip-172-31-94-65 kernel: ACPI: Enabled 2 GPEs in block 00 to 0F
Apr 18 20:31:27 ip-172-31-94-65 kernel: ACPI: PCI Root Bridge [PCI0] (domain 0000 [bus 00-ff])
Apr 18 20:31:27 ip-172-31-94-65 kernel: acpi PNP0A03:00: _OSC: OS supports [ASPM ClockPM Segments MSI]
Apr 18 20:31:27 ip-172-31-94-65 kernel: acpi PNP0A03:00: _OSC failed (AE_NOT_FOUND); disabling ASPM
Apr 18 20:31:27 ip-172-31-94-65 kernel: acpi PNP0A03:00: fail to add MMCONFIG information, can't access extended PCI configuration space under this bridge.
Apr 18 20:31:27 ip-172-31-94-65 kernel: acpiphp: Slot [0] registered
Apr 18 20:31:27 ip-172-31-94-65 kernel: acpiphp: Slot [3] registered
Apr 18 20:31:27 ip-172-31-94-65 kernel: acpiphp: Slot [4] registered
Apr 18 20:31:27 ip-172-31-94-65 kernel: acpiphp: Slot [5] registered
Apr 18 20:31:27 ip-172-31-94-65 kernel: acpiphp: Slot [6] registered
Apr 18 20:31:27 ip-172-31-94-65 kernel: acpiphp: Slot [7] registered
Apr 18 20:31:27 ip-172-31-94-65 kernel: acpiphp: Slot [8] registered
Apr 18 20:31:27 ip-172-31-94-65 kernel: acpiphp: Slot [9] registered
Apr 18 20:31:27 ip-172-31-94-65 kernel: acpiphp: Slot [10] registered
Apr 18 20:31:27 ip-172-31-94-65 kernel: acpiphp: Slot [11] registered
Apr 18 20:31:27 ip-172-31-94-65 kernel: acpiphp: Slot [12] registered
Apr 18 20:31:27 ip-172-31-94-65 kernel: acpiphp: Slot [13] registered
Apr 18 20:31:27 ip-172-31-94-65 kernel: acpiphp: Slot [14] registered
Apr 18 20:31:27 ip-172-31-94-65 kernel: acpiphp: Slot [15] registered
Apr 18 20:31:27 ip-172-31-94-65 kernel: acpiphp: Slot [16] registered
Apr 18 20:31:27 ip-172-31-94-65 kernel: acpiphp: Slot [17] registered
Apr 18 20:31:27 ip-172-31-94-65 kernel: acpiphp: Slot [18] registered
Apr 18 20:31:27 ip-172-31-94-65 kernel: acpiphp: Slot [19] registered
Apr 18 20:31:27 ip-172-31-94-65 kernel: acpiphp: Slot [20] registered
Apr 18 20:31:27 ip-172-31-94-65 kernel: acpiphp: Slot [21] registered
Apr 18 20:31:27 ip-172-31-94-65 kernel: acpiphp: Slot [22] registered
Apr 18 20:31:27 ip-172-31-94-65 kernel: acpiphp: Slot [23] registered
Apr 18 20:31:27 ip-172-31-94-65 kernel: acpiphp: Slot [24] registered
Apr 18 20:31:27 ip-172-31-94-65 kernel: acpiphp: Slot [25] registered
Apr 18 20:31:27 ip-172-31-94-65 kernel: acpiphp: Slot [26] registered
Apr 18 20:31:27 ip-172-31-94-65 kernel: acpiphp: Slot [27] registered
Apr 18 20:31:27 ip-172-31-94-65 kernel: acpiphp: Slot [28] registered
Apr 18 20:31:27 ip-172-31-94-65 kernel: acpiphp: Slot [29] registered
Apr 18 20:31:27 ip-172-31-94-65 kernel: acpiphp: Slot [30] registered
Apr 18 20:31:27 ip-172-31-94-65 kernel: acpiphp: Slot [31] registered
Apr 18 20:31:27 ip-172-31-94-65 kernel: PCI host bridge to bus 0000:00
Apr 18 20:31:27 ip-172-31-94-65 kernel: pci_bus 0000:00: root bus resource [bus 00-ff]
Apr 18 20:31:27 ip-172-31-94-65 kernel: pci_bus 0000:00: root bus resource [io  0x0000-0x0cf7 window]
Apr 18 20:31:27 ip-172-31-94-65 kernel: pci_bus 0000:00: root bus resource [io  0x0d00-0xffff window]
Apr 18 20:31:27 ip-172-31-94-65 kernel: pci_bus 0000:00: root bus resource [mem 0x000a0000-0x000bffff window]
Apr 18 20:31:27 ip-172-31-94-65 kernel: pci_bus 0000:00: root bus resource [mem 0xf0000000-0xfbffffff window]
Apr 18 20:31:27 ip-172-31-94-65 kernel: pci 0000:00:01.1: legacy IDE quirk: reg 0x10: [io  0x01f0-0x01f7]
Apr 18 20:31:27 ip-172-31-94-65 kernel: pci 0000:00:01.1: legacy IDE quirk: reg 0x14: [io  0x03f6]
Apr 18 20:31:27 ip-172-31-94-65 kernel: pci 0000:00:01.1: legacy IDE quirk: reg 0x18: [io  0x0170-0x0177]
Apr 18 20:31:27 ip-172-31-94-65 kernel: pci 0000:00:01.1: legacy IDE quirk: reg 0x1c: [io  0x0376]
Apr 18 20:31:27 ip-172-31-94-65 kernel: * Found PM-Timer Bug on the chipset. Due to workarounds for a bug,#012* this clock source is slow. Consider trying other clock sources
Apr 18 20:31:27 ip-172-31-94-65 kernel: pci 0000:00:01.3: quirk: [io  0xb000-0xb03f] claimed by PIIX4 ACPI
Apr 18 20:31:27 ip-172-31-94-65 kernel: ACPI: PCI Interrupt Link [LNKA] (IRQs *5 10 11)
Apr 18 20:31:27 ip-172-31-94-65 kernel: ACPI: PCI Interrupt Link [LNKB] (IRQs 5 *10 11)
Apr 18 20:31:27 ip-172-31-94-65 kernel: ACPI: PCI Interrupt Link [LNKC] (IRQs 5 10 *11)
Apr 18 20:31:27 ip-172-31-94-65 kernel: ACPI: PCI Interrupt Link [LNKD] (IRQs *5 10 11)
Apr 18 20:31:27 ip-172-31-94-65 kernel: xen:balloon: Initialising balloon driver
Apr 18 20:31:27 ip-172-31-94-65 kernel: vgaarb: device added: PCI:0000:00:02.0,decodes=io+mem,owns=io+mem,locks=none
Apr 18 20:31:27 ip-172-31-94-65 kernel: vgaarb: loaded
Apr 18 20:31:27 ip-172-31-94-65 kernel: vgaarb: bridge control possible 0000:00:02.0
Apr 18 20:31:27 ip-172-31-94-65 kernel: SCSI subsystem initialized
Apr 18 20:31:27 ip-172-31-94-65 kernel: ACPI: bus type USB registered
Apr 18 20:31:27 ip-172-31-94-65 kernel: usbcore: registered new interface driver usbfs
Apr 18 20:31:27 ip-172-31-94-65 kernel: usbcore: registered new interface driver hub
Apr 18 20:31:27 ip-172-31-94-65 kernel: usbcore: registered new device driver usb
Apr 18 20:31:27 ip-172-31-94-65 kernel: EDAC MC: Ver: 3.0.0
Apr 18 20:31:27 ip-172-31-94-65 kernel: PCI: Using ACPI for IRQ routing
Apr 18 20:31:27 ip-172-31-94-65 kernel: NetLabel: Initializing
Apr 18 20:31:27 ip-172-31-94-65 kernel: NetLabel:  domain hash size = 128
Apr 18 20:31:27 ip-172-31-94-65 kernel: NetLabel:  protocols = UNLABELED CIPSOv4
Apr 18 20:31:27 ip-172-31-94-65 kernel: NetLabel:  unlabeled traffic allowed by default
Apr 18 20:31:27 ip-172-31-94-65 kernel: HPET: 3 timers in total, 0 timers will be used for per-cpu timer
Apr 18 20:31:27 ip-172-31-94-65 kernel: hpet0: at MMIO 0xfed00000, IRQs 2, 8, 0
Apr 18 20:31:27 ip-172-31-94-65 kernel: hpet0: 3 comparators, 64-bit 62.500000 MHz counter
Apr 18 20:31:27 ip-172-31-94-65 kernel: amd_nb: Cannot enumerate AMD northbridges
Apr 18 20:31:27 ip-172-31-94-65 kernel: Switched to clocksource xen
Apr 18 20:31:27 ip-172-31-94-65 kernel: pnp: PnP ACPI init
Apr 18 20:31:27 ip-172-31-94-65 kernel: ACPI: bus type PNP registered
Apr 18 20:31:27 ip-172-31-94-65 kernel: system 00:00: [mem 0x00000000-0x0009ffff] could not be reserved
